TRACE::2026-01-28.00:22:31::SCWPlatform::Trying to open the hw design at C:/Users/Usuario/workspace/design_1_wrapper_12/hw/design_1_wrapper.xsa
TRACE::2026-01-28.00:22:31::SCWPlatform::DSA given C:/Users/Usuario/workspace/design_1_wrapper_12/hw/design_1_wrapper.xsa
TRACE::2026-01-28.00:22:31::SCWPlatform::DSA absoulate path C:/Users/Usuario/workspace/design_1_wrapper_12/hw/design_1_wrapper.xsa
TRACE::2026-01-28.00:22:31::SCWPlatform::DSA directory C:/Users/Usuario/workspace/design_1_wrapper_12/hw
TRACE::2026-01-28.00:22:31::SCWPlatform:: Platform Path C:/Users/Usuario/workspace/design_1_wrapper_12/hw/design_1_wrapper.xsa
TRACE::2026-01-28.00:22:31::SCWPlatform:: Unique name xilinx:basys3::0.0
TRACE::2026-01-28.00:22:31::SCWPlatform::Do not have an existing db opened. 
TRACE::2026-01-28.00:22:32::SCWPlatform::Opened new HwDB with name design_1_wrapper_0
TRACE::2026-01-28.00:22:32::SCWWriter::formatted JSON is {
	"platformName":	"design_1_wrapper_12",
	"sprVersion":	"2.0",
	"mode":	"gui",
	"dsaType":	"Fixed",
	"platformDesc":	"design_1_wrapper_12",
	"platHandOff":	"C:/Users/Usuario/Desktop/Uni/Semestre 7/SE/SE-FinalProject/FinalProyect/design_1_wrapper.xsa",
	"platIntHandOff":	"<platformDir>/hw/design_1_wrapper.xsa",
	"deviceType":	"FPGA",
	"platIsPrebuiltAutogen":	"false",
	"platIsNoBootBsp":	"false",
	"hasFsblMakeHasChanges":	"false",
	"hasPmufwMakeHasChanges":	"false",
	"platPreBuiltFlag":	false,
	"platformSamplesDir":	""
}
TRACE::2026-01-28.00:22:32::SCWWriter::formatted JSON is {
	"platformName":	"design_1_wrapper_12",
	"sprVersion":	"2.0",
	"mode":	"gui",
	"dsaType":	"Fixed",
	"platformDesc":	"design_1_wrapper_12",
	"platHandOff":	"C:/Users/Usuario/Desktop/Uni/Semestre 7/SE/SE-FinalProject/FinalProyect/design_1_wrapper.xsa",
	"platIntHandOff":	"<platformDir>/hw/design_1_wrapper.xsa",
	"deviceType":	"FPGA",
	"platIsPrebuiltAutogen":	"false",
	"platIsNoBootBsp":	"false",
	"hasFsblMakeHasChanges":	"false",
	"hasPmufwMakeHasChanges":	"false",
	"platPreBuiltFlag":	false,
	"platformSamplesDir":	"",
	"platActiveSys":	"design_1_wrapper_12",
	"systems":	[{
			"systemName":	"design_1_wrapper_12",
			"systemDesc":	"design_1_wrapper_12",
			"sysIsBootAutoGen":	"true",
			"systemDispName":	"design_1_wrapper_12"
		}]
}
TRACE::2026-01-28.00:22:32::SCWPlatform::Boot application domains not present, creating them
TRACE::2026-01-28.00:22:32::SCWPlatform::Pure FPGA device, no boot application will be created.
TRACE::2026-01-28.00:22:32::SCWWriter::formatted JSON is {
	"platformName":	"design_1_wrapper_12",
	"sprVersion":	"2.0",
	"mode":	"gui",
	"dsaType":	"Fixed",
	"platformDesc":	"design_1_wrapper_12",
	"platHandOff":	"C:/Users/Usuario/Desktop/Uni/Semestre 7/SE/SE-FinalProject/FinalProyect/design_1_wrapper.xsa",
	"platIntHandOff":	"<platformDir>/hw/design_1_wrapper.xsa",
	"deviceType":	"FPGA",
	"platIsPrebuiltAutogen":	"false",
	"platIsNoBootBsp":	"false",
	"hasFsblMakeHasChanges":	"false",
	"hasPmufwMakeHasChanges":	"false",
	"platPreBuiltFlag":	false,
	"platformSamplesDir":	"",
	"platActiveSys":	"design_1_wrapper_12",
	"systems":	[{
			"systemName":	"design_1_wrapper_12",
			"systemDesc":	"design_1_wrapper_12",
			"sysIsBootAutoGen":	"true",
			"systemDispName":	"design_1_wrapper_12"
		}]
}
TRACE::2026-01-28.00:22:32::SCWWriter::formatted JSON is {
	"platformName":	"design_1_wrapper_12",
	"sprVersion":	"2.0",
	"mode":	"gui",
	"dsaType":	"Fixed",
	"platformDesc":	"design_1_wrapper_12",
	"platHandOff":	"C:/Users/Usuario/Desktop/Uni/Semestre 7/SE/SE-FinalProject/FinalProyect/design_1_wrapper.xsa",
	"platIntHandOff":	"<platformDir>/hw/design_1_wrapper.xsa",
	"deviceType":	"FPGA",
	"platIsPrebuiltAutogen":	"false",
	"platIsNoBootBsp":	"false",
	"hasFsblMakeHasChanges":	"false",
	"hasPmufwMakeHasChanges":	"false",
	"platPreBuiltFlag":	false,
	"platformSamplesDir":	"",
	"platActiveSys":	"design_1_wrapper_12",
	"systems":	[{
			"systemName":	"design_1_wrapper_12",
			"systemDesc":	"design_1_wrapper_12",
			"sysIsBootAutoGen":	"true",
			"systemDispName":	"design_1_wrapper_12"
		}]
}
TRACE::2026-01-28.00:22:32::SCWPlatform::Trying to open the hw design at C:/Users/Usuario/workspace/design_1_wrapper_12/hw/design_1_wrapper.xsa
TRACE::2026-01-28.00:22:32::SCWPlatform::DSA given C:/Users/Usuario/workspace/design_1_wrapper_12/hw/design_1_wrapper.xsa
TRACE::2026-01-28.00:22:32::SCWPlatform::DSA absoulate path C:/Users/Usuario/workspace/design_1_wrapper_12/hw/design_1_wrapper.xsa
TRACE::2026-01-28.00:22:32::SCWPlatform::DSA directory C:/Users/Usuario/workspace/design_1_wrapper_12/hw
TRACE::2026-01-28.00:22:32::SCWPlatform:: Platform Path C:/Users/Usuario/workspace/design_1_wrapper_12/hw/design_1_wrapper.xsa
TRACE::2026-01-28.00:22:32::SCWPlatform:: Unique name xilinx:basys3::0.0
TRACE::2026-01-28.00:22:32::SCWPlatform::Trying to set the existing hwdb with name design_1_wrapper_0
TRACE::2026-01-28.00:22:32::SCWPlatform::Opened existing hwdb design_1_wrapper_0
TRACE::2026-01-28.00:22:32::SCWPlatform::Found the Hw Db part of the input DSA
TRACE::2026-01-28.00:22:32::SCWPlatform::Trying to open the hw design at C:/Users/Usuario/workspace/design_1_wrapper_12/hw/design_1_wrapper.xsa
TRACE::2026-01-28.00:22:32::SCWPlatform::DSA given C:/Users/Usuario/workspace/design_1_wrapper_12/hw/design_1_wrapper.xsa
TRACE::2026-01-28.00:22:32::SCWPlatform::DSA absoulate path C:/Users/Usuario/workspace/design_1_wrapper_12/hw/design_1_wrapper.xsa
TRACE::2026-01-28.00:22:32::SCWPlatform::DSA directory C:/Users/Usuario/workspace/design_1_wrapper_12/hw
TRACE::2026-01-28.00:22:32::SCWPlatform:: Platform Path C:/Users/Usuario/workspace/design_1_wrapper_12/hw/design_1_wrapper.xsa
TRACE::2026-01-28.00:22:32::SCWPlatform:: Unique name xilinx:basys3::0.0
TRACE::2026-01-28.00:22:32::SCWPlatform::Trying to set the existing hwdb with name design_1_wrapper_0
TRACE::2026-01-28.00:22:32::SCWPlatform::Opened existing hwdb design_1_wrapper_0
TRACE::2026-01-28.00:22:32::SCWPlatform::Found the Hw Db part of the input DSA
TRACE::2026-01-28.00:22:33::SCWDomain::checking for install qemu data   : 
TRACE::2026-01-28.00:22:33::SCWPlatform::Trying to open the hw design at C:/Users/Usuario/workspace/design_1_wrapper_12/hw/design_1_wrapper.xsa
TRACE::2026-01-28.00:22:33::SCWPlatform::DSA given C:/Users/Usuario/workspace/design_1_wrapper_12/hw/design_1_wrapper.xsa
TRACE::2026-01-28.00:22:33::SCWPlatform::DSA absoulate path C:/Users/Usuario/workspace/design_1_wrapper_12/hw/design_1_wrapper.xsa
TRACE::2026-01-28.00:22:33::SCWPlatform::DSA directory C:/Users/Usuario/workspace/design_1_wrapper_12/hw
TRACE::2026-01-28.00:22:33::SCWPlatform:: Platform Path C:/Users/Usuario/workspace/design_1_wrapper_12/hw/design_1_wrapper.xsa
TRACE::2026-01-28.00:22:33::SCWPlatform:: Unique name xilinx:basys3::0.0
TRACE::2026-01-28.00:22:33::SCWPlatform::Trying to set the existing hwdb with name design_1_wrapper_0
TRACE::2026-01-28.00:22:33::SCWPlatform::Opened existing hwdb design_1_wrapper_0
TRACE::2026-01-28.00:22:33::SCWPlatform::Found the Hw Db part of the input DSA
TRACE::2026-01-28.00:22:33::SCWPlatform::Trying to open the hw design at C:/Users/Usuario/workspace/design_1_wrapper_12/hw/design_1_wrapper.xsa
TRACE::2026-01-28.00:22:33::SCWPlatform::DSA given C:/Users/Usuario/workspace/design_1_wrapper_12/hw/design_1_wrapper.xsa
TRACE::2026-01-28.00:22:33::SCWPlatform::DSA absoulate path C:/Users/Usuario/workspace/design_1_wrapper_12/hw/design_1_wrapper.xsa
TRACE::2026-01-28.00:22:33::SCWPlatform::DSA directory C:/Users/Usuario/workspace/design_1_wrapper_12/hw
TRACE::2026-01-28.00:22:33::SCWPlatform:: Platform Path C:/Users/Usuario/workspace/design_1_wrapper_12/hw/design_1_wrapper.xsa
TRACE::2026-01-28.00:22:33::SCWPlatform:: Unique name xilinx:basys3::0.0
TRACE::2026-01-28.00:22:33::SCWPlatform::Trying to set the existing hwdb with name design_1_wrapper_0
TRACE::2026-01-28.00:22:33::SCWPlatform::Opened existing hwdb design_1_wrapper_0
TRACE::2026-01-28.00:22:33::SCWPlatform::Found the Hw Db part of the input DSA
TRACE::2026-01-28.00:22:33::SCWPlatform::Trying to open the hw design at C:/Users/Usuario/workspace/design_1_wrapper_12/hw/design_1_wrapper.xsa
TRACE::2026-01-28.00:22:33::SCWPlatform::DSA given C:/Users/Usuario/workspace/design_1_wrapper_12/hw/design_1_wrapper.xsa
TRACE::2026-01-28.00:22:33::SCWPlatform::DSA absoulate path C:/Users/Usuario/workspace/design_1_wrapper_12/hw/design_1_wrapper.xsa
TRACE::2026-01-28.00:22:33::SCWPlatform::DSA directory C:/Users/Usuario/workspace/design_1_wrapper_12/hw
TRACE::2026-01-28.00:22:33::SCWPlatform:: Platform Path C:/Users/Usuario/workspace/design_1_wrapper_12/hw/design_1_wrapper.xsa
TRACE::2026-01-28.00:22:33::SCWPlatform:: Unique name xilinx:basys3::0.0
TRACE::2026-01-28.00:22:33::SCWPlatform::Trying to set the existing hwdb with name design_1_wrapper_0
TRACE::2026-01-28.00:22:33::SCWPlatform::Opened existing hwdb design_1_wrapper_0
TRACE::2026-01-28.00:22:33::SCWPlatform::Found the Hw Db part of the input DSA
TRACE::2026-01-28.00:22:33::SCWMssOS::Checking the sw design at  C:/Users/Usuario/workspace/design_1_wrapper_12/microblaze_0/standalone_microblaze_0/bsp/system.mss
TRACE::2026-01-28.00:22:33::SCWMssOS::DEBUG:  swdes dump  
TRACE::2026-01-28.00:22:33::SCWMssOS::No sw design opened at  C:/Users/Usuario/workspace/design_1_wrapper_12/microblaze_0/standalone_microblaze_0/bsp/system.mss
TRACE::2026-01-28.00:22:33::SCWMssOS::mss does not exists at C:/Users/Usuario/workspace/design_1_wrapper_12/microblaze_0/standalone_microblaze_0/bsp/system.mss
TRACE::2026-01-28.00:22:33::SCWMssOS::Creating sw design at  C:/Users/Usuario/workspace/design_1_wrapper_12/microblaze_0/standalone_microblaze_0/bsp/system.mss
TRACE::2026-01-28.00:22:33::SCWMssOS::Adding the swdes entry, created swdb C:/Users/Usuario/workspace/design_1_wrapper_12/microblaze_0/standalone_microblaze_0/bsp/system.mss with des name C:/Users/Usuario/workspace/design_1_wrapper_12/microblaze_0/standalone_microblaze_0/bsp/system.mss
TRACE::2026-01-28.00:22:33::SCWMssOS::updating the scw layer changes to swdes at   C:/Users/Usuario/workspace/design_1_wrapper_12/microblaze_0/standalone_microblaze_0/bsp/system.mss
TRACE::2026-01-28.00:22:33::SCWMssOS::Writing mss at C:/Users/Usuario/workspace/design_1_wrapper_12/microblaze_0/standalone_microblaze_0/bsp/system.mss
TRACE::2026-01-28.00:22:33::SCWMssOS::Completed writing the mss file at C:/Users/Usuario/workspace/design_1_wrapper_12/microblaze_0/standalone_microblaze_0/bsp
TRACE::2026-01-28.00:22:33::SCWMssOS::Picking up changes from newly written mss file into SCW Layer. 
TRACE::2026-01-28.00:22:33::SCWMssOS::Updated the changes from newly written mss file into SCW Layer. 
TRACE::2026-01-28.00:22:33::SCWMssOS::Completed writing the mss file at C:/Users/Usuario/workspace/design_1_wrapper_12/microblaze_0/standalone_microblaze_0/bsp
TRACE::2026-01-28.00:22:33::SCWMssOS::Forcing BSP Sources regeneration.
TRACE::2026-01-28.00:23:05::SCWMssOS::Saving the mss changes C:/Users/Usuario/workspace/design_1_wrapper_12/microblaze_0/standalone_microblaze_0/bsp/system.mss
TRACE::2026-01-28.00:23:05::SCWMssOS::Adding the swdes entry, mss present, able to open swdb C:/Users/Usuario/workspace/design_1_wrapper_12/microblaze_0/standalone_microblaze_0/bsp/system.mss with des name system
TRACE::2026-01-28.00:23:05::SCWMssOS::Writing the mss file completed C:/Users/Usuario/workspace/design_1_wrapper_12/microblaze_0/standalone_microblaze_0/bsp/system.mss
TRACE::2026-01-28.00:23:05::SCWMssOS::Commit changes completed.
TRACE::2026-01-28.00:23:05::SCWPlatform::Trying to open the hw design at C:/Users/Usuario/workspace/design_1_wrapper_12/hw/design_1_wrapper.xsa
TRACE::2026-01-28.00:23:05::SCWPlatform::DSA given C:/Users/Usuario/workspace/design_1_wrapper_12/hw/design_1_wrapper.xsa
TRACE::2026-01-28.00:23:05::SCWPlatform::DSA absoulate path C:/Users/Usuario/workspace/design_1_wrapper_12/hw/design_1_wrapper.xsa
TRACE::2026-01-28.00:23:05::SCWPlatform::DSA directory C:/Users/Usuario/workspace/design_1_wrapper_12/hw
TRACE::2026-01-28.00:23:05::SCWPlatform:: Platform Path C:/Users/Usuario/workspace/design_1_wrapper_12/hw/design_1_wrapper.xsa
TRACE::2026-01-28.00:23:05::SCWPlatform:: Unique name xilinx:basys3::0.0
TRACE::2026-01-28.00:23:05::SCWPlatform::Trying to set the existing hwdb with name design_1_wrapper_0
TRACE::2026-01-28.00:23:05::SCWPlatform::Opened existing hwdb design_1_wrapper_0
TRACE::2026-01-28.00:23:05::SCWPlatform::Found the Hw Db part of the input DSA
TRACE::2026-01-28.00:23:05::SCWMssOS::Checking the sw design at  C:/Users/Usuario/workspace/design_1_wrapper_12/microblaze_0/standalone_microblaze_0/bsp/system.mss
TRACE::2026-01-28.00:23:05::SCWMssOS::DEBUG:  swdes dump  C:/Users/Usuario/workspace/design_1_wrapper_12/microblaze_0/standalone_microblaze_0/bsp/system.mss|system||

TRACE::2026-01-28.00:23:05::SCWMssOS::Sw design exists and opened at  C:/Users/Usuario/workspace/design_1_wrapper_12/microblaze_0/standalone_microblaze_0/bsp/system.mss
TRACE::2026-01-28.00:23:05::SCWPlatform::Trying to open the hw design at C:/Users/Usuario/workspace/design_1_wrapper_12/hw/design_1_wrapper.xsa
TRACE::2026-01-28.00:23:05::SCWPlatform::DSA given C:/Users/Usuario/workspace/design_1_wrapper_12/hw/design_1_wrapper.xsa
TRACE::2026-01-28.00:23:05::SCWPlatform::DSA absoulate path C:/Users/Usuario/workspace/design_1_wrapper_12/hw/design_1_wrapper.xsa
TRACE::2026-01-28.00:23:05::SCWPlatform::DSA directory C:/Users/Usuario/workspace/design_1_wrapper_12/hw
TRACE::2026-01-28.00:23:05::SCWPlatform:: Platform Path C:/Users/Usuario/workspace/design_1_wrapper_12/hw/design_1_wrapper.xsa
TRACE::2026-01-28.00:23:05::SCWPlatform:: Unique name xilinx:basys3::0.0
TRACE::2026-01-28.00:23:05::SCWPlatform::Trying to set the existing hwdb with name design_1_wrapper_0
TRACE::2026-01-28.00:23:05::SCWPlatform::Opened existing hwdb design_1_wrapper_0
TRACE::2026-01-28.00:23:05::SCWPlatform::Found the Hw Db part of the input DSA
TRACE::2026-01-28.00:23:05::SCWMssOS::Checking the sw design at  C:/Users/Usuario/workspace/design_1_wrapper_12/microblaze_0/standalone_microblaze_0/bsp/system.mss
TRACE::2026-01-28.00:23:05::SCWMssOS::DEBUG:  swdes dump  C:/Users/Usuario/workspace/design_1_wrapper_12/microblaze_0/standalone_microblaze_0/bsp/system.mss|system||

TRACE::2026-01-28.00:23:05::SCWMssOS::Sw design exists and opened at  C:/Users/Usuario/workspace/design_1_wrapper_12/microblaze_0/standalone_microblaze_0/bsp/system.mss
TRACE::2026-01-28.00:23:05::SCWPlatform::Trying to open the hw design at C:/Users/Usuario/workspace/design_1_wrapper_12/hw/design_1_wrapper.xsa
TRACE::2026-01-28.00:23:05::SCWPlatform::DSA given C:/Users/Usuario/workspace/design_1_wrapper_12/hw/design_1_wrapper.xsa
TRACE::2026-01-28.00:23:05::SCWPlatform::DSA absoulate path C:/Users/Usuario/workspace/design_1_wrapper_12/hw/design_1_wrapper.xsa
TRACE::2026-01-28.00:23:05::SCWPlatform::DSA directory C:/Users/Usuario/workspace/design_1_wrapper_12/hw
TRACE::2026-01-28.00:23:05::SCWPlatform:: Platform Path C:/Users/Usuario/workspace/design_1_wrapper_12/hw/design_1_wrapper.xsa
TRACE::2026-01-28.00:23:05::SCWPlatform:: Unique name xilinx:basys3::0.0
TRACE::2026-01-28.00:23:05::SCWPlatform::Trying to set the existing hwdb with name design_1_wrapper_0
TRACE::2026-01-28.00:23:05::SCWPlatform::Opened existing hwdb design_1_wrapper_0
TRACE::2026-01-28.00:23:05::SCWPlatform::Found the Hw Db part of the input DSA
TRACE::2026-01-28.00:23:05::SCWMssOS::Checking the sw design at  C:/Users/Usuario/workspace/design_1_wrapper_12/microblaze_0/standalone_microblaze_0/bsp/system.mss
TRACE::2026-01-28.00:23:05::SCWMssOS::DEBUG:  swdes dump  C:/Users/Usuario/workspace/design_1_wrapper_12/microblaze_0/standalone_microblaze_0/bsp/system.mss|system||

TRACE::2026-01-28.00:23:05::SCWMssOS::Sw design exists and opened at  C:/Users/Usuario/workspace/design_1_wrapper_12/microblaze_0/standalone_microblaze_0/bsp/system.mss
TRACE::2026-01-28.00:23:05::SCWWriter::formatted JSON is {
	"platformName":	"design_1_wrapper_12",
	"sprVersion":	"2.0",
	"mode":	"gui",
	"dsaType":	"Fixed",
	"platformDesc":	"design_1_wrapper_12",
	"platHandOff":	"C:/Users/Usuario/Desktop/Uni/Semestre 7/SE/SE-FinalProject/FinalProyect/design_1_wrapper.xsa",
	"platIntHandOff":	"<platformDir>/hw/design_1_wrapper.xsa",
	"deviceType":	"FPGA",
	"platIsPrebuiltAutogen":	"false",
	"platIsNoBootBsp":	"false",
	"hasFsblMakeHasChanges":	"false",
	"hasPmufwMakeHasChanges":	"false",
	"platPreBuiltFlag":	false,
	"platformSamplesDir":	"",
	"platActiveSys":	"design_1_wrapper_12",
	"systems":	[{
			"systemName":	"design_1_wrapper_12",
			"systemDesc":	"design_1_wrapper_12",
			"sysIsBootAutoGen":	"true",
			"systemDispName":	"design_1_wrapper_12",
			"sysActiveDom":	"standalone_microblaze_0",
			"sysDefaultDom":	"standalone_microblaze_0",
			"domains":	[{
					"domainName":	"standalone_microblaze_0",
					"domainDispName":	"standalone_microblaze_0",
					"domainDesc":	"standalone_microblaze_0",
					"processors":	"microblaze_0",
					"os":	"standalone",
					"sdxOs":	"standalone",
					"debugEnable":	"False",
					"domRuntimes":	["cpp"],
					"swRepo":	"",
					"mssOsVer":	"8.1",
					"mssFile":	"",
					"md5Digest":	"50602421d933ca1c641a7019f6187159",
					"compatibleApp":	"peripheral_tests",
					"domType":	"mssDomain",
					"arch":	"32-bit",
					"appSettings":	{
						"appCompilerFlags":	"",
						"appLinkerFlags":	""
					},
					"addedLibs":	[],
					"libOptions":	{
						"libsContainingOptions":	[]
					},
					"prebuiltLibs":	{
						"prebuiltIncPath":	[],
						"prebuiltLibPath":	[]
					},
					"isolation":	{
					}
				}]
		}]
}
LOG::2026-01-28.00:23:05::SCWPlatform::Started generating the artifacts platform design_1_wrapper_12
TRACE::2026-01-28.00:23:05::SCWPlatform::Sanity checking of platform is completed
LOG::2026-01-28.00:23:05::SCWPlatform::Started generating the artifacts for system configuration design_1_wrapper_12
LOG::2026-01-28.00:23:05::SCWSystem::Checking the domain standalone_microblaze_0
LOG::2026-01-28.00:23:05::SCWSystem::Not a boot domain 
LOG::2026-01-28.00:23:05::SCWSystem::Started Processing the domain standalone_microblaze_0
TRACE::2026-01-28.00:23:05::SCWDomain::Generating domain artifcats
TRACE::2026-01-28.00:23:05::SCWMssOS::Generating standalone artifcats
TRACE::2026-01-28.00:23:05::SCWMssOS:: Copying the user libraries. 
TRACE::2026-01-28.00:23:05::SCWPlatform::Trying to open the hw design at C:/Users/Usuario/workspace/design_1_wrapper_12/hw/design_1_wrapper.xsa
TRACE::2026-01-28.00:23:05::SCWPlatform::DSA given C:/Users/Usuario/workspace/design_1_wrapper_12/hw/design_1_wrapper.xsa
TRACE::2026-01-28.00:23:05::SCWPlatform::DSA absoulate path C:/Users/Usuario/workspace/design_1_wrapper_12/hw/design_1_wrapper.xsa
TRACE::2026-01-28.00:23:05::SCWPlatform::DSA directory C:/Users/Usuario/workspace/design_1_wrapper_12/hw
TRACE::2026-01-28.00:23:05::SCWPlatform:: Platform Path C:/Users/Usuario/workspace/design_1_wrapper_12/hw/design_1_wrapper.xsa
TRACE::2026-01-28.00:23:05::SCWPlatform:: Unique name xilinx:basys3::0.0
TRACE::2026-01-28.00:23:05::SCWPlatform::Trying to set the existing hwdb with name design_1_wrapper_0
TRACE::2026-01-28.00:23:05::SCWPlatform::Opened existing hwdb design_1_wrapper_0
TRACE::2026-01-28.00:23:05::SCWPlatform::Found the Hw Db part of the input DSA
TRACE::2026-01-28.00:23:05::SCWMssOS::Checking the sw design at  C:/Users/Usuario/workspace/design_1_wrapper_12/microblaze_0/standalone_microblaze_0/bsp/system.mss
TRACE::2026-01-28.00:23:05::SCWMssOS::DEBUG:  swdes dump  C:/Users/Usuario/workspace/design_1_wrapper_12/microblaze_0/standalone_microblaze_0/bsp/system.mss|system||

TRACE::2026-01-28.00:23:05::SCWMssOS::Sw design exists and opened at  C:/Users/Usuario/workspace/design_1_wrapper_12/microblaze_0/standalone_microblaze_0/bsp/system.mss
TRACE::2026-01-28.00:23:05::SCWMssOS::Completed writing the mss file at C:/Users/Usuario/workspace/design_1_wrapper_12/microblaze_0/standalone_microblaze_0/bsp
TRACE::2026-01-28.00:23:05::SCWMssOS::Mss edits present, copying mssfile into export location C:/Users/Usuario/workspace/design_1_wrapper_12/microblaze_0/standalone_microblaze_0/bsp/system.mss
TRACE::2026-01-28.00:23:05::SCWMssOS::bsp generated is upto date with the mss file. Skipping bsp generation.
TRACE::2026-01-28.00:23:05::SCWMssOS::BSP is already built. skipping the bsp build ... 
TRACE::2026-01-28.00:23:05::SCWDomain::Skipping the build for domain :  standalone_microblaze_0
TRACE::2026-01-28.00:23:05::SCWMssOS::skipping the bsp build ... 
TRACE::2026-01-28.00:23:05::SCWMssOS::Copying to export directory.
TRACE::2026-01-28.00:23:05::SCWMssOS:: Checking if to create the Supporting Applications
TRACE::2026-01-28.00:23:05::SCWMssOS:: No Linux domain exists, trying to generate FSBL 
LOG::2026-01-28.00:23:05::SCWSystem::Completed Processing the domain standalone_microblaze_0
LOG::2026-01-28.00:23:05::SCWSystem::Completed Processing the sysconfig design_1_wrapper_12
LOG::2026-01-28.00:23:05::SCWPlatform::Completed generating the artifacts for system configuration design_1_wrapper_12
TRACE::2026-01-28.00:23:05::SCWPlatform::Started preparing the platform 
TRACE::2026-01-28.00:23:05::SCWSystem::Writing the bif file for system config design_1_wrapper_12
TRACE::2026-01-28.00:23:05::SCWSystem::dir created 
TRACE::2026-01-28.00:23:05::SCWSystem::Writing the bif 
TRACE::2026-01-28.00:23:05::SCWPlatform::Started writing the spfm file 
TRACE::2026-01-28.00:23:05::SCWPlatform::Started writing the xpfm file 
TRACE::2026-01-28.00:23:05::SCWPlatform::Completed generating the platform
TRACE::2026-01-28.00:23:05::SCWMssOS::Saving the mss changes C:/Users/Usuario/workspace/design_1_wrapper_12/microblaze_0/standalone_microblaze_0/bsp/system.mss
TRACE::2026-01-28.00:23:05::SCWMssOS::Found a swdesign opened with the mssfile.
TRACE::2026-01-28.00:23:05::SCWMssOS::Completed writemss as part of save.
TRACE::2026-01-28.00:23:05::SCWMssOS::Commit changes completed.
TRACE::2026-01-28.00:23:05::SCWPlatform::Trying to open the hw design at C:/Users/Usuario/workspace/design_1_wrapper_12/hw/design_1_wrapper.xsa
TRACE::2026-01-28.00:23:05::SCWPlatform::DSA given C:/Users/Usuario/workspace/design_1_wrapper_12/hw/design_1_wrapper.xsa
TRACE::2026-01-28.00:23:05::SCWPlatform::DSA absoulate path C:/Users/Usuario/workspace/design_1_wrapper_12/hw/design_1_wrapper.xsa
TRACE::2026-01-28.00:23:05::SCWPlatform::DSA directory C:/Users/Usuario/workspace/design_1_wrapper_12/hw
TRACE::2026-01-28.00:23:05::SCWPlatform:: Platform Path C:/Users/Usuario/workspace/design_1_wrapper_12/hw/design_1_wrapper.xsa
TRACE::2026-01-28.00:23:05::SCWPlatform:: Unique name xilinx:basys3::0.0
TRACE::2026-01-28.00:23:05::SCWPlatform::Trying to set the existing hwdb with name design_1_wrapper_0
TRACE::2026-01-28.00:23:05::SCWPlatform::Opened existing hwdb design_1_wrapper_0
TRACE::2026-01-28.00:23:05::SCWPlatform::Found the Hw Db part of the input DSA
TRACE::2026-01-28.00:23:05::SCWMssOS::Checking the sw design at  C:/Users/Usuario/workspace/design_1_wrapper_12/microblaze_0/standalone_microblaze_0/bsp/system.mss
TRACE::2026-01-28.00:23:05::SCWMssOS::DEBUG:  swdes dump  C:/Users/Usuario/workspace/design_1_wrapper_12/microblaze_0/standalone_microblaze_0/bsp/system.mss|system||

TRACE::2026-01-28.00:23:05::SCWMssOS::Sw design exists and opened at  C:/Users/Usuario/workspace/design_1_wrapper_12/microblaze_0/standalone_microblaze_0/bsp/system.mss
TRACE::2026-01-28.00:23:05::SCWPlatform::Trying to open the hw design at C:/Users/Usuario/workspace/design_1_wrapper_12/hw/design_1_wrapper.xsa
TRACE::2026-01-28.00:23:05::SCWPlatform::DSA given C:/Users/Usuario/workspace/design_1_wrapper_12/hw/design_1_wrapper.xsa
TRACE::2026-01-28.00:23:05::SCWPlatform::DSA absoulate path C:/Users/Usuario/workspace/design_1_wrapper_12/hw/design_1_wrapper.xsa
TRACE::2026-01-28.00:23:05::SCWPlatform::DSA directory C:/Users/Usuario/workspace/design_1_wrapper_12/hw
TRACE::2026-01-28.00:23:05::SCWPlatform:: Platform Path C:/Users/Usuario/workspace/design_1_wrapper_12/hw/design_1_wrapper.xsa
TRACE::2026-01-28.00:23:05::SCWPlatform:: Unique name xilinx:basys3::0.0
TRACE::2026-01-28.00:23:05::SCWPlatform::Trying to set the existing hwdb with name design_1_wrapper_0
TRACE::2026-01-28.00:23:05::SCWPlatform::Opened existing hwdb design_1_wrapper_0
TRACE::2026-01-28.00:23:05::SCWPlatform::Found the Hw Db part of the input DSA
TRACE::2026-01-28.00:23:05::SCWMssOS::Checking the sw design at  C:/Users/Usuario/workspace/design_1_wrapper_12/microblaze_0/standalone_microblaze_0/bsp/system.mss
TRACE::2026-01-28.00:23:05::SCWMssOS::DEBUG:  swdes dump  C:/Users/Usuario/workspace/design_1_wrapper_12/microblaze_0/standalone_microblaze_0/bsp/system.mss|system||

TRACE::2026-01-28.00:23:05::SCWMssOS::Sw design exists and opened at  C:/Users/Usuario/workspace/design_1_wrapper_12/microblaze_0/standalone_microblaze_0/bsp/system.mss
TRACE::2026-01-28.00:23:05::SCWPlatform::Trying to open the hw design at C:/Users/Usuario/workspace/design_1_wrapper_12/hw/design_1_wrapper.xsa
TRACE::2026-01-28.00:23:05::SCWPlatform::DSA given C:/Users/Usuario/workspace/design_1_wrapper_12/hw/design_1_wrapper.xsa
TRACE::2026-01-28.00:23:05::SCWPlatform::DSA absoulate path C:/Users/Usuario/workspace/design_1_wrapper_12/hw/design_1_wrapper.xsa
TRACE::2026-01-28.00:23:05::SCWPlatform::DSA directory C:/Users/Usuario/workspace/design_1_wrapper_12/hw
TRACE::2026-01-28.00:23:05::SCWPlatform:: Platform Path C:/Users/Usuario/workspace/design_1_wrapper_12/hw/design_1_wrapper.xsa
TRACE::2026-01-28.00:23:05::SCWPlatform:: Unique name xilinx:basys3::0.0
TRACE::2026-01-28.00:23:05::SCWPlatform::Trying to set the existing hwdb with name design_1_wrapper_0
TRACE::2026-01-28.00:23:05::SCWPlatform::Opened existing hwdb design_1_wrapper_0
TRACE::2026-01-28.00:23:05::SCWPlatform::Found the Hw Db part of the input DSA
TRACE::2026-01-28.00:23:05::SCWMssOS::Checking the sw design at  C:/Users/Usuario/workspace/design_1_wrapper_12/microblaze_0/standalone_microblaze_0/bsp/system.mss
TRACE::2026-01-28.00:23:05::SCWMssOS::DEBUG:  swdes dump  C:/Users/Usuario/workspace/design_1_wrapper_12/microblaze_0/standalone_microblaze_0/bsp/system.mss|system||

TRACE::2026-01-28.00:23:05::SCWMssOS::Sw design exists and opened at  C:/Users/Usuario/workspace/design_1_wrapper_12/microblaze_0/standalone_microblaze_0/bsp/system.mss
TRACE::2026-01-28.00:23:05::SCWWriter::formatted JSON is {
	"platformName":	"design_1_wrapper_12",
	"sprVersion":	"2.0",
	"mode":	"gui",
	"dsaType":	"Fixed",
	"platformDesc":	"design_1_wrapper_12",
	"platHandOff":	"C:/Users/Usuario/Desktop/Uni/Semestre 7/SE/SE-FinalProject/FinalProyect/design_1_wrapper.xsa",
	"platIntHandOff":	"<platformDir>/hw/design_1_wrapper.xsa",
	"deviceType":	"FPGA",
	"platIsPrebuiltAutogen":	"false",
	"platIsNoBootBsp":	"false",
	"hasFsblMakeHasChanges":	"false",
	"hasPmufwMakeHasChanges":	"false",
	"platPreBuiltFlag":	false,
	"platformSamplesDir":	"",
	"platActiveSys":	"design_1_wrapper_12",
	"systems":	[{
			"systemName":	"design_1_wrapper_12",
			"systemDesc":	"design_1_wrapper_12",
			"sysIsBootAutoGen":	"true",
			"systemDispName":	"design_1_wrapper_12",
			"sysActiveDom":	"standalone_microblaze_0",
			"sysDefaultDom":	"standalone_microblaze_0",
			"domains":	[{
					"domainName":	"standalone_microblaze_0",
					"domainDispName":	"standalone_microblaze_0",
					"domainDesc":	"standalone_microblaze_0",
					"processors":	"microblaze_0",
					"os":	"standalone",
					"sdxOs":	"standalone",
					"debugEnable":	"False",
					"domRuntimes":	["cpp"],
					"swRepo":	"",
					"mssOsVer":	"8.1",
					"mssFile":	"",
					"md5Digest":	"50602421d933ca1c641a7019f6187159",
					"compatibleApp":	"peripheral_tests",
					"domType":	"mssDomain",
					"arch":	"32-bit",
					"appSettings":	{
						"appCompilerFlags":	"",
						"appLinkerFlags":	""
					},
					"addedLibs":	[],
					"libOptions":	{
						"libsContainingOptions":	[]
					},
					"prebuiltLibs":	{
						"prebuiltIncPath":	[],
						"prebuiltLibPath":	[]
					},
					"isolation":	{
					}
				}]
		}]
}
KEYINFO::2026-01-28.00:23:05::SCWPlatform::updated the xpfm file.
TRACE::2026-01-28.00:23:07::SCWPlatform::Trying to open the hw design at C:/Users/Usuario/workspace/design_1_wrapper_12/hw/design_1_wrapper.xsa
TRACE::2026-01-28.00:23:07::SCWPlatform::DSA given C:/Users/Usuario/workspace/design_1_wrapper_12/hw/design_1_wrapper.xsa
TRACE::2026-01-28.00:23:07::SCWPlatform::DSA absoulate path C:/Users/Usuario/workspace/design_1_wrapper_12/hw/design_1_wrapper.xsa
TRACE::2026-01-28.00:23:07::SCWPlatform::DSA directory C:/Users/Usuario/workspace/design_1_wrapper_12/hw
TRACE::2026-01-28.00:23:07::SCWPlatform:: Platform Path C:/Users/Usuario/workspace/design_1_wrapper_12/hw/design_1_wrapper.xsa
TRACE::2026-01-28.00:23:07::SCWPlatform:: Unique name xilinx:basys3::0.0
TRACE::2026-01-28.00:23:07::SCWPlatform::Trying to set the existing hwdb with name design_1_wrapper_0
TRACE::2026-01-28.00:23:07::SCWPlatform::Opened existing hwdb design_1_wrapper_0
TRACE::2026-01-28.00:23:07::SCWPlatform::Found the Hw Db part of the input DSA
TRACE::2026-01-28.00:23:07::SCWMssOS::Checking the sw design at  C:/Users/Usuario/workspace/design_1_wrapper_12/microblaze_0/standalone_microblaze_0/bsp/system.mss
TRACE::2026-01-28.00:23:07::SCWMssOS::DEBUG:  swdes dump  C:/Users/Usuario/workspace/design_1_wrapper_12/microblaze_0/standalone_microblaze_0/bsp/system.mss|system||

TRACE::2026-01-28.00:23:07::SCWMssOS::Sw design exists and opened at  C:/Users/Usuario/workspace/design_1_wrapper_12/microblaze_0/standalone_microblaze_0/bsp/system.mss
TRACE::2026-01-28.00:23:07::SCWMssOS::Saving the mss changes C:/Users/Usuario/workspace/design_1_wrapper_12/microblaze_0/standalone_microblaze_0/bsp/system.mss
TRACE::2026-01-28.00:23:07::SCWMssOS::Found a swdesign opened with the mssfile.
TRACE::2026-01-28.00:23:07::SCWMssOS::Completed writemss as part of save.
TRACE::2026-01-28.00:23:07::SCWMssOS::Commit changes completed.
TRACE::2026-01-28.00:23:07::SCWPlatform::Trying to open the hw design at C:/Users/Usuario/workspace/design_1_wrapper_12/hw/design_1_wrapper.xsa
TRACE::2026-01-28.00:23:07::SCWPlatform::DSA given C:/Users/Usuario/workspace/design_1_wrapper_12/hw/design_1_wrapper.xsa
TRACE::2026-01-28.00:23:07::SCWPlatform::DSA absoulate path C:/Users/Usuario/workspace/design_1_wrapper_12/hw/design_1_wrapper.xsa
TRACE::2026-01-28.00:23:07::SCWPlatform::DSA directory C:/Users/Usuario/workspace/design_1_wrapper_12/hw
TRACE::2026-01-28.00:23:07::SCWPlatform:: Platform Path C:/Users/Usuario/workspace/design_1_wrapper_12/hw/design_1_wrapper.xsa
TRACE::2026-01-28.00:23:07::SCWPlatform:: Unique name xilinx:basys3::0.0
TRACE::2026-01-28.00:23:07::SCWPlatform::Trying to set the existing hwdb with name design_1_wrapper_0
TRACE::2026-01-28.00:23:07::SCWPlatform::Opened existing hwdb design_1_wrapper_0
TRACE::2026-01-28.00:23:07::SCWPlatform::Found the Hw Db part of the input DSA
TRACE::2026-01-28.00:23:07::SCWMssOS::Checking the sw design at  C:/Users/Usuario/workspace/design_1_wrapper_12/microblaze_0/standalone_microblaze_0/bsp/system.mss
TRACE::2026-01-28.00:23:07::SCWMssOS::DEBUG:  swdes dump  C:/Users/Usuario/workspace/design_1_wrapper_12/microblaze_0/standalone_microblaze_0/bsp/system.mss|system||

TRACE::2026-01-28.00:23:07::SCWMssOS::Sw design exists and opened at  C:/Users/Usuario/workspace/design_1_wrapper_12/microblaze_0/standalone_microblaze_0/bsp/system.mss
TRACE::2026-01-28.00:23:07::SCWPlatform::Trying to open the hw design at C:/Users/Usuario/workspace/design_1_wrapper_12/hw/design_1_wrapper.xsa
TRACE::2026-01-28.00:23:07::SCWPlatform::DSA given C:/Users/Usuario/workspace/design_1_wrapper_12/hw/design_1_wrapper.xsa
TRACE::2026-01-28.00:23:07::SCWPlatform::DSA absoulate path C:/Users/Usuario/workspace/design_1_wrapper_12/hw/design_1_wrapper.xsa
TRACE::2026-01-28.00:23:07::SCWPlatform::DSA directory C:/Users/Usuario/workspace/design_1_wrapper_12/hw
TRACE::2026-01-28.00:23:07::SCWPlatform:: Platform Path C:/Users/Usuario/workspace/design_1_wrapper_12/hw/design_1_wrapper.xsa
TRACE::2026-01-28.00:23:07::SCWPlatform:: Unique name xilinx:basys3::0.0
TRACE::2026-01-28.00:23:07::SCWPlatform::Trying to set the existing hwdb with name design_1_wrapper_0
TRACE::2026-01-28.00:23:07::SCWPlatform::Opened existing hwdb design_1_wrapper_0
TRACE::2026-01-28.00:23:07::SCWPlatform::Found the Hw Db part of the input DSA
TRACE::2026-01-28.00:23:07::SCWMssOS::Checking the sw design at  C:/Users/Usuario/workspace/design_1_wrapper_12/microblaze_0/standalone_microblaze_0/bsp/system.mss
TRACE::2026-01-28.00:23:07::SCWMssOS::DEBUG:  swdes dump  C:/Users/Usuario/workspace/design_1_wrapper_12/microblaze_0/standalone_microblaze_0/bsp/system.mss|system||

TRACE::2026-01-28.00:23:07::SCWMssOS::Sw design exists and opened at  C:/Users/Usuario/workspace/design_1_wrapper_12/microblaze_0/standalone_microblaze_0/bsp/system.mss
TRACE::2026-01-28.00:23:07::SCWPlatform::Trying to open the hw design at C:/Users/Usuario/workspace/design_1_wrapper_12/hw/design_1_wrapper.xsa
TRACE::2026-01-28.00:23:07::SCWPlatform::DSA given C:/Users/Usuario/workspace/design_1_wrapper_12/hw/design_1_wrapper.xsa
TRACE::2026-01-28.00:23:07::SCWPlatform::DSA absoulate path C:/Users/Usuario/workspace/design_1_wrapper_12/hw/design_1_wrapper.xsa
TRACE::2026-01-28.00:23:07::SCWPlatform::DSA directory C:/Users/Usuario/workspace/design_1_wrapper_12/hw
TRACE::2026-01-28.00:23:07::SCWPlatform:: Platform Path C:/Users/Usuario/workspace/design_1_wrapper_12/hw/design_1_wrapper.xsa
TRACE::2026-01-28.00:23:07::SCWPlatform:: Unique name xilinx:basys3::0.0
TRACE::2026-01-28.00:23:07::SCWPlatform::Trying to set the existing hwdb with name design_1_wrapper_0
TRACE::2026-01-28.00:23:07::SCWPlatform::Opened existing hwdb design_1_wrapper_0
TRACE::2026-01-28.00:23:07::SCWPlatform::Found the Hw Db part of the input DSA
TRACE::2026-01-28.00:23:07::SCWMssOS::Checking the sw design at  C:/Users/Usuario/workspace/design_1_wrapper_12/microblaze_0/standalone_microblaze_0/bsp/system.mss
TRACE::2026-01-28.00:23:07::SCWMssOS::DEBUG:  swdes dump  C:/Users/Usuario/workspace/design_1_wrapper_12/microblaze_0/standalone_microblaze_0/bsp/system.mss|system||

TRACE::2026-01-28.00:23:07::SCWMssOS::Sw design exists and opened at  C:/Users/Usuario/workspace/design_1_wrapper_12/microblaze_0/standalone_microblaze_0/bsp/system.mss
TRACE::2026-01-28.00:23:07::SCWWriter::formatted JSON is {
	"platformName":	"design_1_wrapper_12",
	"sprVersion":	"2.0",
	"mode":	"gui",
	"dsaType":	"Fixed",
	"platformDesc":	"design_1_wrapper_12",
	"platHandOff":	"C:/Users/Usuario/Desktop/Uni/Semestre 7/SE/SE-FinalProject/FinalProyect/design_1_wrapper.xsa",
	"platIntHandOff":	"<platformDir>/hw/design_1_wrapper.xsa",
	"deviceType":	"FPGA",
	"platIsPrebuiltAutogen":	"false",
	"platIsNoBootBsp":	"false",
	"hasFsblMakeHasChanges":	"false",
	"hasPmufwMakeHasChanges":	"false",
	"platPreBuiltFlag":	false,
	"platformSamplesDir":	"",
	"platActiveSys":	"design_1_wrapper_12",
	"systems":	[{
			"systemName":	"design_1_wrapper_12",
			"systemDesc":	"design_1_wrapper_12",
			"sysIsBootAutoGen":	"true",
			"systemDispName":	"design_1_wrapper_12",
			"sysActiveDom":	"standalone_microblaze_0",
			"sysDefaultDom":	"standalone_microblaze_0",
			"domains":	[{
					"domainName":	"standalone_microblaze_0",
					"domainDispName":	"standalone_microblaze_0",
					"domainDesc":	"standalone_microblaze_0",
					"processors":	"microblaze_0",
					"os":	"standalone",
					"sdxOs":	"standalone",
					"debugEnable":	"False",
					"domRuntimes":	["cpp"],
					"swRepo":	"",
					"mssOsVer":	"8.1",
					"mssFile":	"",
					"md5Digest":	"50602421d933ca1c641a7019f6187159",
					"compatibleApp":	"peripheral_tests",
					"domType":	"mssDomain",
					"arch":	"32-bit",
					"appSettings":	{
						"appCompilerFlags":	"",
						"appLinkerFlags":	""
					},
					"addedLibs":	[],
					"libOptions":	{
						"libsContainingOptions":	[]
					},
					"prebuiltLibs":	{
						"prebuiltIncPath":	[],
						"prebuiltLibPath":	[]
					},
					"isolation":	{
					}
				}]
		}]
}
TRACE::2026-01-28.00:23:07::SCWPlatform::Trying to open the hw design at C:/Users/Usuario/workspace/design_1_wrapper_12/hw/design_1_wrapper.xsa
TRACE::2026-01-28.00:23:07::SCWPlatform::DSA given C:/Users/Usuario/workspace/design_1_wrapper_12/hw/design_1_wrapper.xsa
TRACE::2026-01-28.00:23:07::SCWPlatform::DSA absoulate path C:/Users/Usuario/workspace/design_1_wrapper_12/hw/design_1_wrapper.xsa
TRACE::2026-01-28.00:23:07::SCWPlatform::DSA directory C:/Users/Usuario/workspace/design_1_wrapper_12/hw
TRACE::2026-01-28.00:23:07::SCWPlatform:: Platform Path C:/Users/Usuario/workspace/design_1_wrapper_12/hw/design_1_wrapper.xsa
TRACE::2026-01-28.00:23:07::SCWPlatform:: Unique name xilinx:basys3::0.0
TRACE::2026-01-28.00:23:07::SCWPlatform::Trying to set the existing hwdb with name design_1_wrapper_0
TRACE::2026-01-28.00:23:07::SCWPlatform::Opened existing hwdb design_1_wrapper_0
TRACE::2026-01-28.00:23:07::SCWPlatform::Found the Hw Db part of the input DSA
TRACE::2026-01-28.00:23:07::SCWMssOS::Checking the sw design at  C:/Users/Usuario/workspace/design_1_wrapper_12/microblaze_0/standalone_microblaze_0/bsp/system.mss
TRACE::2026-01-28.00:23:07::SCWMssOS::DEBUG:  swdes dump  C:/Users/Usuario/workspace/design_1_wrapper_12/microblaze_0/standalone_microblaze_0/bsp/system.mss|system||

TRACE::2026-01-28.00:23:07::SCWMssOS::Sw design exists and opened at  C:/Users/Usuario/workspace/design_1_wrapper_12/microblaze_0/standalone_microblaze_0/bsp/system.mss
TRACE::2026-01-28.00:23:07::SCWPlatform::Trying to open the hw design at C:/Users/Usuario/workspace/design_1_wrapper_12/hw/design_1_wrapper.xsa
TRACE::2026-01-28.00:23:07::SCWPlatform::DSA given C:/Users/Usuario/workspace/design_1_wrapper_12/hw/design_1_wrapper.xsa
TRACE::2026-01-28.00:23:07::SCWPlatform::DSA absoulate path C:/Users/Usuario/workspace/design_1_wrapper_12/hw/design_1_wrapper.xsa
TRACE::2026-01-28.00:23:07::SCWPlatform::DSA directory C:/Users/Usuario/workspace/design_1_wrapper_12/hw
TRACE::2026-01-28.00:23:07::SCWPlatform:: Platform Path C:/Users/Usuario/workspace/design_1_wrapper_12/hw/design_1_wrapper.xsa
TRACE::2026-01-28.00:23:07::SCWPlatform:: Unique name xilinx:basys3::0.0
TRACE::2026-01-28.00:23:07::SCWPlatform::Trying to set the existing hwdb with name design_1_wrapper_0
TRACE::2026-01-28.00:23:07::SCWPlatform::Opened existing hwdb design_1_wrapper_0
TRACE::2026-01-28.00:23:07::SCWPlatform::Found the Hw Db part of the input DSA
TRACE::2026-01-28.00:23:07::SCWMssOS::Checking the sw design at  C:/Users/Usuario/workspace/design_1_wrapper_12/microblaze_0/standalone_microblaze_0/bsp/system.mss
TRACE::2026-01-28.00:23:07::SCWMssOS::DEBUG:  swdes dump  C:/Users/Usuario/workspace/design_1_wrapper_12/microblaze_0/standalone_microblaze_0/bsp/system.mss|system||

TRACE::2026-01-28.00:23:07::SCWMssOS::Sw design exists and opened at  C:/Users/Usuario/workspace/design_1_wrapper_12/microblaze_0/standalone_microblaze_0/bsp/system.mss
TRACE::2026-01-28.00:23:07::SCWMssOS::Saving the mss changes C:/Users/Usuario/workspace/design_1_wrapper_12/microblaze_0/standalone_microblaze_0/bsp/system.mss
TRACE::2026-01-28.00:23:07::SCWMssOS::Found a swdesign opened with the mssfile.
TRACE::2026-01-28.00:23:07::SCWMssOS::Completed writemss as part of save.
TRACE::2026-01-28.00:23:07::SCWMssOS::Commit changes completed.
TRACE::2026-01-28.00:23:07::SCWPlatform::Trying to open the hw design at C:/Users/Usuario/workspace/design_1_wrapper_12/hw/design_1_wrapper.xsa
TRACE::2026-01-28.00:23:07::SCWPlatform::DSA given C:/Users/Usuario/workspace/design_1_wrapper_12/hw/design_1_wrapper.xsa
TRACE::2026-01-28.00:23:07::SCWPlatform::DSA absoulate path C:/Users/Usuario/workspace/design_1_wrapper_12/hw/design_1_wrapper.xsa
TRACE::2026-01-28.00:23:07::SCWPlatform::DSA directory C:/Users/Usuario/workspace/design_1_wrapper_12/hw
TRACE::2026-01-28.00:23:07::SCWPlatform:: Platform Path C:/Users/Usuario/workspace/design_1_wrapper_12/hw/design_1_wrapper.xsa
TRACE::2026-01-28.00:23:07::SCWPlatform:: Unique name xilinx:basys3::0.0
TRACE::2026-01-28.00:23:07::SCWPlatform::Trying to set the existing hwdb with name design_1_wrapper_0
TRACE::2026-01-28.00:23:07::SCWPlatform::Opened existing hwdb design_1_wrapper_0
TRACE::2026-01-28.00:23:07::SCWPlatform::Found the Hw Db part of the input DSA
TRACE::2026-01-28.00:23:07::SCWMssOS::Checking the sw design at  C:/Users/Usuario/workspace/design_1_wrapper_12/microblaze_0/standalone_microblaze_0/bsp/system.mss
TRACE::2026-01-28.00:23:07::SCWMssOS::DEBUG:  swdes dump  C:/Users/Usuario/workspace/design_1_wrapper_12/microblaze_0/standalone_microblaze_0/bsp/system.mss|system||

TRACE::2026-01-28.00:23:07::SCWMssOS::Sw design exists and opened at  C:/Users/Usuario/workspace/design_1_wrapper_12/microblaze_0/standalone_microblaze_0/bsp/system.mss
TRACE::2026-01-28.00:23:07::SCWPlatform::Trying to open the hw design at C:/Users/Usuario/workspace/design_1_wrapper_12/hw/design_1_wrapper.xsa
TRACE::2026-01-28.00:23:07::SCWPlatform::DSA given C:/Users/Usuario/workspace/design_1_wrapper_12/hw/design_1_wrapper.xsa
TRACE::2026-01-28.00:23:07::SCWPlatform::DSA absoulate path C:/Users/Usuario/workspace/design_1_wrapper_12/hw/design_1_wrapper.xsa
TRACE::2026-01-28.00:23:07::SCWPlatform::DSA directory C:/Users/Usuario/workspace/design_1_wrapper_12/hw
TRACE::2026-01-28.00:23:07::SCWPlatform:: Platform Path C:/Users/Usuario/workspace/design_1_wrapper_12/hw/design_1_wrapper.xsa
TRACE::2026-01-28.00:23:07::SCWPlatform:: Unique name xilinx:basys3::0.0
TRACE::2026-01-28.00:23:07::SCWPlatform::Trying to set the existing hwdb with name design_1_wrapper_0
TRACE::2026-01-28.00:23:07::SCWPlatform::Opened existing hwdb design_1_wrapper_0
TRACE::2026-01-28.00:23:07::SCWPlatform::Found the Hw Db part of the input DSA
TRACE::2026-01-28.00:23:07::SCWMssOS::Checking the sw design at  C:/Users/Usuario/workspace/design_1_wrapper_12/microblaze_0/standalone_microblaze_0/bsp/system.mss
TRACE::2026-01-28.00:23:07::SCWMssOS::DEBUG:  swdes dump  C:/Users/Usuario/workspace/design_1_wrapper_12/microblaze_0/standalone_microblaze_0/bsp/system.mss|system||

TRACE::2026-01-28.00:23:07::SCWMssOS::Sw design exists and opened at  C:/Users/Usuario/workspace/design_1_wrapper_12/microblaze_0/standalone_microblaze_0/bsp/system.mss
TRACE::2026-01-28.00:23:07::SCWPlatform::Trying to open the hw design at C:/Users/Usuario/workspace/design_1_wrapper_12/hw/design_1_wrapper.xsa
TRACE::2026-01-28.00:23:07::SCWPlatform::DSA given C:/Users/Usuario/workspace/design_1_wrapper_12/hw/design_1_wrapper.xsa
TRACE::2026-01-28.00:23:07::SCWPlatform::DSA absoulate path C:/Users/Usuario/workspace/design_1_wrapper_12/hw/design_1_wrapper.xsa
TRACE::2026-01-28.00:23:07::SCWPlatform::DSA directory C:/Users/Usuario/workspace/design_1_wrapper_12/hw
TRACE::2026-01-28.00:23:07::SCWPlatform:: Platform Path C:/Users/Usuario/workspace/design_1_wrapper_12/hw/design_1_wrapper.xsa
TRACE::2026-01-28.00:23:07::SCWPlatform:: Unique name xilinx:basys3::0.0
TRACE::2026-01-28.00:23:07::SCWPlatform::Trying to set the existing hwdb with name design_1_wrapper_0
TRACE::2026-01-28.00:23:07::SCWPlatform::Opened existing hwdb design_1_wrapper_0
TRACE::2026-01-28.00:23:07::SCWPlatform::Found the Hw Db part of the input DSA
TRACE::2026-01-28.00:23:07::SCWMssOS::Checking the sw design at  C:/Users/Usuario/workspace/design_1_wrapper_12/microblaze_0/standalone_microblaze_0/bsp/system.mss
TRACE::2026-01-28.00:23:07::SCWMssOS::DEBUG:  swdes dump  C:/Users/Usuario/workspace/design_1_wrapper_12/microblaze_0/standalone_microblaze_0/bsp/system.mss|system||

TRACE::2026-01-28.00:23:07::SCWMssOS::Sw design exists and opened at  C:/Users/Usuario/workspace/design_1_wrapper_12/microblaze_0/standalone_microblaze_0/bsp/system.mss
TRACE::2026-01-28.00:23:07::SCWWriter::formatted JSON is {
	"platformName":	"design_1_wrapper_12",
	"sprVersion":	"2.0",
	"mode":	"gui",
	"dsaType":	"Fixed",
	"platformDesc":	"design_1_wrapper_12",
	"platHandOff":	"C:/Users/Usuario/Desktop/Uni/Semestre 7/SE/SE-FinalProject/FinalProyect/design_1_wrapper.xsa",
	"platIntHandOff":	"<platformDir>/hw/design_1_wrapper.xsa",
	"deviceType":	"FPGA",
	"platIsPrebuiltAutogen":	"false",
	"platIsNoBootBsp":	"false",
	"hasFsblMakeHasChanges":	"false",
	"hasPmufwMakeHasChanges":	"false",
	"platPreBuiltFlag":	false,
	"platformSamplesDir":	"",
	"platActiveSys":	"design_1_wrapper_12",
	"systems":	[{
			"systemName":	"design_1_wrapper_12",
			"systemDesc":	"design_1_wrapper_12",
			"sysIsBootAutoGen":	"true",
			"systemDispName":	"design_1_wrapper_12",
			"sysActiveDom":	"standalone_microblaze_0",
			"sysDefaultDom":	"standalone_microblaze_0",
			"domains":	[{
					"domainName":	"standalone_microblaze_0",
					"domainDispName":	"standalone_microblaze_0",
					"domainDesc":	"standalone_microblaze_0",
					"processors":	"microblaze_0",
					"os":	"standalone",
					"sdxOs":	"standalone",
					"debugEnable":	"False",
					"domRuntimes":	["cpp"],
					"swRepo":	"",
					"mssOsVer":	"8.1",
					"mssFile":	"",
					"md5Digest":	"50602421d933ca1c641a7019f6187159",
					"compatibleApp":	"peripheral_tests",
					"domType":	"mssDomain",
					"arch":	"32-bit",
					"appSettings":	{
						"appCompilerFlags":	"",
						"appLinkerFlags":	""
					},
					"addedLibs":	[],
					"libOptions":	{
						"libsContainingOptions":	[]
					},
					"prebuiltLibs":	{
						"prebuiltIncPath":	[],
						"prebuiltLibPath":	[]
					},
					"isolation":	{
					}
				}]
		}]
}
LOG::2026-01-28.00:23:07::SCWPlatform::Started generating the artifacts platform design_1_wrapper_12
TRACE::2026-01-28.00:23:07::SCWPlatform::Sanity checking of platform is completed
LOG::2026-01-28.00:23:07::SCWPlatform::Started generating the artifacts for system configuration design_1_wrapper_12
LOG::2026-01-28.00:23:07::SCWSystem::Started Processing the domain standalone_microblaze_0
TRACE::2026-01-28.00:23:07::SCWDomain::Generating domain artifcats
TRACE::2026-01-28.00:23:07::SCWMssOS::Generating standalone artifcats
TRACE::2026-01-28.00:23:07::SCWMssOS:: Copying the user libraries. 
TRACE::2026-01-28.00:23:07::SCWPlatform::Trying to open the hw design at C:/Users/Usuario/workspace/design_1_wrapper_12/hw/design_1_wrapper.xsa
TRACE::2026-01-28.00:23:07::SCWPlatform::DSA given C:/Users/Usuario/workspace/design_1_wrapper_12/hw/design_1_wrapper.xsa
TRACE::2026-01-28.00:23:07::SCWPlatform::DSA absoulate path C:/Users/Usuario/workspace/design_1_wrapper_12/hw/design_1_wrapper.xsa
TRACE::2026-01-28.00:23:07::SCWPlatform::DSA directory C:/Users/Usuario/workspace/design_1_wrapper_12/hw
TRACE::2026-01-28.00:23:07::SCWPlatform:: Platform Path C:/Users/Usuario/workspace/design_1_wrapper_12/hw/design_1_wrapper.xsa
TRACE::2026-01-28.00:23:07::SCWPlatform:: Unique name xilinx:basys3::0.0
TRACE::2026-01-28.00:23:07::SCWPlatform::Trying to set the existing hwdb with name design_1_wrapper_0
TRACE::2026-01-28.00:23:07::SCWPlatform::Opened existing hwdb design_1_wrapper_0
TRACE::2026-01-28.00:23:07::SCWPlatform::Found the Hw Db part of the input DSA
TRACE::2026-01-28.00:23:07::SCWMssOS::Checking the sw design at  C:/Users/Usuario/workspace/design_1_wrapper_12/microblaze_0/standalone_microblaze_0/bsp/system.mss
TRACE::2026-01-28.00:23:07::SCWMssOS::DEBUG:  swdes dump  C:/Users/Usuario/workspace/design_1_wrapper_12/microblaze_0/standalone_microblaze_0/bsp/system.mss|system||

TRACE::2026-01-28.00:23:07::SCWMssOS::Sw design exists and opened at  C:/Users/Usuario/workspace/design_1_wrapper_12/microblaze_0/standalone_microblaze_0/bsp/system.mss
TRACE::2026-01-28.00:23:07::SCWMssOS::Completed writing the mss file at C:/Users/Usuario/workspace/design_1_wrapper_12/microblaze_0/standalone_microblaze_0/bsp
TRACE::2026-01-28.00:23:07::SCWMssOS::Mss edits present, copying mssfile into export location C:/Users/Usuario/workspace/design_1_wrapper_12/microblaze_0/standalone_microblaze_0/bsp/system.mss
TRACE::2026-01-28.00:23:07::SCWMssOS::bsp generated is upto date with the mss file. Skipping bsp generation.
TRACE::2026-01-28.00:23:07::SCWMssOS::BSP is already built. skipping the bsp build ... 
TRACE::2026-01-28.00:23:07::SCWDomain::Building the domain as part of full build :  standalone_microblaze_0
TRACE::2026-01-28.00:23:07::SCWMssOS::skipping the bsp build ... 
TRACE::2026-01-28.00:23:07::SCWMssOS::Copying to export directory.
TRACE::2026-01-28.00:23:07::SCWMssOS:: Checking if to create the Supporting Applications
TRACE::2026-01-28.00:23:07::SCWMssOS:: No Linux domain exists, trying to generate FSBL 
LOG::2026-01-28.00:23:07::SCWSystem::Completed Processing the domain standalone_microblaze_0
LOG::2026-01-28.00:23:07::SCWSystem::Completed Processing the sysconfig design_1_wrapper_12
LOG::2026-01-28.00:23:07::SCWPlatform::Completed generating the artifacts for system configuration design_1_wrapper_12
TRACE::2026-01-28.00:23:07::SCWPlatform::Started preparing the platform 
TRACE::2026-01-28.00:23:07::SCWSystem::Writing the bif file for system config design_1_wrapper_12
TRACE::2026-01-28.00:23:07::SCWSystem::dir created 
TRACE::2026-01-28.00:23:07::SCWSystem::Writing the bif 
TRACE::2026-01-28.00:23:07::SCWPlatform::Started writing the spfm file 
TRACE::2026-01-28.00:23:07::SCWPlatform::Started writing the xpfm file 
TRACE::2026-01-28.00:23:07::SCWPlatform::Completed generating the platform
TRACE::2026-01-28.00:23:07::SCWMssOS::Saving the mss changes C:/Users/Usuario/workspace/design_1_wrapper_12/microblaze_0/standalone_microblaze_0/bsp/system.mss
TRACE::2026-01-28.00:23:07::SCWMssOS::Found a swdesign opened with the mssfile.
TRACE::2026-01-28.00:23:07::SCWMssOS::Completed writemss as part of save.
TRACE::2026-01-28.00:23:07::SCWMssOS::Commit changes completed.
TRACE::2026-01-28.00:23:07::SCWPlatform::Trying to open the hw design at C:/Users/Usuario/workspace/design_1_wrapper_12/hw/design_1_wrapper.xsa
TRACE::2026-01-28.00:23:07::SCWPlatform::DSA given C:/Users/Usuario/workspace/design_1_wrapper_12/hw/design_1_wrapper.xsa
TRACE::2026-01-28.00:23:07::SCWPlatform::DSA absoulate path C:/Users/Usuario/workspace/design_1_wrapper_12/hw/design_1_wrapper.xsa
TRACE::2026-01-28.00:23:07::SCWPlatform::DSA directory C:/Users/Usuario/workspace/design_1_wrapper_12/hw
TRACE::2026-01-28.00:23:07::SCWPlatform:: Platform Path C:/Users/Usuario/workspace/design_1_wrapper_12/hw/design_1_wrapper.xsa
TRACE::2026-01-28.00:23:07::SCWPlatform:: Unique name xilinx:basys3::0.0
TRACE::2026-01-28.00:23:07::SCWPlatform::Trying to set the existing hwdb with name design_1_wrapper_0
TRACE::2026-01-28.00:23:07::SCWPlatform::Opened existing hwdb design_1_wrapper_0
TRACE::2026-01-28.00:23:07::SCWPlatform::Found the Hw Db part of the input DSA
TRACE::2026-01-28.00:23:07::SCWMssOS::Checking the sw design at  C:/Users/Usuario/workspace/design_1_wrapper_12/microblaze_0/standalone_microblaze_0/bsp/system.mss
TRACE::2026-01-28.00:23:07::SCWMssOS::DEBUG:  swdes dump  C:/Users/Usuario/workspace/design_1_wrapper_12/microblaze_0/standalone_microblaze_0/bsp/system.mss|system||

TRACE::2026-01-28.00:23:07::SCWMssOS::Sw design exists and opened at  C:/Users/Usuario/workspace/design_1_wrapper_12/microblaze_0/standalone_microblaze_0/bsp/system.mss
TRACE::2026-01-28.00:23:07::SCWPlatform::Trying to open the hw design at C:/Users/Usuario/workspace/design_1_wrapper_12/hw/design_1_wrapper.xsa
TRACE::2026-01-28.00:23:07::SCWPlatform::DSA given C:/Users/Usuario/workspace/design_1_wrapper_12/hw/design_1_wrapper.xsa
TRACE::2026-01-28.00:23:07::SCWPlatform::DSA absoulate path C:/Users/Usuario/workspace/design_1_wrapper_12/hw/design_1_wrapper.xsa
TRACE::2026-01-28.00:23:07::SCWPlatform::DSA directory C:/Users/Usuario/workspace/design_1_wrapper_12/hw
TRACE::2026-01-28.00:23:07::SCWPlatform:: Platform Path C:/Users/Usuario/workspace/design_1_wrapper_12/hw/design_1_wrapper.xsa
TRACE::2026-01-28.00:23:07::SCWPlatform:: Unique name xilinx:basys3::0.0
TRACE::2026-01-28.00:23:07::SCWPlatform::Trying to set the existing hwdb with name design_1_wrapper_0
TRACE::2026-01-28.00:23:07::SCWPlatform::Opened existing hwdb design_1_wrapper_0
TRACE::2026-01-28.00:23:07::SCWPlatform::Found the Hw Db part of the input DSA
TRACE::2026-01-28.00:23:07::SCWMssOS::Checking the sw design at  C:/Users/Usuario/workspace/design_1_wrapper_12/microblaze_0/standalone_microblaze_0/bsp/system.mss
TRACE::2026-01-28.00:23:07::SCWMssOS::DEBUG:  swdes dump  C:/Users/Usuario/workspace/design_1_wrapper_12/microblaze_0/standalone_microblaze_0/bsp/system.mss|system||

TRACE::2026-01-28.00:23:07::SCWMssOS::Sw design exists and opened at  C:/Users/Usuario/workspace/design_1_wrapper_12/microblaze_0/standalone_microblaze_0/bsp/system.mss
TRACE::2026-01-28.00:23:07::SCWPlatform::Trying to open the hw design at C:/Users/Usuario/workspace/design_1_wrapper_12/hw/design_1_wrapper.xsa
TRACE::2026-01-28.00:23:07::SCWPlatform::DSA given C:/Users/Usuario/workspace/design_1_wrapper_12/hw/design_1_wrapper.xsa
TRACE::2026-01-28.00:23:07::SCWPlatform::DSA absoulate path C:/Users/Usuario/workspace/design_1_wrapper_12/hw/design_1_wrapper.xsa
TRACE::2026-01-28.00:23:07::SCWPlatform::DSA directory C:/Users/Usuario/workspace/design_1_wrapper_12/hw
TRACE::2026-01-28.00:23:07::SCWPlatform:: Platform Path C:/Users/Usuario/workspace/design_1_wrapper_12/hw/design_1_wrapper.xsa
TRACE::2026-01-28.00:23:07::SCWPlatform:: Unique name xilinx:basys3::0.0
TRACE::2026-01-28.00:23:07::SCWPlatform::Trying to set the existing hwdb with name design_1_wrapper_0
TRACE::2026-01-28.00:23:07::SCWPlatform::Opened existing hwdb design_1_wrapper_0
TRACE::2026-01-28.00:23:07::SCWPlatform::Found the Hw Db part of the input DSA
TRACE::2026-01-28.00:23:07::SCWMssOS::Checking the sw design at  C:/Users/Usuario/workspace/design_1_wrapper_12/microblaze_0/standalone_microblaze_0/bsp/system.mss
TRACE::2026-01-28.00:23:07::SCWMssOS::DEBUG:  swdes dump  C:/Users/Usuario/workspace/design_1_wrapper_12/microblaze_0/standalone_microblaze_0/bsp/system.mss|system||

TRACE::2026-01-28.00:23:07::SCWMssOS::Sw design exists and opened at  C:/Users/Usuario/workspace/design_1_wrapper_12/microblaze_0/standalone_microblaze_0/bsp/system.mss
TRACE::2026-01-28.00:23:07::SCWWriter::formatted JSON is {
	"platformName":	"design_1_wrapper_12",
	"sprVersion":	"2.0",
	"mode":	"gui",
	"dsaType":	"Fixed",
	"platformDesc":	"design_1_wrapper_12",
	"platHandOff":	"C:/Users/Usuario/Desktop/Uni/Semestre 7/SE/SE-FinalProject/FinalProyect/design_1_wrapper.xsa",
	"platIntHandOff":	"<platformDir>/hw/design_1_wrapper.xsa",
	"deviceType":	"FPGA",
	"platIsPrebuiltAutogen":	"false",
	"platIsNoBootBsp":	"false",
	"hasFsblMakeHasChanges":	"false",
	"hasPmufwMakeHasChanges":	"false",
	"platPreBuiltFlag":	false,
	"platformSamplesDir":	"",
	"platActiveSys":	"design_1_wrapper_12",
	"systems":	[{
			"systemName":	"design_1_wrapper_12",
			"systemDesc":	"design_1_wrapper_12",
			"sysIsBootAutoGen":	"true",
			"systemDispName":	"design_1_wrapper_12",
			"sysActiveDom":	"standalone_microblaze_0",
			"sysDefaultDom":	"standalone_microblaze_0",
			"domains":	[{
					"domainName":	"standalone_microblaze_0",
					"domainDispName":	"standalone_microblaze_0",
					"domainDesc":	"standalone_microblaze_0",
					"processors":	"microblaze_0",
					"os":	"standalone",
					"sdxOs":	"standalone",
					"debugEnable":	"False",
					"domRuntimes":	["cpp"],
					"swRepo":	"",
					"mssOsVer":	"8.1",
					"mssFile":	"",
					"md5Digest":	"50602421d933ca1c641a7019f6187159",
					"compatibleApp":	"peripheral_tests",
					"domType":	"mssDomain",
					"arch":	"32-bit",
					"appSettings":	{
						"appCompilerFlags":	"",
						"appLinkerFlags":	""
					},
					"addedLibs":	[],
					"libOptions":	{
						"libsContainingOptions":	[]
					},
					"prebuiltLibs":	{
						"prebuiltIncPath":	[],
						"prebuiltLibPath":	[]
					},
					"isolation":	{
					}
				}]
		}]
}
KEYINFO::2026-01-28.00:23:07::SCWPlatform::updated the xpfm file.
LOG::2026-01-28.00:24:47::SCWPlatform::Started generating the artifacts platform design_1_wrapper_12
TRACE::2026-01-28.00:24:47::SCWPlatform::Sanity checking of platform is completed
LOG::2026-01-28.00:24:47::SCWPlatform::Started generating the artifacts for system configuration design_1_wrapper_12
LOG::2026-01-28.00:24:47::SCWSystem::Checking the domain standalone_microblaze_0
LOG::2026-01-28.00:24:47::SCWSystem::Not a boot domain 
LOG::2026-01-28.00:24:47::SCWSystem::Started Processing the domain standalone_microblaze_0
TRACE::2026-01-28.00:24:47::SCWDomain::Generating domain artifcats
TRACE::2026-01-28.00:24:47::SCWMssOS::Generating standalone artifcats
TRACE::2026-01-28.00:24:47::SCWMssOS:: Copying the user libraries. 
TRACE::2026-01-28.00:24:47::SCWPlatform::Trying to open the hw design at C:/Users/Usuario/workspace/design_1_wrapper_12/hw/design_1_wrapper.xsa
TRACE::2026-01-28.00:24:47::SCWPlatform::DSA given C:/Users/Usuario/workspace/design_1_wrapper_12/hw/design_1_wrapper.xsa
TRACE::2026-01-28.00:24:47::SCWPlatform::DSA absoulate path C:/Users/Usuario/workspace/design_1_wrapper_12/hw/design_1_wrapper.xsa
TRACE::2026-01-28.00:24:47::SCWPlatform::DSA directory C:/Users/Usuario/workspace/design_1_wrapper_12/hw
TRACE::2026-01-28.00:24:47::SCWPlatform:: Platform Path C:/Users/Usuario/workspace/design_1_wrapper_12/hw/design_1_wrapper.xsa
TRACE::2026-01-28.00:24:47::SCWPlatform:: Unique name xilinx:basys3::0.0
TRACE::2026-01-28.00:24:47::SCWPlatform::Trying to set the existing hwdb with name design_1_wrapper_0
TRACE::2026-01-28.00:24:47::SCWPlatform::Opened existing hwdb design_1_wrapper_0
TRACE::2026-01-28.00:24:47::SCWPlatform::Found the Hw Db part of the input DSA
TRACE::2026-01-28.00:24:47::SCWMssOS::Checking the sw design at  C:/Users/Usuario/workspace/design_1_wrapper_12/microblaze_0/standalone_microblaze_0/bsp/system.mss
TRACE::2026-01-28.00:24:47::SCWMssOS::DEBUG:  swdes dump  C:/Users/Usuario/workspace/design_1_wrapper_12/microblaze_0/standalone_microblaze_0/bsp/system.mss|system||

TRACE::2026-01-28.00:24:47::SCWMssOS::Sw design exists and opened at  C:/Users/Usuario/workspace/design_1_wrapper_12/microblaze_0/standalone_microblaze_0/bsp/system.mss
TRACE::2026-01-28.00:24:47::SCWMssOS::Completed writing the mss file at C:/Users/Usuario/workspace/design_1_wrapper_12/microblaze_0/standalone_microblaze_0/bsp
TRACE::2026-01-28.00:24:47::SCWMssOS::Mss edits present, copying mssfile into export location C:/Users/Usuario/workspace/design_1_wrapper_12/microblaze_0/standalone_microblaze_0/bsp/system.mss
TRACE::2026-01-28.00:24:47::SCWMssOS::bsp generated is upto date with the mss file. Skipping bsp generation.
TRACE::2026-01-28.00:24:47::SCWMssOS::BSP is already built. skipping the bsp build ... 
TRACE::2026-01-28.00:24:47::SCWDomain::Building the domain as part of full build :  standalone_microblaze_0
TRACE::2026-01-28.00:24:47::SCWMssOS::doing bsp build ... 
TRACE::2026-01-28.00:24:47::SCWMssOS::System Command Ran  C: & cd  C:/Users/Usuario/workspace/design_1_wrapper_12/microblaze_0/standalone_microblaze_0/bsp & make 
TRACE::2026-01-28.00:24:48::SCWMssOS::make --no-print-directory seq_libs

TRACE::2026-01-28.00:24:48::SCWMssOS::"Running Make include in microblaze_0/libsrc/bram_v4_8/src"

TRACE::2026-01-28.00:24:48::SCWMssOS::make -C microblaze_0/libsrc/bram_v4_8/src -s include  "SHELL=CMD" "COMPILER=mb-gcc" "ASSEMBLER=mb-as" "ARCHIVER=mb-ar" "COMPILE
TRACE::2026-01-28.00:24:48::SCWMssOS::R_FLAGS=  -O2 -c -mcpu=v11.0 -mlittle-endian -mxl-soft-mul" "EXTRA_COMPILER_FLAGS=-g -ffunction-sections -fdata-sections -Wall 
TRACE::2026-01-28.00:24:48::SCWMssOS::-Wextra -fno-tree-loop-distribute-patterns"

TRACE::2026-01-28.00:24:51::SCWMssOS::"Running Make include in microblaze_0/libsrc/copro_v1_0/src"

TRACE::2026-01-28.00:24:51::SCWMssOS::make -C microblaze_0/libsrc/copro_v1_0/src -s include  "SHELL=CMD" "COMPILER=mb-gcc" "ASSEMBLER=mb-as" "ARCHIVER=mb-ar" "COMPIL
TRACE::2026-01-28.00:24:51::SCWMssOS::ER_FLAGS=  -O2 -c -mcpu=v11.0 -mlittle-endian -mxl-soft-mul" "EXTRA_COMPILER_FLAGS=-g -ffunction-sections -fdata-sections -Wall
TRACE::2026-01-28.00:24:51::SCWMssOS:: -Wextra -fno-tree-loop-distribute-patterns"

TRACE::2026-01-28.00:24:51::SCWMssOS::"Running Make include in microblaze_0/libsrc/cpu_v2_17/src"

TRACE::2026-01-28.00:24:51::SCWMssOS::make -C microblaze_0/libsrc/cpu_v2_17/src -s include  "SHELL=CMD" "COMPILER=mb-gcc" "ASSEMBLER=mb-as" "ARCHIVER=mb-ar" "COMPILE
TRACE::2026-01-28.00:24:51::SCWMssOS::R_FLAGS=  -O2 -c -mcpu=v11.0 -mlittle-endian -mxl-soft-mul" "EXTRA_COMPILER_FLAGS=-g -ffunction-sections -fdata-sections -Wall 
TRACE::2026-01-28.00:24:51::SCWMssOS::-Wextra -fno-tree-loop-distribute-patterns"

TRACE::2026-01-28.00:24:51::SCWMssOS::"Running Make include in microblaze_0/libsrc/matrizpuntos_v1_0/src"

TRACE::2026-01-28.00:24:51::SCWMssOS::make -C microblaze_0/libsrc/matrizpuntos_v1_0/src -s include  "SHELL=CMD" "COMPILER=mb-gcc" "ASSEMBLER=mb-as" "ARCHIVER=mb-ar" 
TRACE::2026-01-28.00:24:51::SCWMssOS::"COMPILER_FLAGS=  -O2 -c -mcpu=v11.0 -mlittle-endian -mxl-soft-mul" "EXTRA_COMPILER_FLAGS=-g -ffunction-sections -fdata-section
TRACE::2026-01-28.00:24:51::SCWMssOS::s -Wall -Wextra -fno-tree-loop-distribute-patterns"

TRACE::2026-01-28.00:24:51::SCWMssOS::"Running Make include in microblaze_0/libsrc/motor_v1_0/src"

TRACE::2026-01-28.00:24:51::SCWMssOS::make -C microblaze_0/libsrc/motor_v1_0/src -s include  "SHELL=CMD" "COMPILER=mb-gcc" "ASSEMBLER=mb-as" "ARCHIVER=mb-ar" "COMPIL
TRACE::2026-01-28.00:24:51::SCWMssOS::ER_FLAGS=  -O2 -c -mcpu=v11.0 -mlittle-endian -mxl-soft-mul" "EXTRA_COMPILER_FLAGS=-g -ffunction-sections -fdata-sections -Wall
TRACE::2026-01-28.00:24:51::SCWMssOS:: -Wextra -fno-tree-loop-distribute-patterns"

TRACE::2026-01-28.00:24:51::SCWMssOS::"Running Make include in microblaze_0/libsrc/standalone_v8_1/src"

TRACE::2026-01-28.00:24:51::SCWMssOS::make -C microblaze_0/libsrc/standalone_v8_1/src -s include  "SHELL=CMD" "COMPILER=mb-gcc" "ASSEMBLER=mb-as" "ARCHIVER=mb-ar" "C
TRACE::2026-01-28.00:24:51::SCWMssOS::OMPILER_FLAGS=  -O2 -c -mcpu=v11.0 -mlittle-endian -mxl-soft-mul" "EXTRA_COMPILER_FLAGS=-g -ffunction-sections -fdata-sections 
TRACE::2026-01-28.00:24:51::SCWMssOS::-Wall -Wextra -fno-tree-loop-distribute-patterns"

TRACE::2026-01-28.00:24:52::SCWMssOS::"Running Make include in microblaze_0/libsrc/teclado_v1_0/src"

TRACE::2026-01-28.00:24:52::SCWMssOS::make -C microblaze_0/libsrc/teclado_v1_0/src -s include  "SHELL=CMD" "COMPILER=mb-gcc" "ASSEMBLER=mb-as" "ARCHIVER=mb-ar" "COMP
TRACE::2026-01-28.00:24:52::SCWMssOS::ILER_FLAGS=  -O2 -c -mcpu=v11.0 -mlittle-endian -mxl-soft-mul" "EXTRA_COMPILER_FLAGS=-g -ffunction-sections -fdata-sections -Wa
TRACE::2026-01-28.00:24:52::SCWMssOS::ll -Wextra -fno-tree-loop-distribute-patterns"

TRACE::2026-01-28.00:24:52::SCWMssOS::"Running Make include in microblaze_0/libsrc/uartlite_v3_8/src"

TRACE::2026-01-28.00:24:52::SCWMssOS::make -C microblaze_0/libsrc/uartlite_v3_8/src -s include  "SHELL=CMD" "COMPILER=mb-gcc" "ASSEMBLER=mb-as" "ARCHIVER=mb-ar" "COM
TRACE::2026-01-28.00:24:52::SCWMssOS::PILER_FLAGS=  -O2 -c -mcpu=v11.0 -mlittle-endian -mxl-soft-mul" "EXTRA_COMPILER_FLAGS=-g -ffunction-sections -fdata-sections -W
TRACE::2026-01-28.00:24:52::SCWMssOS::all -Wextra -fno-tree-loop-distribute-patterns"

TRACE::2026-01-28.00:24:53::SCWMssOS::"Running Make libs in microblaze_0/libsrc/copro_v1_0/src"

TRACE::2026-01-28.00:24:53::SCWMssOS::make -C microblaze_0/libsrc/copro_v1_0/src -s libs  "SHELL=CMD" "COMPILER=mb-gcc" "ASSEMBLER=mb-as" "ARCHIVER=mb-ar" "COMPILER_
TRACE::2026-01-28.00:24:53::SCWMssOS::FLAGS=  -O2 -c -mcpu=v11.0 -mlittle-endian -mxl-soft-mul" "EXTRA_COMPILER_FLAGS=-g -ffunction-sections -fdata-sections -Wall -W
TRACE::2026-01-28.00:24:53::SCWMssOS::extra -fno-tree-loop-distribute-patterns"

TRACE::2026-01-28.00:24:53::SCWMssOS::"Compiling copro3..."

TRACE::2026-01-28.00:24:55::SCWMssOS::"Running Make libs in microblaze_0/libsrc/matrizpuntos_v1_0/src"

TRACE::2026-01-28.00:24:55::SCWMssOS::make -C microblaze_0/libsrc/matrizpuntos_v1_0/src -s libs  "SHELL=CMD" "COMPILER=mb-gcc" "ASSEMBLER=mb-as" "ARCHIVER=mb-ar" "CO
TRACE::2026-01-28.00:24:55::SCWMssOS::MPILER_FLAGS=  -O2 -c -mcpu=v11.0 -mlittle-endian -mxl-soft-mul" "EXTRA_COMPILER_FLAGS=-g -ffunction-sections -fdata-sections -
TRACE::2026-01-28.00:24:55::SCWMssOS::Wall -Wextra -fno-tree-loop-distribute-patterns"

TRACE::2026-01-28.00:24:55::SCWMssOS::"Compiling matrizpuntos..."

TRACE::2026-01-28.00:24:56::SCWMssOS::"Running Make libs in microblaze_0/libsrc/motor_v1_0/src"

TRACE::2026-01-28.00:24:56::SCWMssOS::make -C microblaze_0/libsrc/motor_v1_0/src -s libs  "SHELL=CMD" "COMPILER=mb-gcc" "ASSEMBLER=mb-as" "ARCHIVER=mb-ar" "COMPILER_
TRACE::2026-01-28.00:24:56::SCWMssOS::FLAGS=  -O2 -c -mcpu=v11.0 -mlittle-endian -mxl-soft-mul" "EXTRA_COMPILER_FLAGS=-g -ffunction-sections -fdata-sections -Wall -W
TRACE::2026-01-28.00:24:56::SCWMssOS::extra -fno-tree-loop-distribute-patterns"

TRACE::2026-01-28.00:24:56::SCWMssOS::"Compiling motor..."

TRACE::2026-01-28.00:24:56::SCWMssOS::"Running Make libs in microblaze_0/libsrc/teclado_v1_0/src"

TRACE::2026-01-28.00:24:56::SCWMssOS::make -C microblaze_0/libsrc/teclado_v1_0/src -s libs  "SHELL=CMD" "COMPILER=mb-gcc" "ASSEMBLER=mb-as" "ARCHIVER=mb-ar" "COMPILE
TRACE::2026-01-28.00:24:56::SCWMssOS::R_FLAGS=  -O2 -c -mcpu=v11.0 -mlittle-endian -mxl-soft-mul" "EXTRA_COMPILER_FLAGS=-g -ffunction-sections -fdata-sections -Wall 
TRACE::2026-01-28.00:24:56::SCWMssOS::-Wextra -fno-tree-loop-distribute-patterns"

TRACE::2026-01-28.00:24:56::SCWMssOS::"Compiling teclado..."

TRACE::2026-01-28.00:24:57::SCWMssOS::'Finished building libraries sequentially.'

TRACE::2026-01-28.00:24:57::SCWMssOS::make -j 2 --no-print-directory par_libs

TRACE::2026-01-28.00:24:57::SCWMssOS::"Running Make include in microblaze_0/libsrc/bram_v4_8/src"

TRACE::2026-01-28.00:24:57::SCWMssOS::make -C microblaze_0/libsrc/bram_v4_8/src -s include  "SHELL=CMD" "COMPILER=mb-gcc" "ASSEMBLER=mb-as" "ARCHIVER=mb-ar" "COMPILE
TRACE::2026-01-28.00:24:57::SCWMssOS::R_FLAGS=  -O2 -c -mcpu=v11.0 -mlittle-endian -mxl-soft-mul" "EXTRA_COMPILER_FLAGS=-g -ffunction-sections -fdata-sections -Wall 
TRACE::2026-01-28.00:24:57::SCWMssOS::-Wextra -fno-tree-loop-distribute-patterns"

TRACE::2026-01-28.00:24:57::SCWMssOS::"Running Make include in microblaze_0/libsrc/copro_v1_0/src"

TRACE::2026-01-28.00:24:57::SCWMssOS::make -C microblaze_0/libsrc/copro_v1_0/src -s include  "SHELL=CMD" "COMPILER=mb-gcc" "ASSEMBLER=mb-as" "ARCHIVER=mb-ar" "COMPIL
TRACE::2026-01-28.00:24:57::SCWMssOS::ER_FLAGS=  -O2 -c -mcpu=v11.0 -mlittle-endian -mxl-soft-mul" "EXTRA_COMPILER_FLAGS=-g -ffunction-sections -fdata-sections -Wall
TRACE::2026-01-28.00:24:57::SCWMssOS:: -Wextra -fno-tree-loop-distribute-patterns"

TRACE::2026-01-28.00:24:57::SCWMssOS::"Running Make include in microblaze_0/libsrc/cpu_v2_17/src"

TRACE::2026-01-28.00:24:57::SCWMssOS::make -C microblaze_0/libsrc/cpu_v2_17/src -s include  "SHELL=CMD" "COMPILER=mb-gcc" "ASSEMBLER=mb-as" "ARCHIVER=mb-ar" "COMPILE
TRACE::2026-01-28.00:24:57::SCWMssOS::R_FLAGS=  -O2 -c -mcpu=v11.0 -mlittle-endian -mxl-soft-mul" "EXTRA_COMPILER_FLAGS=-g -ffunction-sections -fdata-sections -Wall 
TRACE::2026-01-28.00:24:57::SCWMssOS::-Wextra -fno-tree-loop-distribute-patterns"

TRACE::2026-01-28.00:24:57::SCWMssOS::"Running Make include in microblaze_0/libsrc/matrizpuntos_v1_0/src"

TRACE::2026-01-28.00:24:57::SCWMssOS::make -C microblaze_0/libsrc/matrizpuntos_v1_0/src -s include  "SHELL=CMD" "COMPILER=mb-gcc" "ASSEMBLER=mb-as" "ARCHIVER=mb-ar" 
TRACE::2026-01-28.00:24:57::SCWMssOS::"COMPILER_FLAGS=  -O2 -c -mcpu=v11.0 -mlittle-endian -mxl-soft-mul" "EXTRA_COMPILER_FLAGS=-g -ffunction-sections -fdata-section
TRACE::2026-01-28.00:24:57::SCWMssOS::s -Wall -Wextra -fno-tree-loop-distribute-patterns"

TRACE::2026-01-28.00:24:57::SCWMssOS::"Running Make include in microblaze_0/libsrc/motor_v1_0/src"

TRACE::2026-01-28.00:24:57::SCWMssOS::make -C microblaze_0/libsrc/motor_v1_0/src -s include  "SHELL=CMD" "COMPILER=mb-gcc" "ASSEMBLER=mb-as" "ARCHIVER=mb-ar" "COMPIL
TRACE::2026-01-28.00:24:57::SCWMssOS::ER_FLAGS=  -O2 -c -mcpu=v11.0 -mlittle-endian -mxl-soft-mul" "EXTRA_COMPILER_FLAGS=-g -ffunction-sections -fdata-sections -Wall
TRACE::2026-01-28.00:24:57::SCWMssOS:: -Wextra -fno-tree-loop-distribute-patterns"

TRACE::2026-01-28.00:24:57::SCWMssOS::"Running Make include in microblaze_0/libsrc/standalone_v8_1/src"

TRACE::2026-01-28.00:24:57::SCWMssOS::make -C microblaze_0/libsrc/standalone_v8_1/src -s include  "SHELL=CMD" "COMPILER=mb-gcc" "ASSEMBLER=mb-as" "ARCHIVER=mb-ar" "C
TRACE::2026-01-28.00:24:57::SCWMssOS::OMPILER_FLAGS=  -O2 -c -mcpu=v11.0 -mlittle-endian -mxl-soft-mul" "EXTRA_COMPILER_FLAGS=-g -ffunction-sections -fdata-sections 
TRACE::2026-01-28.00:24:57::SCWMssOS::-Wall -Wextra -fno-tree-loop-distribute-patterns"

TRACE::2026-01-28.00:24:57::SCWMssOS::"Running Make include in microblaze_0/libsrc/teclado_v1_0/src"

TRACE::2026-01-28.00:24:57::SCWMssOS::make -C microblaze_0/libsrc/teclado_v1_0/src -s include  "SHELL=CMD" "COMPILER=mb-gcc" "ASSEMBLER=mb-as" "ARCHIVER=mb-ar" "COMP
TRACE::2026-01-28.00:24:57::SCWMssOS::ILER_FLAGS=  -O2 -c -mcpu=v11.0 -mlittle-endian -mxl-soft-mul" "EXTRA_COMPILER_FLAGS=-g -ffunction-sections -fdata-sections -Wa
TRACE::2026-01-28.00:24:57::SCWMssOS::ll -Wextra -fno-tree-loop-distribute-patterns"

TRACE::2026-01-28.00:24:57::SCWMssOS::"Running Make include in microblaze_0/libsrc/uartlite_v3_8/src"

TRACE::2026-01-28.00:24:57::SCWMssOS::make -C microblaze_0/libsrc/uartlite_v3_8/src -s include  "SHELL=CMD" "COMPILER=mb-gcc" "ASSEMBLER=mb-as" "ARCHIVER=mb-ar" "COM
TRACE::2026-01-28.00:24:57::SCWMssOS::PILER_FLAGS=  -O2 -c -mcpu=v11.0 -mlittle-endian -mxl-soft-mul" "EXTRA_COMPILER_FLAGS=-g -ffunction-sections -fdata-sections -W
TRACE::2026-01-28.00:24:57::SCWMssOS::all -Wextra -fno-tree-loop-distribute-patterns"

TRACE::2026-01-28.00:24:57::SCWMssOS::"Running Make libs in microblaze_0/libsrc/bram_v4_8/src"

TRACE::2026-01-28.00:24:57::SCWMssOS::make -C microblaze_0/libsrc/bram_v4_8/src -s libs  "SHELL=CMD" "COMPILER=mb-gcc" "ASSEMBLER=mb-as" "ARCHIVER=mb-ar" "COMPILER_F
TRACE::2026-01-28.00:24:57::SCWMssOS::LAGS=  -O2 -c -mcpu=v11.0 -mlittle-endian -mxl-soft-mul" "EXTRA_COMPILER_FLAGS=-g -ffunction-sections -fdata-sections -Wall -We
TRACE::2026-01-28.00:24:57::SCWMssOS::xtra -fno-tree-loop-distribute-patterns"

TRACE::2026-01-28.00:24:57::SCWMssOS::"Running Make libs in microblaze_0/libsrc/cpu_v2_17/src"

TRACE::2026-01-28.00:24:57::SCWMssOS::make -C microblaze_0/libsrc/cpu_v2_17/src -s libs  "SHELL=CMD" "COMPILER=mb-gcc" "ASSEMBLER=mb-as" "ARCHIVER=mb-ar" "COMPILER_F
TRACE::2026-01-28.00:24:57::SCWMssOS::LAGS=  -O2 -c -mcpu=v11.0 -mlittle-endian -mxl-soft-mul" "EXTRA_COMPILER_FLAGS=-g -ffunction-sections -fdata-sections -Wall -We
TRACE::2026-01-28.00:24:57::SCWMssOS::xtra -fno-tree-loop-distribute-patterns"

TRACE::2026-01-28.00:24:58::SCWMssOS::"Running Make libs in microblaze_0/libsrc/standalone_v8_1/src"

TRACE::2026-01-28.00:24:58::SCWMssOS::make -C microblaze_0/libsrc/standalone_v8_1/src -s libs  "SHELL=CMD" "COMPILER=mb-gcc" "ASSEMBLER=mb-as" "ARCHIVER=mb-ar" "COMP
TRACE::2026-01-28.00:24:58::SCWMssOS::ILER_FLAGS=  -O2 -c -mcpu=v11.0 -mlittle-endian -mxl-soft-mul" "EXTRA_COMPILER_FLAGS=-g -ffunction-sections -fdata-sections -Wa
TRACE::2026-01-28.00:24:58::SCWMssOS::ll -Wextra -fno-tree-loop-distribute-patterns"

TRACE::2026-01-28.00:24:58::SCWMssOS::"Running Make libs in microblaze_0/libsrc/uartlite_v3_8/src"

TRACE::2026-01-28.00:24:59::SCWMssOS::make -C microblaze_0/libsrc/uartlite_v3_8/src -s libs  "SHELL=CMD" "COMPILER=mb-gcc" "ASSEMBLER=mb-as" "ARCHIVER=mb-ar" "COMPIL
TRACE::2026-01-28.00:24:59::SCWMssOS::ER_FLAGS=  -O2 -c -mcpu=v11.0 -mlittle-endian -mxl-soft-mul" "EXTRA_COMPILER_FLAGS=-g -ffunction-sections -fdata-sections -Wall
TRACE::2026-01-28.00:24:59::SCWMssOS:: -Wextra -fno-tree-loop-distribute-patterns"

TRACE::2026-01-28.00:25:04::SCWMssOS::"DEBUG NON_LTO_OBJECTS is ../../../lib/microblaze_interrupt_handler.o"

TRACE::2026-01-28.00:25:04::SCWMssOS::'Finished building libraries parallelly.'

TRACE::2026-01-28.00:25:04::SCWMssOS::make --no-print-directory archive

TRACE::2026-01-28.00:25:04::SCWMssOS::mb-ar -r  microblaze_0/lib/libxil.a microblaze_0/lib/_exit.o microblaze_0/lib/errno.o microblaze_0/lib/fcntl.o microblaze_0/lib
TRACE::2026-01-28.00:25:04::SCWMssOS::/hw_exception_handler.o microblaze_0/lib/inbyte.o microblaze_0/lib/microblaze_disable_dcache.o microblaze_0/lib/microblaze_disa
TRACE::2026-01-28.00:25:04::SCWMssOS::ble_exceptions.o microblaze_0/lib/microblaze_disable_icache.o microblaze_0/lib/microblaze_disable_interrupts.o microblaze_0/lib
TRACE::2026-01-28.00:25:04::SCWMssOS::/microblaze_enable_dcache.o microblaze_0/lib/microblaze_enable_exceptions.o microblaze_0/lib/microblaze_enable_icache.o microbl
TRACE::2026-01-28.00:25:04::SCWMssOS::aze_0/lib/microblaze_enable_interrupts.o microblaze_0/lib/microblaze_exception_handler.o microblaze_0/lib/microblaze_flush_cach
TRACE::2026-01-28.00:25:04::SCWMssOS::e_ext.o microblaze_0/lib/microblaze_flush_cache_ext_range.o microblaze_0/lib/microblaze_flush_dcache.o microblaze_0/lib/microbl
TRACE::2026-01-28.00:25:04::SCWMssOS::aze_flush_dcache_range.o microblaze_0/lib/microblaze_init_dcache_range.o microblaze_0/lib/microblaze_init_icache_range.o microb
TRACE::2026-01-28.00:25:04::SCWMssOS::laze_0/lib/microblaze_interrupt_handler.o microblaze_0/lib/microblaze_interrupts_g.o microblaze_0/lib/microblaze_invalidate_cac
TRACE::2026-01-28.00:25:04::SCWMssOS::he_ext.o microblaze_0/lib/microblaze_invalidate_cache_ext_range.o microblaze_0/lib/microblaze_invalidate_dcache.o microblaze_0/
TRACE::2026-01-28.00:25:04::SCWMssOS::lib/microblaze_invalidate_dcache_range.o microblaze_0/lib/microblaze_invalidate_icache.o microblaze_0/lib/microblaze_invalidate
TRACE::2026-01-28.00:25:04::SCWMssOS::_icache_range.o microblaze_0/lib/microblaze_scrub.o microblaze_0/lib/microblaze_selftest.o microblaze_0/lib/microblaze_sleep.o 
TRACE::2026-01-28.00:25:04::SCWMssOS::microblaze_0/lib/microblaze_update_dcache.o microblaze_0/lib/microblaze_update_icache.o microblaze_0/lib/outbyte.o microblaze_0
TRACE::2026-01-28.00:25:04::SCWMssOS::/lib/print.o microblaze_0/lib/pvr.o microblaze_0/lib/xbram.o microblaze_0/lib/xbram_g.o microblaze_0/lib/xbram_intr.o microblaz
TRACE::2026-01-28.00:25:04::SCWMssOS::e_0/lib/xbram_selftest.o microblaze_0/lib/xbram_sinit.o microblaze_0/lib/xil_assert.o microblaze_0/lib/xil_cache.o microblaze_0
TRACE::2026-01-28.00:25:04::SCWMssOS::/lib/xil_clocking.o microblaze_0/lib/xil_exception.o microblaze_0/lib/xil_mem.o microblaze_0/lib/xil_misc_psreset_api.o microbl
TRACE::2026-01-28.00:25:04::SCWMssOS::aze_0/lib/xil_printf.o microblaze_0/lib/xil_sleepcommon.o microblaze_0/lib/xil_testcache.o microblaze_0/lib/xil_testio.o microb
TRACE::2026-01-28.00:25:04::SCWMssOS::laze_0/lib/xil_testmem.o microblaze_0/lib/xil_util.o microblaze_0/lib/xinterrupt_wrap.o microblaze_0/lib/xio.o microblaze_0/lib
TRACE::2026-01-28.00:25:04::SCWMssOS::/xplatform_info.o microblaze_0/lib/xuartlite.o microblaze_0/lib/xuartlite_g.o microblaze_0/lib/xuartlite_intr.o microblaze_0/li
TRACE::2026-01-28.00:25:04::SCWMssOS::b/xuartlite_l.o microblaze_0/lib/xuartlite_selftest.o microblaze_0/lib/xuartlite_sinit.o microblaze_0/lib/xuartlite_stats.o

TRACE::2026-01-28.00:25:04::SCWMssOS::'Finished building libraries'

TRACE::2026-01-28.00:25:05::SCWMssOS::Copying to export directory.
TRACE::2026-01-28.00:25:07::SCWMssOS:: Checking if to create the Supporting Applications
TRACE::2026-01-28.00:25:07::SCWMssOS:: No Linux domain exists, trying to generate FSBL 
LOG::2026-01-28.00:25:07::SCWSystem::Completed Processing the domain standalone_microblaze_0
LOG::2026-01-28.00:25:07::SCWSystem::Completed Processing the sysconfig design_1_wrapper_12
LOG::2026-01-28.00:25:07::SCWPlatform::Completed generating the artifacts for system configuration design_1_wrapper_12
TRACE::2026-01-28.00:25:07::SCWPlatform::Started preparing the platform 
TRACE::2026-01-28.00:25:07::SCWSystem::Writing the bif file for system config design_1_wrapper_12
TRACE::2026-01-28.00:25:07::SCWSystem::dir created 
TRACE::2026-01-28.00:25:07::SCWSystem::Writing the bif 
TRACE::2026-01-28.00:25:07::SCWPlatform::Started writing the spfm file 
TRACE::2026-01-28.00:25:07::SCWPlatform::Started writing the xpfm file 
TRACE::2026-01-28.00:25:07::SCWPlatform::Completed generating the platform
TRACE::2026-01-28.00:25:07::SCWMssOS::Saving the mss changes C:/Users/Usuario/workspace/design_1_wrapper_12/microblaze_0/standalone_microblaze_0/bsp/system.mss
TRACE::2026-01-28.00:25:07::SCWMssOS::Found a swdesign opened with the mssfile.
TRACE::2026-01-28.00:25:07::SCWMssOS::Completed writemss as part of save.
TRACE::2026-01-28.00:25:07::SCWMssOS::Commit changes completed.
TRACE::2026-01-28.00:25:07::SCWPlatform::Trying to open the hw design at C:/Users/Usuario/workspace/design_1_wrapper_12/hw/design_1_wrapper.xsa
TRACE::2026-01-28.00:25:07::SCWPlatform::DSA given C:/Users/Usuario/workspace/design_1_wrapper_12/hw/design_1_wrapper.xsa
TRACE::2026-01-28.00:25:07::SCWPlatform::DSA absoulate path C:/Users/Usuario/workspace/design_1_wrapper_12/hw/design_1_wrapper.xsa
TRACE::2026-01-28.00:25:07::SCWPlatform::DSA directory C:/Users/Usuario/workspace/design_1_wrapper_12/hw
TRACE::2026-01-28.00:25:07::SCWPlatform:: Platform Path C:/Users/Usuario/workspace/design_1_wrapper_12/hw/design_1_wrapper.xsa
TRACE::2026-01-28.00:25:07::SCWPlatform:: Unique name xilinx:basys3::0.0
TRACE::2026-01-28.00:25:07::SCWPlatform::Trying to set the existing hwdb with name design_1_wrapper_0
TRACE::2026-01-28.00:25:07::SCWPlatform::Opened existing hwdb design_1_wrapper_0
TRACE::2026-01-28.00:25:07::SCWPlatform::Found the Hw Db part of the input DSA
TRACE::2026-01-28.00:25:07::SCWMssOS::Checking the sw design at  C:/Users/Usuario/workspace/design_1_wrapper_12/microblaze_0/standalone_microblaze_0/bsp/system.mss
TRACE::2026-01-28.00:25:07::SCWMssOS::DEBUG:  swdes dump  C:/Users/Usuario/workspace/design_1_wrapper_12/microblaze_0/standalone_microblaze_0/bsp/system.mss|system||

TRACE::2026-01-28.00:25:07::SCWMssOS::Sw design exists and opened at  C:/Users/Usuario/workspace/design_1_wrapper_12/microblaze_0/standalone_microblaze_0/bsp/system.mss
TRACE::2026-01-28.00:25:07::SCWPlatform::Trying to open the hw design at C:/Users/Usuario/workspace/design_1_wrapper_12/hw/design_1_wrapper.xsa
TRACE::2026-01-28.00:25:07::SCWPlatform::DSA given C:/Users/Usuario/workspace/design_1_wrapper_12/hw/design_1_wrapper.xsa
TRACE::2026-01-28.00:25:07::SCWPlatform::DSA absoulate path C:/Users/Usuario/workspace/design_1_wrapper_12/hw/design_1_wrapper.xsa
TRACE::2026-01-28.00:25:07::SCWPlatform::DSA directory C:/Users/Usuario/workspace/design_1_wrapper_12/hw
TRACE::2026-01-28.00:25:07::SCWPlatform:: Platform Path C:/Users/Usuario/workspace/design_1_wrapper_12/hw/design_1_wrapper.xsa
TRACE::2026-01-28.00:25:07::SCWPlatform:: Unique name xilinx:basys3::0.0
TRACE::2026-01-28.00:25:07::SCWPlatform::Trying to set the existing hwdb with name design_1_wrapper_0
TRACE::2026-01-28.00:25:07::SCWPlatform::Opened existing hwdb design_1_wrapper_0
TRACE::2026-01-28.00:25:07::SCWPlatform::Found the Hw Db part of the input DSA
TRACE::2026-01-28.00:25:07::SCWMssOS::Checking the sw design at  C:/Users/Usuario/workspace/design_1_wrapper_12/microblaze_0/standalone_microblaze_0/bsp/system.mss
TRACE::2026-01-28.00:25:07::SCWMssOS::DEBUG:  swdes dump  C:/Users/Usuario/workspace/design_1_wrapper_12/microblaze_0/standalone_microblaze_0/bsp/system.mss|system||

TRACE::2026-01-28.00:25:07::SCWMssOS::Sw design exists and opened at  C:/Users/Usuario/workspace/design_1_wrapper_12/microblaze_0/standalone_microblaze_0/bsp/system.mss
TRACE::2026-01-28.00:25:07::SCWPlatform::Trying to open the hw design at C:/Users/Usuario/workspace/design_1_wrapper_12/hw/design_1_wrapper.xsa
TRACE::2026-01-28.00:25:07::SCWPlatform::DSA given C:/Users/Usuario/workspace/design_1_wrapper_12/hw/design_1_wrapper.xsa
TRACE::2026-01-28.00:25:07::SCWPlatform::DSA absoulate path C:/Users/Usuario/workspace/design_1_wrapper_12/hw/design_1_wrapper.xsa
TRACE::2026-01-28.00:25:07::SCWPlatform::DSA directory C:/Users/Usuario/workspace/design_1_wrapper_12/hw
TRACE::2026-01-28.00:25:07::SCWPlatform:: Platform Path C:/Users/Usuario/workspace/design_1_wrapper_12/hw/design_1_wrapper.xsa
TRACE::2026-01-28.00:25:07::SCWPlatform:: Unique name xilinx:basys3::0.0
TRACE::2026-01-28.00:25:07::SCWPlatform::Trying to set the existing hwdb with name design_1_wrapper_0
TRACE::2026-01-28.00:25:07::SCWPlatform::Opened existing hwdb design_1_wrapper_0
TRACE::2026-01-28.00:25:07::SCWPlatform::Found the Hw Db part of the input DSA
TRACE::2026-01-28.00:25:07::SCWMssOS::Checking the sw design at  C:/Users/Usuario/workspace/design_1_wrapper_12/microblaze_0/standalone_microblaze_0/bsp/system.mss
TRACE::2026-01-28.00:25:07::SCWMssOS::DEBUG:  swdes dump  C:/Users/Usuario/workspace/design_1_wrapper_12/microblaze_0/standalone_microblaze_0/bsp/system.mss|system||

TRACE::2026-01-28.00:25:07::SCWMssOS::Sw design exists and opened at  C:/Users/Usuario/workspace/design_1_wrapper_12/microblaze_0/standalone_microblaze_0/bsp/system.mss
TRACE::2026-01-28.00:25:07::SCWWriter::formatted JSON is {
	"platformName":	"design_1_wrapper_12",
	"sprVersion":	"2.0",
	"mode":	"gui",
	"dsaType":	"Fixed",
	"platformDesc":	"design_1_wrapper_12",
	"platHandOff":	"C:/Users/Usuario/Desktop/Uni/Semestre 7/SE/SE-FinalProject/FinalProyect/design_1_wrapper.xsa",
	"platIntHandOff":	"<platformDir>/hw/design_1_wrapper.xsa",
	"deviceType":	"FPGA",
	"platIsPrebuiltAutogen":	"false",
	"platIsNoBootBsp":	"false",
	"hasFsblMakeHasChanges":	"false",
	"hasPmufwMakeHasChanges":	"false",
	"platPreBuiltFlag":	false,
	"platformSamplesDir":	"",
	"platActiveSys":	"design_1_wrapper_12",
	"systems":	[{
			"systemName":	"design_1_wrapper_12",
			"systemDesc":	"design_1_wrapper_12",
			"sysIsBootAutoGen":	"true",
			"systemDispName":	"design_1_wrapper_12",
			"sysActiveDom":	"standalone_microblaze_0",
			"sysDefaultDom":	"standalone_microblaze_0",
			"domains":	[{
					"domainName":	"standalone_microblaze_0",
					"domainDispName":	"standalone_microblaze_0",
					"domainDesc":	"standalone_microblaze_0",
					"processors":	"microblaze_0",
					"os":	"standalone",
					"sdxOs":	"standalone",
					"debugEnable":	"False",
					"domRuntimes":	["cpp"],
					"swRepo":	"",
					"mssOsVer":	"8.1",
					"mssFile":	"",
					"md5Digest":	"50602421d933ca1c641a7019f6187159",
					"compatibleApp":	"peripheral_tests",
					"domType":	"mssDomain",
					"arch":	"32-bit",
					"appSettings":	{
						"appCompilerFlags":	"",
						"appLinkerFlags":	""
					},
					"addedLibs":	[],
					"libOptions":	{
						"libsContainingOptions":	[]
					},
					"prebuiltLibs":	{
						"prebuiltIncPath":	[],
						"prebuiltLibPath":	[]
					},
					"isolation":	{
					}
				}]
		}]
}
KEYINFO::2026-01-28.00:25:07::SCWPlatform::updated the xpfm file.
TRACE::2026-01-28.00:25:07::SCWPlatform::Trying to open the hw design at C:/Users/Usuario/workspace/design_1_wrapper_12/hw/design_1_wrapper.xsa
TRACE::2026-01-28.00:25:07::SCWPlatform::DSA given C:/Users/Usuario/workspace/design_1_wrapper_12/hw/design_1_wrapper.xsa
TRACE::2026-01-28.00:25:07::SCWPlatform::DSA absoulate path C:/Users/Usuario/workspace/design_1_wrapper_12/hw/design_1_wrapper.xsa
TRACE::2026-01-28.00:25:07::SCWPlatform::DSA directory C:/Users/Usuario/workspace/design_1_wrapper_12/hw
TRACE::2026-01-28.00:25:07::SCWPlatform:: Platform Path C:/Users/Usuario/workspace/design_1_wrapper_12/hw/design_1_wrapper.xsa
TRACE::2026-01-28.00:25:07::SCWPlatform:: Unique name xilinx:basys3::0.0
TRACE::2026-01-28.00:25:07::SCWPlatform::Trying to set the existing hwdb with name design_1_wrapper_0
TRACE::2026-01-28.00:25:07::SCWPlatform::Opened existing hwdb design_1_wrapper_0
TRACE::2026-01-28.00:25:07::SCWPlatform::Found the Hw Db part of the input DSA
TRACE::2026-01-28.00:25:07::SCWMssOS::Checking the sw design at  C:/Users/Usuario/workspace/design_1_wrapper_12/microblaze_0/standalone_microblaze_0/bsp/system.mss
TRACE::2026-01-28.00:25:07::SCWMssOS::DEBUG:  swdes dump  C:/Users/Usuario/workspace/design_1_wrapper_12/microblaze_0/standalone_microblaze_0/bsp/system.mss|system||

TRACE::2026-01-28.00:25:07::SCWMssOS::Sw design exists and opened at  C:/Users/Usuario/workspace/design_1_wrapper_12/microblaze_0/standalone_microblaze_0/bsp/system.mss
