TRACE::2026-01-15.14:20:42::SCWPlatform::Trying to open the hw design at U:/hlocal/design_1_wrapper_1/hw/design_1_wrapper.xsa
TRACE::2026-01-15.14:20:42::SCWPlatform::DSA given U:/hlocal/design_1_wrapper_1/hw/design_1_wrapper.xsa
TRACE::2026-01-15.14:20:42::SCWPlatform::DSA absoulate path U:/hlocal/design_1_wrapper_1/hw/design_1_wrapper.xsa
TRACE::2026-01-15.14:20:42::SCWPlatform::DSA directory U:/hlocal/design_1_wrapper_1/hw
TRACE::2026-01-15.14:20:42::SCWPlatform:: Platform Path U:/hlocal/design_1_wrapper_1/hw/design_1_wrapper.xsa
TRACE::2026-01-15.14:20:42::SCWPlatform:: Unique name xilinx:basys3::0.0
TRACE::2026-01-15.14:20:42::SCWPlatform::Do not have an existing db opened. 
TRACE::2026-01-15.14:20:42::SCWPlatform::Opened new HwDB with name design_1_wrapper_0
TRACE::2026-01-15.14:20:42::SCWWriter::formatted JSON is {
	"platformName":	"design_1_wrapper_1",
	"sprVersion":	"2.0",
	"mode":	"gui",
	"dsaType":	"Fixed",
	"platformDesc":	"design_1_wrapper_1",
	"platHandOff":	"U:/hlocal/estaSI/design_1_wrapper.xsa",
	"platIntHandOff":	"<platformDir>/hw/design_1_wrapper.xsa",
	"deviceType":	"FPGA",
	"platIsPrebuiltAutogen":	"false",
	"platIsNoBootBsp":	"false",
	"hasFsblMakeHasChanges":	"false",
	"hasPmufwMakeHasChanges":	"false",
	"platPreBuiltFlag":	false,
	"platformSamplesDir":	""
}
TRACE::2026-01-15.14:20:42::SCWWriter::formatted JSON is {
	"platformName":	"design_1_wrapper_1",
	"sprVersion":	"2.0",
	"mode":	"gui",
	"dsaType":	"Fixed",
	"platformDesc":	"design_1_wrapper_1",
	"platHandOff":	"U:/hlocal/estaSI/design_1_wrapper.xsa",
	"platIntHandOff":	"<platformDir>/hw/design_1_wrapper.xsa",
	"deviceType":	"FPGA",
	"platIsPrebuiltAutogen":	"false",
	"platIsNoBootBsp":	"false",
	"hasFsblMakeHasChanges":	"false",
	"hasPmufwMakeHasChanges":	"false",
	"platPreBuiltFlag":	false,
	"platformSamplesDir":	"",
	"platActiveSys":	"design_1_wrapper_1",
	"systems":	[{
			"systemName":	"design_1_wrapper_1",
			"systemDesc":	"design_1_wrapper_1",
			"sysIsBootAutoGen":	"true",
			"systemDispName":	"design_1_wrapper_1"
		}]
}
TRACE::2026-01-15.14:20:42::SCWPlatform::Boot application domains not present, creating them
TRACE::2026-01-15.14:20:42::SCWPlatform::Pure FPGA device, no boot application will be created.
TRACE::2026-01-15.14:20:42::SCWWriter::formatted JSON is {
	"platformName":	"design_1_wrapper_1",
	"sprVersion":	"2.0",
	"mode":	"gui",
	"dsaType":	"Fixed",
	"platformDesc":	"design_1_wrapper_1",
	"platHandOff":	"U:/hlocal/estaSI/design_1_wrapper.xsa",
	"platIntHandOff":	"<platformDir>/hw/design_1_wrapper.xsa",
	"deviceType":	"FPGA",
	"platIsPrebuiltAutogen":	"false",
	"platIsNoBootBsp":	"false",
	"hasFsblMakeHasChanges":	"false",
	"hasPmufwMakeHasChanges":	"false",
	"platPreBuiltFlag":	false,
	"platformSamplesDir":	"",
	"platActiveSys":	"design_1_wrapper_1",
	"systems":	[{
			"systemName":	"design_1_wrapper_1",
			"systemDesc":	"design_1_wrapper_1",
			"sysIsBootAutoGen":	"true",
			"systemDispName":	"design_1_wrapper_1"
		}]
}
TRACE::2026-01-15.14:20:42::SCWWriter::formatted JSON is {
	"platformName":	"design_1_wrapper_1",
	"sprVersion":	"2.0",
	"mode":	"gui",
	"dsaType":	"Fixed",
	"platformDesc":	"design_1_wrapper_1",
	"platHandOff":	"U:/hlocal/estaSI/design_1_wrapper.xsa",
	"platIntHandOff":	"<platformDir>/hw/design_1_wrapper.xsa",
	"deviceType":	"FPGA",
	"platIsPrebuiltAutogen":	"false",
	"platIsNoBootBsp":	"false",
	"hasFsblMakeHasChanges":	"false",
	"hasPmufwMakeHasChanges":	"false",
	"platPreBuiltFlag":	false,
	"platformSamplesDir":	"",
	"platActiveSys":	"design_1_wrapper_1",
	"systems":	[{
			"systemName":	"design_1_wrapper_1",
			"systemDesc":	"design_1_wrapper_1",
			"sysIsBootAutoGen":	"true",
			"systemDispName":	"design_1_wrapper_1"
		}]
}
TRACE::2026-01-15.14:20:42::SCWPlatform::Trying to open the hw design at U:/hlocal/design_1_wrapper_1/hw/design_1_wrapper.xsa
TRACE::2026-01-15.14:20:42::SCWPlatform::DSA given U:/hlocal/design_1_wrapper_1/hw/design_1_wrapper.xsa
TRACE::2026-01-15.14:20:42::SCWPlatform::DSA absoulate path U:/hlocal/design_1_wrapper_1/hw/design_1_wrapper.xsa
TRACE::2026-01-15.14:20:42::SCWPlatform::DSA directory U:/hlocal/design_1_wrapper_1/hw
TRACE::2026-01-15.14:20:42::SCWPlatform:: Platform Path U:/hlocal/design_1_wrapper_1/hw/design_1_wrapper.xsa
TRACE::2026-01-15.14:20:42::SCWPlatform:: Unique name xilinx:basys3::0.0
TRACE::2026-01-15.14:20:42::SCWPlatform::Trying to set the existing hwdb with name design_1_wrapper_0
TRACE::2026-01-15.14:20:42::SCWPlatform::Opened existing hwdb design_1_wrapper_0
TRACE::2026-01-15.14:20:42::SCWPlatform::Found the Hw Db part of the input DSA
TRACE::2026-01-15.14:20:42::SCWPlatform::Trying to open the hw design at U:/hlocal/design_1_wrapper_1/hw/design_1_wrapper.xsa
TRACE::2026-01-15.14:20:42::SCWPlatform::DSA given U:/hlocal/design_1_wrapper_1/hw/design_1_wrapper.xsa
TRACE::2026-01-15.14:20:42::SCWPlatform::DSA absoulate path U:/hlocal/design_1_wrapper_1/hw/design_1_wrapper.xsa
TRACE::2026-01-15.14:20:42::SCWPlatform::DSA directory U:/hlocal/design_1_wrapper_1/hw
TRACE::2026-01-15.14:20:42::SCWPlatform:: Platform Path U:/hlocal/design_1_wrapper_1/hw/design_1_wrapper.xsa
TRACE::2026-01-15.14:20:42::SCWPlatform:: Unique name xilinx:basys3::0.0
TRACE::2026-01-15.14:20:42::SCWPlatform::Trying to set the existing hwdb with name design_1_wrapper_0
TRACE::2026-01-15.14:20:42::SCWPlatform::Opened existing hwdb design_1_wrapper_0
TRACE::2026-01-15.14:20:42::SCWPlatform::Found the Hw Db part of the input DSA
TRACE::2026-01-15.14:20:42::SCWDomain::checking for install qemu data   : 
TRACE::2026-01-15.14:20:42::SCWPlatform::Trying to open the hw design at U:/hlocal/design_1_wrapper_1/hw/design_1_wrapper.xsa
TRACE::2026-01-15.14:20:42::SCWPlatform::DSA given U:/hlocal/design_1_wrapper_1/hw/design_1_wrapper.xsa
TRACE::2026-01-15.14:20:42::SCWPlatform::DSA absoulate path U:/hlocal/design_1_wrapper_1/hw/design_1_wrapper.xsa
TRACE::2026-01-15.14:20:42::SCWPlatform::DSA directory U:/hlocal/design_1_wrapper_1/hw
TRACE::2026-01-15.14:20:42::SCWPlatform:: Platform Path U:/hlocal/design_1_wrapper_1/hw/design_1_wrapper.xsa
TRACE::2026-01-15.14:20:42::SCWPlatform:: Unique name xilinx:basys3::0.0
TRACE::2026-01-15.14:20:42::SCWPlatform::Trying to set the existing hwdb with name design_1_wrapper_0
TRACE::2026-01-15.14:20:42::SCWPlatform::Opened existing hwdb design_1_wrapper_0
TRACE::2026-01-15.14:20:42::SCWPlatform::Found the Hw Db part of the input DSA
TRACE::2026-01-15.14:20:42::SCWPlatform::Trying to open the hw design at U:/hlocal/design_1_wrapper_1/hw/design_1_wrapper.xsa
TRACE::2026-01-15.14:20:42::SCWPlatform::DSA given U:/hlocal/design_1_wrapper_1/hw/design_1_wrapper.xsa
TRACE::2026-01-15.14:20:42::SCWPlatform::DSA absoulate path U:/hlocal/design_1_wrapper_1/hw/design_1_wrapper.xsa
TRACE::2026-01-15.14:20:42::SCWPlatform::DSA directory U:/hlocal/design_1_wrapper_1/hw
TRACE::2026-01-15.14:20:42::SCWPlatform:: Platform Path U:/hlocal/design_1_wrapper_1/hw/design_1_wrapper.xsa
TRACE::2026-01-15.14:20:42::SCWPlatform:: Unique name xilinx:basys3::0.0
TRACE::2026-01-15.14:20:42::SCWPlatform::Trying to set the existing hwdb with name design_1_wrapper_0
TRACE::2026-01-15.14:20:42::SCWPlatform::Opened existing hwdb design_1_wrapper_0
TRACE::2026-01-15.14:20:42::SCWPlatform::Found the Hw Db part of the input DSA
TRACE::2026-01-15.14:20:42::SCWPlatform::Trying to open the hw design at U:/hlocal/design_1_wrapper_1/hw/design_1_wrapper.xsa
TRACE::2026-01-15.14:20:42::SCWPlatform::DSA given U:/hlocal/design_1_wrapper_1/hw/design_1_wrapper.xsa
TRACE::2026-01-15.14:20:42::SCWPlatform::DSA absoulate path U:/hlocal/design_1_wrapper_1/hw/design_1_wrapper.xsa
TRACE::2026-01-15.14:20:42::SCWPlatform::DSA directory U:/hlocal/design_1_wrapper_1/hw
TRACE::2026-01-15.14:20:42::SCWPlatform:: Platform Path U:/hlocal/design_1_wrapper_1/hw/design_1_wrapper.xsa
TRACE::2026-01-15.14:20:42::SCWPlatform:: Unique name xilinx:basys3::0.0
TRACE::2026-01-15.14:20:42::SCWPlatform::Trying to set the existing hwdb with name design_1_wrapper_0
TRACE::2026-01-15.14:20:42::SCWPlatform::Opened existing hwdb design_1_wrapper_0
TRACE::2026-01-15.14:20:42::SCWPlatform::Found the Hw Db part of the input DSA
TRACE::2026-01-15.14:20:42::SCWMssOS::Checking the sw design at  U:/hlocal/design_1_wrapper_1/microblaze_0/standalone_microblaze_0/bsp/system.mss
TRACE::2026-01-15.14:20:42::SCWMssOS::DEBUG:  swdes dump  
TRACE::2026-01-15.14:20:42::SCWMssOS::No sw design opened at  U:/hlocal/design_1_wrapper_1/microblaze_0/standalone_microblaze_0/bsp/system.mss
TRACE::2026-01-15.14:20:42::SCWMssOS::mss does not exists at U:/hlocal/design_1_wrapper_1/microblaze_0/standalone_microblaze_0/bsp/system.mss
TRACE::2026-01-15.14:20:42::SCWMssOS::Creating sw design at  U:/hlocal/design_1_wrapper_1/microblaze_0/standalone_microblaze_0/bsp/system.mss
TRACE::2026-01-15.14:20:42::SCWMssOS::Adding the swdes entry, created swdb U:/hlocal/design_1_wrapper_1/microblaze_0/standalone_microblaze_0/bsp/system.mss with des name U:/hlocal/design_1_wrapper_1/microblaze_0/standalone_microblaze_0/bsp/system.mss
TRACE::2026-01-15.14:20:42::SCWMssOS::updating the scw layer changes to swdes at   U:/hlocal/design_1_wrapper_1/microblaze_0/standalone_microblaze_0/bsp/system.mss
TRACE::2026-01-15.14:20:42::SCWMssOS::Writing mss at U:/hlocal/design_1_wrapper_1/microblaze_0/standalone_microblaze_0/bsp/system.mss
TRACE::2026-01-15.14:20:42::SCWMssOS::Completed writing the mss file at U:/hlocal/design_1_wrapper_1/microblaze_0/standalone_microblaze_0/bsp
TRACE::2026-01-15.14:20:42::SCWMssOS::Picking up changes from newly written mss file into SCW Layer. 
TRACE::2026-01-15.14:20:42::SCWMssOS::Updated the changes from newly written mss file into SCW Layer. 
TRACE::2026-01-15.14:20:42::SCWMssOS::Completed writing the mss file at U:/hlocal/design_1_wrapper_1/microblaze_0/standalone_microblaze_0/bsp
TRACE::2026-01-15.14:20:42::SCWMssOS::Forcing BSP Sources regeneration.
TRACE::2026-01-15.14:20:43::SCWMssOS::Saving the mss changes U:/hlocal/design_1_wrapper_1/microblaze_0/standalone_microblaze_0/bsp/system.mss
TRACE::2026-01-15.14:20:43::SCWMssOS::Adding the swdes entry, mss present, able to open swdb U:/hlocal/design_1_wrapper_1/microblaze_0/standalone_microblaze_0/bsp/system.mss with des name system
TRACE::2026-01-15.14:20:43::SCWMssOS::Writing the mss file completed U:/hlocal/design_1_wrapper_1/microblaze_0/standalone_microblaze_0/bsp/system.mss
TRACE::2026-01-15.14:20:43::SCWMssOS::Commit changes completed.
TRACE::2026-01-15.14:20:43::SCWPlatform::Trying to open the hw design at U:/hlocal/design_1_wrapper_1/hw/design_1_wrapper.xsa
TRACE::2026-01-15.14:20:43::SCWPlatform::DSA given U:/hlocal/design_1_wrapper_1/hw/design_1_wrapper.xsa
TRACE::2026-01-15.14:20:43::SCWPlatform::DSA absoulate path U:/hlocal/design_1_wrapper_1/hw/design_1_wrapper.xsa
TRACE::2026-01-15.14:20:43::SCWPlatform::DSA directory U:/hlocal/design_1_wrapper_1/hw
TRACE::2026-01-15.14:20:43::SCWPlatform:: Platform Path U:/hlocal/design_1_wrapper_1/hw/design_1_wrapper.xsa
TRACE::2026-01-15.14:20:43::SCWPlatform:: Unique name xilinx:basys3::0.0
TRACE::2026-01-15.14:20:43::SCWPlatform::Trying to set the existing hwdb with name design_1_wrapper_0
TRACE::2026-01-15.14:20:43::SCWPlatform::Opened existing hwdb design_1_wrapper_0
TRACE::2026-01-15.14:20:43::SCWPlatform::Found the Hw Db part of the input DSA
TRACE::2026-01-15.14:20:43::SCWMssOS::Checking the sw design at  U:/hlocal/design_1_wrapper_1/microblaze_0/standalone_microblaze_0/bsp/system.mss
TRACE::2026-01-15.14:20:43::SCWMssOS::DEBUG:  swdes dump  U:/hlocal/design_1_wrapper_1/microblaze_0/standalone_microblaze_0/bsp/system.mss|system||

TRACE::2026-01-15.14:20:43::SCWMssOS::Sw design exists and opened at  U:/hlocal/design_1_wrapper_1/microblaze_0/standalone_microblaze_0/bsp/system.mss
TRACE::2026-01-15.14:20:43::SCWPlatform::Trying to open the hw design at U:/hlocal/design_1_wrapper_1/hw/design_1_wrapper.xsa
TRACE::2026-01-15.14:20:43::SCWPlatform::DSA given U:/hlocal/design_1_wrapper_1/hw/design_1_wrapper.xsa
TRACE::2026-01-15.14:20:43::SCWPlatform::DSA absoulate path U:/hlocal/design_1_wrapper_1/hw/design_1_wrapper.xsa
TRACE::2026-01-15.14:20:43::SCWPlatform::DSA directory U:/hlocal/design_1_wrapper_1/hw
TRACE::2026-01-15.14:20:43::SCWPlatform:: Platform Path U:/hlocal/design_1_wrapper_1/hw/design_1_wrapper.xsa
TRACE::2026-01-15.14:20:43::SCWPlatform:: Unique name xilinx:basys3::0.0
TRACE::2026-01-15.14:20:43::SCWPlatform::Trying to set the existing hwdb with name design_1_wrapper_0
TRACE::2026-01-15.14:20:43::SCWPlatform::Opened existing hwdb design_1_wrapper_0
TRACE::2026-01-15.14:20:43::SCWPlatform::Found the Hw Db part of the input DSA
TRACE::2026-01-15.14:20:43::SCWMssOS::Checking the sw design at  U:/hlocal/design_1_wrapper_1/microblaze_0/standalone_microblaze_0/bsp/system.mss
TRACE::2026-01-15.14:20:43::SCWMssOS::DEBUG:  swdes dump  U:/hlocal/design_1_wrapper_1/microblaze_0/standalone_microblaze_0/bsp/system.mss|system||

TRACE::2026-01-15.14:20:43::SCWMssOS::Sw design exists and opened at  U:/hlocal/design_1_wrapper_1/microblaze_0/standalone_microblaze_0/bsp/system.mss
TRACE::2026-01-15.14:20:43::SCWPlatform::Trying to open the hw design at U:/hlocal/design_1_wrapper_1/hw/design_1_wrapper.xsa
TRACE::2026-01-15.14:20:43::SCWPlatform::DSA given U:/hlocal/design_1_wrapper_1/hw/design_1_wrapper.xsa
TRACE::2026-01-15.14:20:43::SCWPlatform::DSA absoulate path U:/hlocal/design_1_wrapper_1/hw/design_1_wrapper.xsa
TRACE::2026-01-15.14:20:43::SCWPlatform::DSA directory U:/hlocal/design_1_wrapper_1/hw
TRACE::2026-01-15.14:20:43::SCWPlatform:: Platform Path U:/hlocal/design_1_wrapper_1/hw/design_1_wrapper.xsa
TRACE::2026-01-15.14:20:43::SCWPlatform:: Unique name xilinx:basys3::0.0
TRACE::2026-01-15.14:20:43::SCWPlatform::Trying to set the existing hwdb with name design_1_wrapper_0
TRACE::2026-01-15.14:20:43::SCWPlatform::Opened existing hwdb design_1_wrapper_0
TRACE::2026-01-15.14:20:43::SCWPlatform::Found the Hw Db part of the input DSA
TRACE::2026-01-15.14:20:43::SCWMssOS::Checking the sw design at  U:/hlocal/design_1_wrapper_1/microblaze_0/standalone_microblaze_0/bsp/system.mss
TRACE::2026-01-15.14:20:43::SCWMssOS::DEBUG:  swdes dump  U:/hlocal/design_1_wrapper_1/microblaze_0/standalone_microblaze_0/bsp/system.mss|system||

TRACE::2026-01-15.14:20:43::SCWMssOS::Sw design exists and opened at  U:/hlocal/design_1_wrapper_1/microblaze_0/standalone_microblaze_0/bsp/system.mss
TRACE::2026-01-15.14:20:43::SCWWriter::formatted JSON is {
	"platformName":	"design_1_wrapper_1",
	"sprVersion":	"2.0",
	"mode":	"gui",
	"dsaType":	"Fixed",
	"platformDesc":	"design_1_wrapper_1",
	"platHandOff":	"U:/hlocal/estaSI/design_1_wrapper.xsa",
	"platIntHandOff":	"<platformDir>/hw/design_1_wrapper.xsa",
	"deviceType":	"FPGA",
	"platIsPrebuiltAutogen":	"false",
	"platIsNoBootBsp":	"false",
	"hasFsblMakeHasChanges":	"false",
	"hasPmufwMakeHasChanges":	"false",
	"platPreBuiltFlag":	false,
	"platformSamplesDir":	"",
	"platActiveSys":	"design_1_wrapper_1",
	"systems":	[{
			"systemName":	"design_1_wrapper_1",
			"systemDesc":	"design_1_wrapper_1",
			"sysIsBootAutoGen":	"true",
			"systemDispName":	"design_1_wrapper_1",
			"sysActiveDom":	"standalone_microblaze_0",
			"sysDefaultDom":	"standalone_microblaze_0",
			"domains":	[{
					"domainName":	"standalone_microblaze_0",
					"domainDispName":	"standalone_microblaze_0",
					"domainDesc":	"standalone_microblaze_0",
					"processors":	"microblaze_0",
					"os":	"standalone",
					"sdxOs":	"standalone",
					"debugEnable":	"False",
					"domRuntimes":	["cpp"],
					"swRepo":	"",
					"mssOsVer":	"8.1",
					"mssFile":	"",
					"md5Digest":	"d078148c9b1a8d2219ab3dc1d6a17638",
					"compatibleApp":	"peripheral_tests",
					"domType":	"mssDomain",
					"arch":	"32-bit",
					"appSettings":	{
						"appCompilerFlags":	"",
						"appLinkerFlags":	""
					},
					"addedLibs":	[],
					"libOptions":	{
						"libsContainingOptions":	[]
					},
					"prebuiltLibs":	{
						"prebuiltIncPath":	[],
						"prebuiltLibPath":	[]
					},
					"isolation":	{
					}
				}]
		}]
}
LOG::2026-01-15.14:20:43::SCWPlatform::Started generating the artifacts platform design_1_wrapper_1
TRACE::2026-01-15.14:20:43::SCWPlatform::Sanity checking of platform is completed
LOG::2026-01-15.14:20:43::SCWPlatform::Started generating the artifacts for system configuration design_1_wrapper_1
LOG::2026-01-15.14:20:43::SCWSystem::Checking the domain standalone_microblaze_0
LOG::2026-01-15.14:20:43::SCWSystem::Not a boot domain 
LOG::2026-01-15.14:20:43::SCWSystem::Started Processing the domain standalone_microblaze_0
TRACE::2026-01-15.14:20:43::SCWDomain::Generating domain artifcats
TRACE::2026-01-15.14:20:43::SCWMssOS::Generating standalone artifcats
TRACE::2026-01-15.14:20:43::SCWMssOS:: Copying the user libraries. 
TRACE::2026-01-15.14:20:43::SCWPlatform::Trying to open the hw design at U:/hlocal/design_1_wrapper_1/hw/design_1_wrapper.xsa
TRACE::2026-01-15.14:20:43::SCWPlatform::DSA given U:/hlocal/design_1_wrapper_1/hw/design_1_wrapper.xsa
TRACE::2026-01-15.14:20:43::SCWPlatform::DSA absoulate path U:/hlocal/design_1_wrapper_1/hw/design_1_wrapper.xsa
TRACE::2026-01-15.14:20:43::SCWPlatform::DSA directory U:/hlocal/design_1_wrapper_1/hw
TRACE::2026-01-15.14:20:43::SCWPlatform:: Platform Path U:/hlocal/design_1_wrapper_1/hw/design_1_wrapper.xsa
TRACE::2026-01-15.14:20:43::SCWPlatform:: Unique name xilinx:basys3::0.0
TRACE::2026-01-15.14:20:43::SCWPlatform::Trying to set the existing hwdb with name design_1_wrapper_0
TRACE::2026-01-15.14:20:43::SCWPlatform::Opened existing hwdb design_1_wrapper_0
TRACE::2026-01-15.14:20:43::SCWPlatform::Found the Hw Db part of the input DSA
TRACE::2026-01-15.14:20:43::SCWMssOS::Checking the sw design at  U:/hlocal/design_1_wrapper_1/microblaze_0/standalone_microblaze_0/bsp/system.mss
TRACE::2026-01-15.14:20:43::SCWMssOS::DEBUG:  swdes dump  U:/hlocal/design_1_wrapper_1/microblaze_0/standalone_microblaze_0/bsp/system.mss|system||

TRACE::2026-01-15.14:20:43::SCWMssOS::Sw design exists and opened at  U:/hlocal/design_1_wrapper_1/microblaze_0/standalone_microblaze_0/bsp/system.mss
TRACE::2026-01-15.14:20:43::SCWMssOS::Completed writing the mss file at U:/hlocal/design_1_wrapper_1/microblaze_0/standalone_microblaze_0/bsp
TRACE::2026-01-15.14:20:43::SCWMssOS::Mss edits present, copying mssfile into export location U:/hlocal/design_1_wrapper_1/microblaze_0/standalone_microblaze_0/bsp/system.mss
TRACE::2026-01-15.14:20:43::SCWMssOS::bsp generated is upto date with the mss file. Skipping bsp generation.
TRACE::2026-01-15.14:20:43::SCWMssOS::BSP is already built. skipping the bsp build ... 
TRACE::2026-01-15.14:20:43::SCWDomain::Skipping the build for domain :  standalone_microblaze_0
TRACE::2026-01-15.14:20:43::SCWMssOS::skipping the bsp build ... 
TRACE::2026-01-15.14:20:43::SCWMssOS::Copying to export directory.
TRACE::2026-01-15.14:20:43::SCWMssOS:: Checking if to create the Supporting Applications
TRACE::2026-01-15.14:20:43::SCWMssOS:: No Linux domain exists, trying to generate FSBL 
LOG::2026-01-15.14:20:43::SCWSystem::Completed Processing the domain standalone_microblaze_0
LOG::2026-01-15.14:20:43::SCWSystem::Completed Processing the sysconfig design_1_wrapper_1
LOG::2026-01-15.14:20:43::SCWPlatform::Completed generating the artifacts for system configuration design_1_wrapper_1
TRACE::2026-01-15.14:20:43::SCWPlatform::Started preparing the platform 
TRACE::2026-01-15.14:20:43::SCWSystem::Writing the bif file for system config design_1_wrapper_1
TRACE::2026-01-15.14:20:43::SCWSystem::dir created 
TRACE::2026-01-15.14:20:43::SCWSystem::Writing the bif 
TRACE::2026-01-15.14:20:43::SCWPlatform::Started writing the spfm file 
TRACE::2026-01-15.14:20:43::SCWPlatform::Started writing the xpfm file 
TRACE::2026-01-15.14:20:43::SCWPlatform::Completed generating the platform
TRACE::2026-01-15.14:20:43::SCWMssOS::Saving the mss changes U:/hlocal/design_1_wrapper_1/microblaze_0/standalone_microblaze_0/bsp/system.mss
TRACE::2026-01-15.14:20:43::SCWMssOS::Found a swdesign opened with the mssfile.
TRACE::2026-01-15.14:20:43::SCWMssOS::Completed writemss as part of save.
TRACE::2026-01-15.14:20:43::SCWMssOS::Commit changes completed.
TRACE::2026-01-15.14:20:43::SCWPlatform::Trying to open the hw design at U:/hlocal/design_1_wrapper_1/hw/design_1_wrapper.xsa
TRACE::2026-01-15.14:20:43::SCWPlatform::DSA given U:/hlocal/design_1_wrapper_1/hw/design_1_wrapper.xsa
TRACE::2026-01-15.14:20:43::SCWPlatform::DSA absoulate path U:/hlocal/design_1_wrapper_1/hw/design_1_wrapper.xsa
TRACE::2026-01-15.14:20:43::SCWPlatform::DSA directory U:/hlocal/design_1_wrapper_1/hw
TRACE::2026-01-15.14:20:43::SCWPlatform:: Platform Path U:/hlocal/design_1_wrapper_1/hw/design_1_wrapper.xsa
TRACE::2026-01-15.14:20:43::SCWPlatform:: Unique name xilinx:basys3::0.0
TRACE::2026-01-15.14:20:43::SCWPlatform::Trying to set the existing hwdb with name design_1_wrapper_0
TRACE::2026-01-15.14:20:43::SCWPlatform::Opened existing hwdb design_1_wrapper_0
TRACE::2026-01-15.14:20:43::SCWPlatform::Found the Hw Db part of the input DSA
TRACE::2026-01-15.14:20:43::SCWMssOS::Checking the sw design at  U:/hlocal/design_1_wrapper_1/microblaze_0/standalone_microblaze_0/bsp/system.mss
TRACE::2026-01-15.14:20:43::SCWMssOS::DEBUG:  swdes dump  U:/hlocal/design_1_wrapper_1/microblaze_0/standalone_microblaze_0/bsp/system.mss|system||

TRACE::2026-01-15.14:20:43::SCWMssOS::Sw design exists and opened at  U:/hlocal/design_1_wrapper_1/microblaze_0/standalone_microblaze_0/bsp/system.mss
TRACE::2026-01-15.14:20:43::SCWPlatform::Trying to open the hw design at U:/hlocal/design_1_wrapper_1/hw/design_1_wrapper.xsa
TRACE::2026-01-15.14:20:43::SCWPlatform::DSA given U:/hlocal/design_1_wrapper_1/hw/design_1_wrapper.xsa
TRACE::2026-01-15.14:20:43::SCWPlatform::DSA absoulate path U:/hlocal/design_1_wrapper_1/hw/design_1_wrapper.xsa
TRACE::2026-01-15.14:20:43::SCWPlatform::DSA directory U:/hlocal/design_1_wrapper_1/hw
TRACE::2026-01-15.14:20:43::SCWPlatform:: Platform Path U:/hlocal/design_1_wrapper_1/hw/design_1_wrapper.xsa
TRACE::2026-01-15.14:20:43::SCWPlatform:: Unique name xilinx:basys3::0.0
TRACE::2026-01-15.14:20:43::SCWPlatform::Trying to set the existing hwdb with name design_1_wrapper_0
TRACE::2026-01-15.14:20:43::SCWPlatform::Opened existing hwdb design_1_wrapper_0
TRACE::2026-01-15.14:20:43::SCWPlatform::Found the Hw Db part of the input DSA
TRACE::2026-01-15.14:20:43::SCWMssOS::Checking the sw design at  U:/hlocal/design_1_wrapper_1/microblaze_0/standalone_microblaze_0/bsp/system.mss
TRACE::2026-01-15.14:20:43::SCWMssOS::DEBUG:  swdes dump  U:/hlocal/design_1_wrapper_1/microblaze_0/standalone_microblaze_0/bsp/system.mss|system||

TRACE::2026-01-15.14:20:43::SCWMssOS::Sw design exists and opened at  U:/hlocal/design_1_wrapper_1/microblaze_0/standalone_microblaze_0/bsp/system.mss
TRACE::2026-01-15.14:20:43::SCWPlatform::Trying to open the hw design at U:/hlocal/design_1_wrapper_1/hw/design_1_wrapper.xsa
TRACE::2026-01-15.14:20:43::SCWPlatform::DSA given U:/hlocal/design_1_wrapper_1/hw/design_1_wrapper.xsa
TRACE::2026-01-15.14:20:43::SCWPlatform::DSA absoulate path U:/hlocal/design_1_wrapper_1/hw/design_1_wrapper.xsa
TRACE::2026-01-15.14:20:43::SCWPlatform::DSA directory U:/hlocal/design_1_wrapper_1/hw
TRACE::2026-01-15.14:20:43::SCWPlatform:: Platform Path U:/hlocal/design_1_wrapper_1/hw/design_1_wrapper.xsa
TRACE::2026-01-15.14:20:43::SCWPlatform:: Unique name xilinx:basys3::0.0
TRACE::2026-01-15.14:20:43::SCWPlatform::Trying to set the existing hwdb with name design_1_wrapper_0
TRACE::2026-01-15.14:20:43::SCWPlatform::Opened existing hwdb design_1_wrapper_0
TRACE::2026-01-15.14:20:43::SCWPlatform::Found the Hw Db part of the input DSA
TRACE::2026-01-15.14:20:43::SCWMssOS::Checking the sw design at  U:/hlocal/design_1_wrapper_1/microblaze_0/standalone_microblaze_0/bsp/system.mss
TRACE::2026-01-15.14:20:43::SCWMssOS::DEBUG:  swdes dump  U:/hlocal/design_1_wrapper_1/microblaze_0/standalone_microblaze_0/bsp/system.mss|system||

TRACE::2026-01-15.14:20:43::SCWMssOS::Sw design exists and opened at  U:/hlocal/design_1_wrapper_1/microblaze_0/standalone_microblaze_0/bsp/system.mss
TRACE::2026-01-15.14:20:43::SCWWriter::formatted JSON is {
	"platformName":	"design_1_wrapper_1",
	"sprVersion":	"2.0",
	"mode":	"gui",
	"dsaType":	"Fixed",
	"platformDesc":	"design_1_wrapper_1",
	"platHandOff":	"U:/hlocal/estaSI/design_1_wrapper.xsa",
	"platIntHandOff":	"<platformDir>/hw/design_1_wrapper.xsa",
	"deviceType":	"FPGA",
	"platIsPrebuiltAutogen":	"false",
	"platIsNoBootBsp":	"false",
	"hasFsblMakeHasChanges":	"false",
	"hasPmufwMakeHasChanges":	"false",
	"platPreBuiltFlag":	false,
	"platformSamplesDir":	"",
	"platActiveSys":	"design_1_wrapper_1",
	"systems":	[{
			"systemName":	"design_1_wrapper_1",
			"systemDesc":	"design_1_wrapper_1",
			"sysIsBootAutoGen":	"true",
			"systemDispName":	"design_1_wrapper_1",
			"sysActiveDom":	"standalone_microblaze_0",
			"sysDefaultDom":	"standalone_microblaze_0",
			"domains":	[{
					"domainName":	"standalone_microblaze_0",
					"domainDispName":	"standalone_microblaze_0",
					"domainDesc":	"standalone_microblaze_0",
					"processors":	"microblaze_0",
					"os":	"standalone",
					"sdxOs":	"standalone",
					"debugEnable":	"False",
					"domRuntimes":	["cpp"],
					"swRepo":	"",
					"mssOsVer":	"8.1",
					"mssFile":	"",
					"md5Digest":	"d078148c9b1a8d2219ab3dc1d6a17638",
					"compatibleApp":	"peripheral_tests",
					"domType":	"mssDomain",
					"arch":	"32-bit",
					"appSettings":	{
						"appCompilerFlags":	"",
						"appLinkerFlags":	""
					},
					"addedLibs":	[],
					"libOptions":	{
						"libsContainingOptions":	[]
					},
					"prebuiltLibs":	{
						"prebuiltIncPath":	[],
						"prebuiltLibPath":	[]
					},
					"isolation":	{
					}
				}]
		}]
}
KEYINFO::2026-01-15.14:20:43::SCWPlatform::updated the xpfm file.
TRACE::2026-01-15.14:20:43::SCWPlatform::Trying to open the hw design at U:/hlocal/design_1_wrapper_1/hw/design_1_wrapper.xsa
TRACE::2026-01-15.14:20:43::SCWPlatform::DSA given U:/hlocal/design_1_wrapper_1/hw/design_1_wrapper.xsa
TRACE::2026-01-15.14:20:43::SCWPlatform::DSA absoulate path U:/hlocal/design_1_wrapper_1/hw/design_1_wrapper.xsa
TRACE::2026-01-15.14:20:43::SCWPlatform::DSA directory U:/hlocal/design_1_wrapper_1/hw
TRACE::2026-01-15.14:20:43::SCWPlatform:: Platform Path U:/hlocal/design_1_wrapper_1/hw/design_1_wrapper.xsa
TRACE::2026-01-15.14:20:43::SCWPlatform:: Unique name xilinx:basys3::0.0
TRACE::2026-01-15.14:20:43::SCWPlatform::Trying to set the existing hwdb with name design_1_wrapper_0
TRACE::2026-01-15.14:20:43::SCWPlatform::Opened existing hwdb design_1_wrapper_0
TRACE::2026-01-15.14:20:43::SCWPlatform::Found the Hw Db part of the input DSA
TRACE::2026-01-15.14:20:43::SCWMssOS::Checking the sw design at  U:/hlocal/design_1_wrapper_1/microblaze_0/standalone_microblaze_0/bsp/system.mss
TRACE::2026-01-15.14:20:43::SCWMssOS::DEBUG:  swdes dump  U:/hlocal/design_1_wrapper_1/microblaze_0/standalone_microblaze_0/bsp/system.mss|system||

TRACE::2026-01-15.14:20:43::SCWMssOS::Sw design exists and opened at  U:/hlocal/design_1_wrapper_1/microblaze_0/standalone_microblaze_0/bsp/system.mss
TRACE::2026-01-15.14:20:43::SCWMssOS::Saving the mss changes U:/hlocal/design_1_wrapper_1/microblaze_0/standalone_microblaze_0/bsp/system.mss
TRACE::2026-01-15.14:20:43::SCWMssOS::Found a swdesign opened with the mssfile.
TRACE::2026-01-15.14:20:43::SCWMssOS::Completed writemss as part of save.
TRACE::2026-01-15.14:20:43::SCWMssOS::Commit changes completed.
TRACE::2026-01-15.14:20:43::SCWPlatform::Trying to open the hw design at U:/hlocal/design_1_wrapper_1/hw/design_1_wrapper.xsa
TRACE::2026-01-15.14:20:43::SCWPlatform::DSA given U:/hlocal/design_1_wrapper_1/hw/design_1_wrapper.xsa
TRACE::2026-01-15.14:20:43::SCWPlatform::DSA absoulate path U:/hlocal/design_1_wrapper_1/hw/design_1_wrapper.xsa
TRACE::2026-01-15.14:20:43::SCWPlatform::DSA directory U:/hlocal/design_1_wrapper_1/hw
TRACE::2026-01-15.14:20:43::SCWPlatform:: Platform Path U:/hlocal/design_1_wrapper_1/hw/design_1_wrapper.xsa
TRACE::2026-01-15.14:20:43::SCWPlatform:: Unique name xilinx:basys3::0.0
TRACE::2026-01-15.14:20:43::SCWPlatform::Trying to set the existing hwdb with name design_1_wrapper_0
TRACE::2026-01-15.14:20:43::SCWPlatform::Opened existing hwdb design_1_wrapper_0
TRACE::2026-01-15.14:20:43::SCWPlatform::Found the Hw Db part of the input DSA
TRACE::2026-01-15.14:20:43::SCWMssOS::Checking the sw design at  U:/hlocal/design_1_wrapper_1/microblaze_0/standalone_microblaze_0/bsp/system.mss
TRACE::2026-01-15.14:20:43::SCWMssOS::DEBUG:  swdes dump  U:/hlocal/design_1_wrapper_1/microblaze_0/standalone_microblaze_0/bsp/system.mss|system||

TRACE::2026-01-15.14:20:43::SCWMssOS::Sw design exists and opened at  U:/hlocal/design_1_wrapper_1/microblaze_0/standalone_microblaze_0/bsp/system.mss
TRACE::2026-01-15.14:20:43::SCWPlatform::Trying to open the hw design at U:/hlocal/design_1_wrapper_1/hw/design_1_wrapper.xsa
TRACE::2026-01-15.14:20:43::SCWPlatform::DSA given U:/hlocal/design_1_wrapper_1/hw/design_1_wrapper.xsa
TRACE::2026-01-15.14:20:43::SCWPlatform::DSA absoulate path U:/hlocal/design_1_wrapper_1/hw/design_1_wrapper.xsa
TRACE::2026-01-15.14:20:43::SCWPlatform::DSA directory U:/hlocal/design_1_wrapper_1/hw
TRACE::2026-01-15.14:20:43::SCWPlatform:: Platform Path U:/hlocal/design_1_wrapper_1/hw/design_1_wrapper.xsa
TRACE::2026-01-15.14:20:43::SCWPlatform:: Unique name xilinx:basys3::0.0
TRACE::2026-01-15.14:20:43::SCWPlatform::Trying to set the existing hwdb with name design_1_wrapper_0
TRACE::2026-01-15.14:20:43::SCWPlatform::Opened existing hwdb design_1_wrapper_0
TRACE::2026-01-15.14:20:43::SCWPlatform::Found the Hw Db part of the input DSA
TRACE::2026-01-15.14:20:43::SCWMssOS::Checking the sw design at  U:/hlocal/design_1_wrapper_1/microblaze_0/standalone_microblaze_0/bsp/system.mss
TRACE::2026-01-15.14:20:43::SCWMssOS::DEBUG:  swdes dump  U:/hlocal/design_1_wrapper_1/microblaze_0/standalone_microblaze_0/bsp/system.mss|system||

TRACE::2026-01-15.14:20:43::SCWMssOS::Sw design exists and opened at  U:/hlocal/design_1_wrapper_1/microblaze_0/standalone_microblaze_0/bsp/system.mss
TRACE::2026-01-15.14:20:43::SCWPlatform::Trying to open the hw design at U:/hlocal/design_1_wrapper_1/hw/design_1_wrapper.xsa
TRACE::2026-01-15.14:20:43::SCWPlatform::DSA given U:/hlocal/design_1_wrapper_1/hw/design_1_wrapper.xsa
TRACE::2026-01-15.14:20:43::SCWPlatform::DSA absoulate path U:/hlocal/design_1_wrapper_1/hw/design_1_wrapper.xsa
TRACE::2026-01-15.14:20:43::SCWPlatform::DSA directory U:/hlocal/design_1_wrapper_1/hw
TRACE::2026-01-15.14:20:43::SCWPlatform:: Platform Path U:/hlocal/design_1_wrapper_1/hw/design_1_wrapper.xsa
TRACE::2026-01-15.14:20:43::SCWPlatform:: Unique name xilinx:basys3::0.0
TRACE::2026-01-15.14:20:43::SCWPlatform::Trying to set the existing hwdb with name design_1_wrapper_0
TRACE::2026-01-15.14:20:43::SCWPlatform::Opened existing hwdb design_1_wrapper_0
TRACE::2026-01-15.14:20:43::SCWPlatform::Found the Hw Db part of the input DSA
TRACE::2026-01-15.14:20:43::SCWMssOS::Checking the sw design at  U:/hlocal/design_1_wrapper_1/microblaze_0/standalone_microblaze_0/bsp/system.mss
TRACE::2026-01-15.14:20:43::SCWMssOS::DEBUG:  swdes dump  U:/hlocal/design_1_wrapper_1/microblaze_0/standalone_microblaze_0/bsp/system.mss|system||

TRACE::2026-01-15.14:20:43::SCWMssOS::Sw design exists and opened at  U:/hlocal/design_1_wrapper_1/microblaze_0/standalone_microblaze_0/bsp/system.mss
TRACE::2026-01-15.14:20:43::SCWWriter::formatted JSON is {
	"platformName":	"design_1_wrapper_1",
	"sprVersion":	"2.0",
	"mode":	"gui",
	"dsaType":	"Fixed",
	"platformDesc":	"design_1_wrapper_1",
	"platHandOff":	"U:/hlocal/estaSI/design_1_wrapper.xsa",
	"platIntHandOff":	"<platformDir>/hw/design_1_wrapper.xsa",
	"deviceType":	"FPGA",
	"platIsPrebuiltAutogen":	"false",
	"platIsNoBootBsp":	"false",
	"hasFsblMakeHasChanges":	"false",
	"hasPmufwMakeHasChanges":	"false",
	"platPreBuiltFlag":	false,
	"platformSamplesDir":	"",
	"platActiveSys":	"design_1_wrapper_1",
	"systems":	[{
			"systemName":	"design_1_wrapper_1",
			"systemDesc":	"design_1_wrapper_1",
			"sysIsBootAutoGen":	"true",
			"systemDispName":	"design_1_wrapper_1",
			"sysActiveDom":	"standalone_microblaze_0",
			"sysDefaultDom":	"standalone_microblaze_0",
			"domains":	[{
					"domainName":	"standalone_microblaze_0",
					"domainDispName":	"standalone_microblaze_0",
					"domainDesc":	"standalone_microblaze_0",
					"processors":	"microblaze_0",
					"os":	"standalone",
					"sdxOs":	"standalone",
					"debugEnable":	"False",
					"domRuntimes":	["cpp"],
					"swRepo":	"",
					"mssOsVer":	"8.1",
					"mssFile":	"",
					"md5Digest":	"d078148c9b1a8d2219ab3dc1d6a17638",
					"compatibleApp":	"peripheral_tests",
					"domType":	"mssDomain",
					"arch":	"32-bit",
					"appSettings":	{
						"appCompilerFlags":	"",
						"appLinkerFlags":	""
					},
					"addedLibs":	[],
					"libOptions":	{
						"libsContainingOptions":	[]
					},
					"prebuiltLibs":	{
						"prebuiltIncPath":	[],
						"prebuiltLibPath":	[]
					},
					"isolation":	{
					}
				}]
		}]
}
TRACE::2026-01-15.14:20:43::SCWPlatform::Trying to open the hw design at U:/hlocal/design_1_wrapper_1/hw/design_1_wrapper.xsa
TRACE::2026-01-15.14:20:43::SCWPlatform::DSA given U:/hlocal/design_1_wrapper_1/hw/design_1_wrapper.xsa
TRACE::2026-01-15.14:20:43::SCWPlatform::DSA absoulate path U:/hlocal/design_1_wrapper_1/hw/design_1_wrapper.xsa
TRACE::2026-01-15.14:20:43::SCWPlatform::DSA directory U:/hlocal/design_1_wrapper_1/hw
TRACE::2026-01-15.14:20:43::SCWPlatform:: Platform Path U:/hlocal/design_1_wrapper_1/hw/design_1_wrapper.xsa
TRACE::2026-01-15.14:20:43::SCWPlatform:: Unique name xilinx:basys3::0.0
TRACE::2026-01-15.14:20:43::SCWPlatform::Trying to set the existing hwdb with name design_1_wrapper_0
TRACE::2026-01-15.14:20:43::SCWPlatform::Opened existing hwdb design_1_wrapper_0
TRACE::2026-01-15.14:20:43::SCWPlatform::Found the Hw Db part of the input DSA
TRACE::2026-01-15.14:20:43::SCWMssOS::Checking the sw design at  U:/hlocal/design_1_wrapper_1/microblaze_0/standalone_microblaze_0/bsp/system.mss
TRACE::2026-01-15.14:20:43::SCWMssOS::DEBUG:  swdes dump  U:/hlocal/design_1_wrapper_1/microblaze_0/standalone_microblaze_0/bsp/system.mss|system||

TRACE::2026-01-15.14:20:43::SCWMssOS::Sw design exists and opened at  U:/hlocal/design_1_wrapper_1/microblaze_0/standalone_microblaze_0/bsp/system.mss
TRACE::2026-01-15.14:20:43::SCWPlatform::Trying to open the hw design at U:/hlocal/design_1_wrapper_1/hw/design_1_wrapper.xsa
TRACE::2026-01-15.14:20:43::SCWPlatform::DSA given U:/hlocal/design_1_wrapper_1/hw/design_1_wrapper.xsa
TRACE::2026-01-15.14:20:43::SCWPlatform::DSA absoulate path U:/hlocal/design_1_wrapper_1/hw/design_1_wrapper.xsa
TRACE::2026-01-15.14:20:43::SCWPlatform::DSA directory U:/hlocal/design_1_wrapper_1/hw
TRACE::2026-01-15.14:20:43::SCWPlatform:: Platform Path U:/hlocal/design_1_wrapper_1/hw/design_1_wrapper.xsa
TRACE::2026-01-15.14:20:43::SCWPlatform:: Unique name xilinx:basys3::0.0
TRACE::2026-01-15.14:20:43::SCWPlatform::Trying to set the existing hwdb with name design_1_wrapper_0
TRACE::2026-01-15.14:20:43::SCWPlatform::Opened existing hwdb design_1_wrapper_0
TRACE::2026-01-15.14:20:43::SCWPlatform::Found the Hw Db part of the input DSA
TRACE::2026-01-15.14:20:43::SCWMssOS::Checking the sw design at  U:/hlocal/design_1_wrapper_1/microblaze_0/standalone_microblaze_0/bsp/system.mss
TRACE::2026-01-15.14:20:43::SCWMssOS::DEBUG:  swdes dump  U:/hlocal/design_1_wrapper_1/microblaze_0/standalone_microblaze_0/bsp/system.mss|system||

TRACE::2026-01-15.14:20:43::SCWMssOS::Sw design exists and opened at  U:/hlocal/design_1_wrapper_1/microblaze_0/standalone_microblaze_0/bsp/system.mss
TRACE::2026-01-15.14:20:43::SCWMssOS::Saving the mss changes U:/hlocal/design_1_wrapper_1/microblaze_0/standalone_microblaze_0/bsp/system.mss
TRACE::2026-01-15.14:20:43::SCWMssOS::Found a swdesign opened with the mssfile.
TRACE::2026-01-15.14:20:43::SCWMssOS::Completed writemss as part of save.
TRACE::2026-01-15.14:20:43::SCWMssOS::Commit changes completed.
TRACE::2026-01-15.14:20:43::SCWPlatform::Trying to open the hw design at U:/hlocal/design_1_wrapper_1/hw/design_1_wrapper.xsa
TRACE::2026-01-15.14:20:43::SCWPlatform::DSA given U:/hlocal/design_1_wrapper_1/hw/design_1_wrapper.xsa
TRACE::2026-01-15.14:20:43::SCWPlatform::DSA absoulate path U:/hlocal/design_1_wrapper_1/hw/design_1_wrapper.xsa
TRACE::2026-01-15.14:20:43::SCWPlatform::DSA directory U:/hlocal/design_1_wrapper_1/hw
TRACE::2026-01-15.14:20:43::SCWPlatform:: Platform Path U:/hlocal/design_1_wrapper_1/hw/design_1_wrapper.xsa
TRACE::2026-01-15.14:20:43::SCWPlatform:: Unique name xilinx:basys3::0.0
TRACE::2026-01-15.14:20:43::SCWPlatform::Trying to set the existing hwdb with name design_1_wrapper_0
TRACE::2026-01-15.14:20:43::SCWPlatform::Opened existing hwdb design_1_wrapper_0
TRACE::2026-01-15.14:20:43::SCWPlatform::Found the Hw Db part of the input DSA
TRACE::2026-01-15.14:20:43::SCWMssOS::Checking the sw design at  U:/hlocal/design_1_wrapper_1/microblaze_0/standalone_microblaze_0/bsp/system.mss
TRACE::2026-01-15.14:20:43::SCWMssOS::DEBUG:  swdes dump  U:/hlocal/design_1_wrapper_1/microblaze_0/standalone_microblaze_0/bsp/system.mss|system||

TRACE::2026-01-15.14:20:43::SCWMssOS::Sw design exists and opened at  U:/hlocal/design_1_wrapper_1/microblaze_0/standalone_microblaze_0/bsp/system.mss
TRACE::2026-01-15.14:20:43::SCWPlatform::Trying to open the hw design at U:/hlocal/design_1_wrapper_1/hw/design_1_wrapper.xsa
TRACE::2026-01-15.14:20:43::SCWPlatform::DSA given U:/hlocal/design_1_wrapper_1/hw/design_1_wrapper.xsa
TRACE::2026-01-15.14:20:43::SCWPlatform::DSA absoulate path U:/hlocal/design_1_wrapper_1/hw/design_1_wrapper.xsa
TRACE::2026-01-15.14:20:43::SCWPlatform::DSA directory U:/hlocal/design_1_wrapper_1/hw
TRACE::2026-01-15.14:20:43::SCWPlatform:: Platform Path U:/hlocal/design_1_wrapper_1/hw/design_1_wrapper.xsa
TRACE::2026-01-15.14:20:43::SCWPlatform:: Unique name xilinx:basys3::0.0
TRACE::2026-01-15.14:20:43::SCWPlatform::Trying to set the existing hwdb with name design_1_wrapper_0
TRACE::2026-01-15.14:20:43::SCWPlatform::Opened existing hwdb design_1_wrapper_0
TRACE::2026-01-15.14:20:43::SCWPlatform::Found the Hw Db part of the input DSA
TRACE::2026-01-15.14:20:43::SCWMssOS::Checking the sw design at  U:/hlocal/design_1_wrapper_1/microblaze_0/standalone_microblaze_0/bsp/system.mss
TRACE::2026-01-15.14:20:43::SCWMssOS::DEBUG:  swdes dump  U:/hlocal/design_1_wrapper_1/microblaze_0/standalone_microblaze_0/bsp/system.mss|system||

TRACE::2026-01-15.14:20:43::SCWMssOS::Sw design exists and opened at  U:/hlocal/design_1_wrapper_1/microblaze_0/standalone_microblaze_0/bsp/system.mss
TRACE::2026-01-15.14:20:43::SCWPlatform::Trying to open the hw design at U:/hlocal/design_1_wrapper_1/hw/design_1_wrapper.xsa
TRACE::2026-01-15.14:20:43::SCWPlatform::DSA given U:/hlocal/design_1_wrapper_1/hw/design_1_wrapper.xsa
TRACE::2026-01-15.14:20:43::SCWPlatform::DSA absoulate path U:/hlocal/design_1_wrapper_1/hw/design_1_wrapper.xsa
TRACE::2026-01-15.14:20:43::SCWPlatform::DSA directory U:/hlocal/design_1_wrapper_1/hw
TRACE::2026-01-15.14:20:43::SCWPlatform:: Platform Path U:/hlocal/design_1_wrapper_1/hw/design_1_wrapper.xsa
TRACE::2026-01-15.14:20:43::SCWPlatform:: Unique name xilinx:basys3::0.0
TRACE::2026-01-15.14:20:43::SCWPlatform::Trying to set the existing hwdb with name design_1_wrapper_0
TRACE::2026-01-15.14:20:43::SCWPlatform::Opened existing hwdb design_1_wrapper_0
TRACE::2026-01-15.14:20:43::SCWPlatform::Found the Hw Db part of the input DSA
TRACE::2026-01-15.14:20:43::SCWMssOS::Checking the sw design at  U:/hlocal/design_1_wrapper_1/microblaze_0/standalone_microblaze_0/bsp/system.mss
TRACE::2026-01-15.14:20:43::SCWMssOS::DEBUG:  swdes dump  U:/hlocal/design_1_wrapper_1/microblaze_0/standalone_microblaze_0/bsp/system.mss|system||

TRACE::2026-01-15.14:20:43::SCWMssOS::Sw design exists and opened at  U:/hlocal/design_1_wrapper_1/microblaze_0/standalone_microblaze_0/bsp/system.mss
TRACE::2026-01-15.14:20:43::SCWWriter::formatted JSON is {
	"platformName":	"design_1_wrapper_1",
	"sprVersion":	"2.0",
	"mode":	"gui",
	"dsaType":	"Fixed",
	"platformDesc":	"design_1_wrapper_1",
	"platHandOff":	"U:/hlocal/estaSI/design_1_wrapper.xsa",
	"platIntHandOff":	"<platformDir>/hw/design_1_wrapper.xsa",
	"deviceType":	"FPGA",
	"platIsPrebuiltAutogen":	"false",
	"platIsNoBootBsp":	"false",
	"hasFsblMakeHasChanges":	"false",
	"hasPmufwMakeHasChanges":	"false",
	"platPreBuiltFlag":	false,
	"platformSamplesDir":	"",
	"platActiveSys":	"design_1_wrapper_1",
	"systems":	[{
			"systemName":	"design_1_wrapper_1",
			"systemDesc":	"design_1_wrapper_1",
			"sysIsBootAutoGen":	"true",
			"systemDispName":	"design_1_wrapper_1",
			"sysActiveDom":	"standalone_microblaze_0",
			"sysDefaultDom":	"standalone_microblaze_0",
			"domains":	[{
					"domainName":	"standalone_microblaze_0",
					"domainDispName":	"standalone_microblaze_0",
					"domainDesc":	"standalone_microblaze_0",
					"processors":	"microblaze_0",
					"os":	"standalone",
					"sdxOs":	"standalone",
					"debugEnable":	"False",
					"domRuntimes":	["cpp"],
					"swRepo":	"",
					"mssOsVer":	"8.1",
					"mssFile":	"",
					"md5Digest":	"d078148c9b1a8d2219ab3dc1d6a17638",
					"compatibleApp":	"peripheral_tests",
					"domType":	"mssDomain",
					"arch":	"32-bit",
					"appSettings":	{
						"appCompilerFlags":	"",
						"appLinkerFlags":	""
					},
					"addedLibs":	[],
					"libOptions":	{
						"libsContainingOptions":	[]
					},
					"prebuiltLibs":	{
						"prebuiltIncPath":	[],
						"prebuiltLibPath":	[]
					},
					"isolation":	{
					}
				}]
		}]
}
LOG::2026-01-15.14:20:43::SCWPlatform::Started generating the artifacts platform design_1_wrapper_1
TRACE::2026-01-15.14:20:43::SCWPlatform::Sanity checking of platform is completed
LOG::2026-01-15.14:20:43::SCWPlatform::Started generating the artifacts for system configuration design_1_wrapper_1
LOG::2026-01-15.14:20:43::SCWSystem::Started Processing the domain standalone_microblaze_0
TRACE::2026-01-15.14:20:43::SCWDomain::Generating domain artifcats
TRACE::2026-01-15.14:20:43::SCWMssOS::Generating standalone artifcats
TRACE::2026-01-15.14:20:43::SCWMssOS:: Copying the user libraries. 
TRACE::2026-01-15.14:20:43::SCWPlatform::Trying to open the hw design at U:/hlocal/design_1_wrapper_1/hw/design_1_wrapper.xsa
TRACE::2026-01-15.14:20:43::SCWPlatform::DSA given U:/hlocal/design_1_wrapper_1/hw/design_1_wrapper.xsa
TRACE::2026-01-15.14:20:43::SCWPlatform::DSA absoulate path U:/hlocal/design_1_wrapper_1/hw/design_1_wrapper.xsa
TRACE::2026-01-15.14:20:43::SCWPlatform::DSA directory U:/hlocal/design_1_wrapper_1/hw
TRACE::2026-01-15.14:20:43::SCWPlatform:: Platform Path U:/hlocal/design_1_wrapper_1/hw/design_1_wrapper.xsa
TRACE::2026-01-15.14:20:43::SCWPlatform:: Unique name xilinx:basys3::0.0
TRACE::2026-01-15.14:20:43::SCWPlatform::Trying to set the existing hwdb with name design_1_wrapper_0
TRACE::2026-01-15.14:20:43::SCWPlatform::Opened existing hwdb design_1_wrapper_0
TRACE::2026-01-15.14:20:43::SCWPlatform::Found the Hw Db part of the input DSA
TRACE::2026-01-15.14:20:43::SCWMssOS::Checking the sw design at  U:/hlocal/design_1_wrapper_1/microblaze_0/standalone_microblaze_0/bsp/system.mss
TRACE::2026-01-15.14:20:43::SCWMssOS::DEBUG:  swdes dump  U:/hlocal/design_1_wrapper_1/microblaze_0/standalone_microblaze_0/bsp/system.mss|system||

TRACE::2026-01-15.14:20:43::SCWMssOS::Sw design exists and opened at  U:/hlocal/design_1_wrapper_1/microblaze_0/standalone_microblaze_0/bsp/system.mss
TRACE::2026-01-15.14:20:43::SCWMssOS::Completed writing the mss file at U:/hlocal/design_1_wrapper_1/microblaze_0/standalone_microblaze_0/bsp
TRACE::2026-01-15.14:20:43::SCWMssOS::Mss edits present, copying mssfile into export location U:/hlocal/design_1_wrapper_1/microblaze_0/standalone_microblaze_0/bsp/system.mss
TRACE::2026-01-15.14:20:43::SCWMssOS::bsp generated is upto date with the mss file. Skipping bsp generation.
TRACE::2026-01-15.14:20:43::SCWMssOS::BSP is already built. skipping the bsp build ... 
TRACE::2026-01-15.14:20:43::SCWDomain::Building the domain as part of full build :  standalone_microblaze_0
TRACE::2026-01-15.14:20:43::SCWMssOS::skipping the bsp build ... 
TRACE::2026-01-15.14:20:43::SCWMssOS::Copying to export directory.
TRACE::2026-01-15.14:20:43::SCWMssOS:: Checking if to create the Supporting Applications
TRACE::2026-01-15.14:20:43::SCWMssOS:: No Linux domain exists, trying to generate FSBL 
LOG::2026-01-15.14:20:43::SCWSystem::Completed Processing the domain standalone_microblaze_0
LOG::2026-01-15.14:20:43::SCWSystem::Completed Processing the sysconfig design_1_wrapper_1
LOG::2026-01-15.14:20:43::SCWPlatform::Completed generating the artifacts for system configuration design_1_wrapper_1
TRACE::2026-01-15.14:20:43::SCWPlatform::Started preparing the platform 
TRACE::2026-01-15.14:20:43::SCWSystem::Writing the bif file for system config design_1_wrapper_1
TRACE::2026-01-15.14:20:43::SCWSystem::dir created 
TRACE::2026-01-15.14:20:43::SCWSystem::Writing the bif 
TRACE::2026-01-15.14:20:43::SCWPlatform::Started writing the spfm file 
TRACE::2026-01-15.14:20:43::SCWPlatform::Started writing the xpfm file 
TRACE::2026-01-15.14:20:43::SCWPlatform::Completed generating the platform
TRACE::2026-01-15.14:20:43::SCWMssOS::Saving the mss changes U:/hlocal/design_1_wrapper_1/microblaze_0/standalone_microblaze_0/bsp/system.mss
TRACE::2026-01-15.14:20:43::SCWMssOS::Found a swdesign opened with the mssfile.
TRACE::2026-01-15.14:20:43::SCWMssOS::Completed writemss as part of save.
TRACE::2026-01-15.14:20:43::SCWMssOS::Commit changes completed.
TRACE::2026-01-15.14:20:43::SCWPlatform::Trying to open the hw design at U:/hlocal/design_1_wrapper_1/hw/design_1_wrapper.xsa
TRACE::2026-01-15.14:20:43::SCWPlatform::DSA given U:/hlocal/design_1_wrapper_1/hw/design_1_wrapper.xsa
TRACE::2026-01-15.14:20:43::SCWPlatform::DSA absoulate path U:/hlocal/design_1_wrapper_1/hw/design_1_wrapper.xsa
TRACE::2026-01-15.14:20:43::SCWPlatform::DSA directory U:/hlocal/design_1_wrapper_1/hw
TRACE::2026-01-15.14:20:43::SCWPlatform:: Platform Path U:/hlocal/design_1_wrapper_1/hw/design_1_wrapper.xsa
TRACE::2026-01-15.14:20:43::SCWPlatform:: Unique name xilinx:basys3::0.0
TRACE::2026-01-15.14:20:43::SCWPlatform::Trying to set the existing hwdb with name design_1_wrapper_0
TRACE::2026-01-15.14:20:43::SCWPlatform::Opened existing hwdb design_1_wrapper_0
TRACE::2026-01-15.14:20:43::SCWPlatform::Found the Hw Db part of the input DSA
TRACE::2026-01-15.14:20:43::SCWMssOS::Checking the sw design at  U:/hlocal/design_1_wrapper_1/microblaze_0/standalone_microblaze_0/bsp/system.mss
TRACE::2026-01-15.14:20:43::SCWMssOS::DEBUG:  swdes dump  U:/hlocal/design_1_wrapper_1/microblaze_0/standalone_microblaze_0/bsp/system.mss|system||

TRACE::2026-01-15.14:20:43::SCWMssOS::Sw design exists and opened at  U:/hlocal/design_1_wrapper_1/microblaze_0/standalone_microblaze_0/bsp/system.mss
TRACE::2026-01-15.14:20:43::SCWPlatform::Trying to open the hw design at U:/hlocal/design_1_wrapper_1/hw/design_1_wrapper.xsa
TRACE::2026-01-15.14:20:43::SCWPlatform::DSA given U:/hlocal/design_1_wrapper_1/hw/design_1_wrapper.xsa
TRACE::2026-01-15.14:20:43::SCWPlatform::DSA absoulate path U:/hlocal/design_1_wrapper_1/hw/design_1_wrapper.xsa
TRACE::2026-01-15.14:20:43::SCWPlatform::DSA directory U:/hlocal/design_1_wrapper_1/hw
TRACE::2026-01-15.14:20:43::SCWPlatform:: Platform Path U:/hlocal/design_1_wrapper_1/hw/design_1_wrapper.xsa
TRACE::2026-01-15.14:20:43::SCWPlatform:: Unique name xilinx:basys3::0.0
TRACE::2026-01-15.14:20:43::SCWPlatform::Trying to set the existing hwdb with name design_1_wrapper_0
TRACE::2026-01-15.14:20:43::SCWPlatform::Opened existing hwdb design_1_wrapper_0
TRACE::2026-01-15.14:20:43::SCWPlatform::Found the Hw Db part of the input DSA
TRACE::2026-01-15.14:20:43::SCWMssOS::Checking the sw design at  U:/hlocal/design_1_wrapper_1/microblaze_0/standalone_microblaze_0/bsp/system.mss
TRACE::2026-01-15.14:20:43::SCWMssOS::DEBUG:  swdes dump  U:/hlocal/design_1_wrapper_1/microblaze_0/standalone_microblaze_0/bsp/system.mss|system||

TRACE::2026-01-15.14:20:43::SCWMssOS::Sw design exists and opened at  U:/hlocal/design_1_wrapper_1/microblaze_0/standalone_microblaze_0/bsp/system.mss
TRACE::2026-01-15.14:20:43::SCWPlatform::Trying to open the hw design at U:/hlocal/design_1_wrapper_1/hw/design_1_wrapper.xsa
TRACE::2026-01-15.14:20:43::SCWPlatform::DSA given U:/hlocal/design_1_wrapper_1/hw/design_1_wrapper.xsa
TRACE::2026-01-15.14:20:43::SCWPlatform::DSA absoulate path U:/hlocal/design_1_wrapper_1/hw/design_1_wrapper.xsa
TRACE::2026-01-15.14:20:43::SCWPlatform::DSA directory U:/hlocal/design_1_wrapper_1/hw
TRACE::2026-01-15.14:20:43::SCWPlatform:: Platform Path U:/hlocal/design_1_wrapper_1/hw/design_1_wrapper.xsa
TRACE::2026-01-15.14:20:43::SCWPlatform:: Unique name xilinx:basys3::0.0
TRACE::2026-01-15.14:20:43::SCWPlatform::Trying to set the existing hwdb with name design_1_wrapper_0
TRACE::2026-01-15.14:20:43::SCWPlatform::Opened existing hwdb design_1_wrapper_0
TRACE::2026-01-15.14:20:43::SCWPlatform::Found the Hw Db part of the input DSA
TRACE::2026-01-15.14:20:43::SCWMssOS::Checking the sw design at  U:/hlocal/design_1_wrapper_1/microblaze_0/standalone_microblaze_0/bsp/system.mss
TRACE::2026-01-15.14:20:43::SCWMssOS::DEBUG:  swdes dump  U:/hlocal/design_1_wrapper_1/microblaze_0/standalone_microblaze_0/bsp/system.mss|system||

TRACE::2026-01-15.14:20:43::SCWMssOS::Sw design exists and opened at  U:/hlocal/design_1_wrapper_1/microblaze_0/standalone_microblaze_0/bsp/system.mss
TRACE::2026-01-15.14:20:43::SCWWriter::formatted JSON is {
	"platformName":	"design_1_wrapper_1",
	"sprVersion":	"2.0",
	"mode":	"gui",
	"dsaType":	"Fixed",
	"platformDesc":	"design_1_wrapper_1",
	"platHandOff":	"U:/hlocal/estaSI/design_1_wrapper.xsa",
	"platIntHandOff":	"<platformDir>/hw/design_1_wrapper.xsa",
	"deviceType":	"FPGA",
	"platIsPrebuiltAutogen":	"false",
	"platIsNoBootBsp":	"false",
	"hasFsblMakeHasChanges":	"false",
	"hasPmufwMakeHasChanges":	"false",
	"platPreBuiltFlag":	false,
	"platformSamplesDir":	"",
	"platActiveSys":	"design_1_wrapper_1",
	"systems":	[{
			"systemName":	"design_1_wrapper_1",
			"systemDesc":	"design_1_wrapper_1",
			"sysIsBootAutoGen":	"true",
			"systemDispName":	"design_1_wrapper_1",
			"sysActiveDom":	"standalone_microblaze_0",
			"sysDefaultDom":	"standalone_microblaze_0",
			"domains":	[{
					"domainName":	"standalone_microblaze_0",
					"domainDispName":	"standalone_microblaze_0",
					"domainDesc":	"standalone_microblaze_0",
					"processors":	"microblaze_0",
					"os":	"standalone",
					"sdxOs":	"standalone",
					"debugEnable":	"False",
					"domRuntimes":	["cpp"],
					"swRepo":	"",
					"mssOsVer":	"8.1",
					"mssFile":	"",
					"md5Digest":	"d078148c9b1a8d2219ab3dc1d6a17638",
					"compatibleApp":	"peripheral_tests",
					"domType":	"mssDomain",
					"arch":	"32-bit",
					"appSettings":	{
						"appCompilerFlags":	"",
						"appLinkerFlags":	""
					},
					"addedLibs":	[],
					"libOptions":	{
						"libsContainingOptions":	[]
					},
					"prebuiltLibs":	{
						"prebuiltIncPath":	[],
						"prebuiltLibPath":	[]
					},
					"isolation":	{
					}
				}]
		}]
}
KEYINFO::2026-01-15.14:20:43::SCWPlatform::updated the xpfm file.
LOG::2026-01-15.14:21:15::SCWPlatform::Started generating the artifacts platform design_1_wrapper_1
TRACE::2026-01-15.14:21:15::SCWPlatform::Sanity checking of platform is completed
LOG::2026-01-15.14:21:15::SCWPlatform::Started generating the artifacts for system configuration design_1_wrapper_1
LOG::2026-01-15.14:21:15::SCWSystem::Checking the domain standalone_microblaze_0
LOG::2026-01-15.14:21:15::SCWSystem::Not a boot domain 
LOG::2026-01-15.14:21:15::SCWSystem::Started Processing the domain standalone_microblaze_0
TRACE::2026-01-15.14:21:15::SCWDomain::Generating domain artifcats
TRACE::2026-01-15.14:21:15::SCWMssOS::Generating standalone artifcats
TRACE::2026-01-15.14:21:15::SCWMssOS:: Copying the user libraries. 
TRACE::2026-01-15.14:21:15::SCWPlatform::Trying to open the hw design at U:/hlocal/design_1_wrapper_1/hw/design_1_wrapper.xsa
TRACE::2026-01-15.14:21:15::SCWPlatform::DSA given U:/hlocal/design_1_wrapper_1/hw/design_1_wrapper.xsa
TRACE::2026-01-15.14:21:15::SCWPlatform::DSA absoulate path U:/hlocal/design_1_wrapper_1/hw/design_1_wrapper.xsa
TRACE::2026-01-15.14:21:15::SCWPlatform::DSA directory U:/hlocal/design_1_wrapper_1/hw
TRACE::2026-01-15.14:21:15::SCWPlatform:: Platform Path U:/hlocal/design_1_wrapper_1/hw/design_1_wrapper.xsa
TRACE::2026-01-15.14:21:15::SCWPlatform:: Unique name xilinx:basys3::0.0
TRACE::2026-01-15.14:21:15::SCWPlatform::Trying to set the existing hwdb with name design_1_wrapper_0
TRACE::2026-01-15.14:21:15::SCWPlatform::Opened existing hwdb design_1_wrapper_0
TRACE::2026-01-15.14:21:15::SCWPlatform::Found the Hw Db part of the input DSA
TRACE::2026-01-15.14:21:15::SCWMssOS::Checking the sw design at  U:/hlocal/design_1_wrapper_1/microblaze_0/standalone_microblaze_0/bsp/system.mss
TRACE::2026-01-15.14:21:15::SCWMssOS::DEBUG:  swdes dump  U:/hlocal/design_1_wrapper_1/microblaze_0/standalone_microblaze_0/bsp/system.mss|system||

TRACE::2026-01-15.14:21:15::SCWMssOS::Sw design exists and opened at  U:/hlocal/design_1_wrapper_1/microblaze_0/standalone_microblaze_0/bsp/system.mss
TRACE::2026-01-15.14:21:15::SCWMssOS::Completed writing the mss file at U:/hlocal/design_1_wrapper_1/microblaze_0/standalone_microblaze_0/bsp
TRACE::2026-01-15.14:21:15::SCWMssOS::Mss edits present, copying mssfile into export location U:/hlocal/design_1_wrapper_1/microblaze_0/standalone_microblaze_0/bsp/system.mss
TRACE::2026-01-15.14:21:15::SCWMssOS::bsp generated is upto date with the mss file. Skipping bsp generation.
TRACE::2026-01-15.14:21:15::SCWMssOS::BSP is already built. skipping the bsp build ... 
TRACE::2026-01-15.14:21:15::SCWDomain::Building the domain as part of full build :  standalone_microblaze_0
TRACE::2026-01-15.14:21:15::SCWMssOS::doing bsp build ... 
TRACE::2026-01-15.14:21:15::SCWMssOS::System Command Ran  U: & cd  U:/hlocal/design_1_wrapper_1/microblaze_0/standalone_microblaze_0/bsp & make 
TRACE::2026-01-15.14:21:15::SCWMssOS::make --no-print-directory seq_libs

TRACE::2026-01-15.14:21:15::SCWMssOS::'Finished building libraries sequentially.'

TRACE::2026-01-15.14:21:15::SCWMssOS::make -j 26 --no-print-directory par_libs

TRACE::2026-01-15.14:21:15::SCWMssOS::"Running Make include in microblaze_0/libsrc/bram_v4_8/src"

TRACE::2026-01-15.14:21:15::SCWMssOS::make -C microblaze_0/libsrc/bram_v4_8/src -s include  "SHELL=CMD" "COMPILER=mb-gcc" "ASSEMBLER=mb-as" "ARCHIVER=mb-ar" "COMPILE
TRACE::2026-01-15.14:21:15::SCWMssOS::R_FLAGS=  -O2 -c -mcpu=v11.0 -mlittle-endian -mxl-soft-mul" "EXTRA_COMPILER_FLAGS=-g -ffunction-sections -fdata-sections -Wall 
TRACE::2026-01-15.14:21:15::SCWMssOS::-Wextra -fno-tree-loop-distribute-patterns"

TRACE::2026-01-15.14:21:15::SCWMssOS::"Running Make include in microblaze_0/libsrc/cpu_v2_17/src"

TRACE::2026-01-15.14:21:15::SCWMssOS::make -C microblaze_0/libsrc/cpu_v2_17/src -s include  "SHELL=CMD" "COMPILER=mb-gcc" "ASSEMBLER=mb-as" "ARCHIVER=mb-ar" "COMPILE
TRACE::2026-01-15.14:21:15::SCWMssOS::R_FLAGS=  -O2 -c -mcpu=v11.0 -mlittle-endian -mxl-soft-mul" "EXTRA_COMPILER_FLAGS=-g -ffunction-sections -fdata-sections -Wall 
TRACE::2026-01-15.14:21:15::SCWMssOS::-Wextra -fno-tree-loop-distribute-patterns"

TRACE::2026-01-15.14:21:15::SCWMssOS::"Running Make include in microblaze_0/libsrc/standalone_v8_1/src"

TRACE::2026-01-15.14:21:15::SCWMssOS::make -C microblaze_0/libsrc/standalone_v8_1/src -s include  "SHELL=CMD" "COMPILER=mb-gcc" "ASSEMBLER=mb-as" "ARCHIVER=mb-ar" "C
TRACE::2026-01-15.14:21:15::SCWMssOS::OMPILER_FLAGS=  -O2 -c -mcpu=v11.0 -mlittle-endian -mxl-soft-mul" "EXTRA_COMPILER_FLAGS=-g -ffunction-sections -fdata-sections 
TRACE::2026-01-15.14:21:15::SCWMssOS::-Wall -Wextra -fno-tree-loop-distribute-patterns"

TRACE::2026-01-15.14:21:15::SCWMssOS::"Running Make include in microblaze_0/libsrc/uartlite_v3_8/src"

TRACE::2026-01-15.14:21:15::SCWMssOS::make -C microblaze_0/libsrc/uartlite_v3_8/src -s include  "SHELL=CMD" "COMPILER=mb-gcc" "ASSEMBLER=mb-as" "ARCHIVER=mb-ar" "COM
TRACE::2026-01-15.14:21:15::SCWMssOS::PILER_FLAGS=  -O2 -c -mcpu=v11.0 -mlittle-endian -mxl-soft-mul" "EXTRA_COMPILER_FLAGS=-g -ffunction-sections -fdata-sections -W
TRACE::2026-01-15.14:21:15::SCWMssOS::all -Wextra -fno-tree-loop-distribute-patterns"

TRACE::2026-01-15.14:21:16::SCWMssOS::"Running Make libs in microblaze_0/libsrc/bram_v4_8/src"

TRACE::2026-01-15.14:21:16::SCWMssOS::make -C microblaze_0/libsrc/bram_v4_8/src -s libs  "SHELL=CMD" "COMPILER=mb-gcc" "ASSEMBLER=mb-as" "ARCHIVER=mb-ar" "COMPILER_F
TRACE::2026-01-15.14:21:16::SCWMssOS::LAGS=  -O2 -c -mcpu=v11.0 -mlittle-endian -mxl-soft-mul" "EXTRA_COMPILER_FLAGS=-g -ffunction-sections -fdata-sections -Wall -We
TRACE::2026-01-15.14:21:16::SCWMssOS::xtra -fno-tree-loop-distribute-patterns"

TRACE::2026-01-15.14:21:16::SCWMssOS::"Running Make libs in microblaze_0/libsrc/cpu_v2_17/src"

TRACE::2026-01-15.14:21:16::SCWMssOS::make -C microblaze_0/libsrc/cpu_v2_17/src -s libs  "SHELL=CMD" "COMPILER=mb-gcc" "ASSEMBLER=mb-as" "ARCHIVER=mb-ar" "COMPILER_F
TRACE::2026-01-15.14:21:16::SCWMssOS::LAGS=  -O2 -c -mcpu=v11.0 -mlittle-endian -mxl-soft-mul" "EXTRA_COMPILER_FLAGS=-g -ffunction-sections -fdata-sections -Wall -We
TRACE::2026-01-15.14:21:16::SCWMssOS::xtra -fno-tree-loop-distribute-patterns"

TRACE::2026-01-15.14:21:16::SCWMssOS::"Running Make libs in microblaze_0/libsrc/standalone_v8_1/src"

TRACE::2026-01-15.14:21:16::SCWMssOS::make -C microblaze_0/libsrc/standalone_v8_1/src -s libs  "SHELL=CMD" "COMPILER=mb-gcc" "ASSEMBLER=mb-as" "ARCHIVER=mb-ar" "COMP
TRACE::2026-01-15.14:21:16::SCWMssOS::ILER_FLAGS=  -O2 -c -mcpu=v11.0 -mlittle-endian -mxl-soft-mul" "EXTRA_COMPILER_FLAGS=-g -ffunction-sections -fdata-sections -Wa
TRACE::2026-01-15.14:21:16::SCWMssOS::ll -Wextra -fno-tree-loop-distribute-patterns"

TRACE::2026-01-15.14:21:16::SCWMssOS::"Running Make libs in microblaze_0/libsrc/uartlite_v3_8/src"

TRACE::2026-01-15.14:21:16::SCWMssOS::make -C microblaze_0/libsrc/uartlite_v3_8/src -s libs  "SHELL=CMD" "COMPILER=mb-gcc" "ASSEMBLER=mb-as" "ARCHIVER=mb-ar" "COMPIL
TRACE::2026-01-15.14:21:16::SCWMssOS::ER_FLAGS=  -O2 -c -mcpu=v11.0 -mlittle-endian -mxl-soft-mul" "EXTRA_COMPILER_FLAGS=-g -ffunction-sections -fdata-sections -Wall
TRACE::2026-01-15.14:21:16::SCWMssOS:: -Wextra -fno-tree-loop-distribute-patterns"

TRACE::2026-01-15.14:21:16::SCWMssOS::"DEBUG NON_LTO_OBJECTS is ../../../lib/microblaze_interrupt_handler.o"

TRACE::2026-01-15.14:21:16::SCWMssOS::'Finished building libraries parallelly.'

TRACE::2026-01-15.14:21:16::SCWMssOS::make --no-print-directory archive

TRACE::2026-01-15.14:21:16::SCWMssOS::mb-ar -r  microblaze_0/lib/libxil.a microblaze_0/lib/_exit.o microblaze_0/lib/errno.o microblaze_0/lib/fcntl.o microblaze_0/lib
TRACE::2026-01-15.14:21:16::SCWMssOS::/hw_exception_handler.o microblaze_0/lib/inbyte.o microblaze_0/lib/microblaze_disable_dcache.o microblaze_0/lib/microblaze_disa
TRACE::2026-01-15.14:21:16::SCWMssOS::ble_exceptions.o microblaze_0/lib/microblaze_disable_icache.o microblaze_0/lib/microblaze_disable_interrupts.o microblaze_0/lib
TRACE::2026-01-15.14:21:16::SCWMssOS::/microblaze_enable_dcache.o microblaze_0/lib/microblaze_enable_exceptions.o microblaze_0/lib/microblaze_enable_icache.o microbl
TRACE::2026-01-15.14:21:16::SCWMssOS::aze_0/lib/microblaze_enable_interrupts.o microblaze_0/lib/microblaze_exception_handler.o microblaze_0/lib/microblaze_flush_cach
TRACE::2026-01-15.14:21:16::SCWMssOS::e_ext.o microblaze_0/lib/microblaze_flush_cache_ext_range.o microblaze_0/lib/microblaze_flush_dcache.o microblaze_0/lib/microbl
TRACE::2026-01-15.14:21:16::SCWMssOS::aze_flush_dcache_range.o microblaze_0/lib/microblaze_init_dcache_range.o microblaze_0/lib/microblaze_init_icache_range.o microb
TRACE::2026-01-15.14:21:16::SCWMssOS::laze_0/lib/microblaze_interrupt_handler.o microblaze_0/lib/microblaze_interrupts_g.o microblaze_0/lib/microblaze_invalidate_cac
TRACE::2026-01-15.14:21:16::SCWMssOS::he_ext.o microblaze_0/lib/microblaze_invalidate_cache_ext_range.o microblaze_0/lib/microblaze_invalidate_dcache.o microblaze_0/
TRACE::2026-01-15.14:21:16::SCWMssOS::lib/microblaze_invalidate_dcache_range.o microblaze_0/lib/microblaze_invalidate_icache.o microblaze_0/lib/microblaze_invalidate
TRACE::2026-01-15.14:21:16::SCWMssOS::_icache_range.o microblaze_0/lib/microblaze_scrub.o microblaze_0/lib/microblaze_selftest.o microblaze_0/lib/microblaze_sleep.o 
TRACE::2026-01-15.14:21:16::SCWMssOS::microblaze_0/lib/microblaze_update_dcache.o microblaze_0/lib/microblaze_update_icache.o microblaze_0/lib/outbyte.o microblaze_0
TRACE::2026-01-15.14:21:16::SCWMssOS::/lib/print.o microblaze_0/lib/pvr.o microblaze_0/lib/xbram.o microblaze_0/lib/xbram_g.o microblaze_0/lib/xbram_intr.o microblaz
TRACE::2026-01-15.14:21:16::SCWMssOS::e_0/lib/xbram_selftest.o microblaze_0/lib/xbram_sinit.o microblaze_0/lib/xil_assert.o microblaze_0/lib/xil_cache.o microblaze_0
TRACE::2026-01-15.14:21:16::SCWMssOS::/lib/xil_clocking.o microblaze_0/lib/xil_exception.o microblaze_0/lib/xil_mem.o microblaze_0/lib/xil_misc_psreset_api.o microbl
TRACE::2026-01-15.14:21:16::SCWMssOS::aze_0/lib/xil_printf.o microblaze_0/lib/xil_sleepcommon.o microblaze_0/lib/xil_testcache.o microblaze_0/lib/xil_testio.o microb
TRACE::2026-01-15.14:21:16::SCWMssOS::laze_0/lib/xil_testmem.o microblaze_0/lib/xil_util.o microblaze_0/lib/xinterrupt_wrap.o microblaze_0/lib/xio.o microblaze_0/lib
TRACE::2026-01-15.14:21:16::SCWMssOS::/xplatform_info.o microblaze_0/lib/xuartlite.o microblaze_0/lib/xuartlite_g.o microblaze_0/lib/xuartlite_intr.o microblaze_0/li
TRACE::2026-01-15.14:21:16::SCWMssOS::b/xuartlite_l.o microblaze_0/lib/xuartlite_selftest.o microblaze_0/lib/xuartlite_sinit.o microblaze_0/lib/xuartlite_stats.o

TRACE::2026-01-15.14:21:16::SCWMssOS::'Finished building libraries'

TRACE::2026-01-15.14:21:16::SCWMssOS::Copying to export directory.
TRACE::2026-01-15.14:21:16::SCWMssOS:: Checking if to create the Supporting Applications
TRACE::2026-01-15.14:21:16::SCWMssOS:: No Linux domain exists, trying to generate FSBL 
LOG::2026-01-15.14:21:16::SCWSystem::Completed Processing the domain standalone_microblaze_0
LOG::2026-01-15.14:21:16::SCWSystem::Completed Processing the sysconfig design_1_wrapper_1
LOG::2026-01-15.14:21:16::SCWPlatform::Completed generating the artifacts for system configuration design_1_wrapper_1
TRACE::2026-01-15.14:21:16::SCWPlatform::Started preparing the platform 
TRACE::2026-01-15.14:21:16::SCWSystem::Writing the bif file for system config design_1_wrapper_1
TRACE::2026-01-15.14:21:16::SCWSystem::dir created 
TRACE::2026-01-15.14:21:16::SCWSystem::Writing the bif 
TRACE::2026-01-15.14:21:16::SCWPlatform::Started writing the spfm file 
TRACE::2026-01-15.14:21:16::SCWPlatform::Started writing the xpfm file 
TRACE::2026-01-15.14:21:16::SCWPlatform::Completed generating the platform
TRACE::2026-01-15.14:21:16::SCWMssOS::Saving the mss changes U:/hlocal/design_1_wrapper_1/microblaze_0/standalone_microblaze_0/bsp/system.mss
TRACE::2026-01-15.14:21:16::SCWMssOS::Found a swdesign opened with the mssfile.
TRACE::2026-01-15.14:21:16::SCWMssOS::Completed writemss as part of save.
TRACE::2026-01-15.14:21:16::SCWMssOS::Commit changes completed.
TRACE::2026-01-15.14:21:16::SCWPlatform::Trying to open the hw design at U:/hlocal/design_1_wrapper_1/hw/design_1_wrapper.xsa
TRACE::2026-01-15.14:21:16::SCWPlatform::DSA given U:/hlocal/design_1_wrapper_1/hw/design_1_wrapper.xsa
TRACE::2026-01-15.14:21:16::SCWPlatform::DSA absoulate path U:/hlocal/design_1_wrapper_1/hw/design_1_wrapper.xsa
TRACE::2026-01-15.14:21:16::SCWPlatform::DSA directory U:/hlocal/design_1_wrapper_1/hw
TRACE::2026-01-15.14:21:16::SCWPlatform:: Platform Path U:/hlocal/design_1_wrapper_1/hw/design_1_wrapper.xsa
TRACE::2026-01-15.14:21:16::SCWPlatform:: Unique name xilinx:basys3::0.0
TRACE::2026-01-15.14:21:16::SCWPlatform::Trying to set the existing hwdb with name design_1_wrapper_0
TRACE::2026-01-15.14:21:16::SCWPlatform::Opened existing hwdb design_1_wrapper_0
TRACE::2026-01-15.14:21:16::SCWPlatform::Found the Hw Db part of the input DSA
TRACE::2026-01-15.14:21:16::SCWMssOS::Checking the sw design at  U:/hlocal/design_1_wrapper_1/microblaze_0/standalone_microblaze_0/bsp/system.mss
TRACE::2026-01-15.14:21:16::SCWMssOS::DEBUG:  swdes dump  U:/hlocal/design_1_wrapper_1/microblaze_0/standalone_microblaze_0/bsp/system.mss|system||

TRACE::2026-01-15.14:21:16::SCWMssOS::Sw design exists and opened at  U:/hlocal/design_1_wrapper_1/microblaze_0/standalone_microblaze_0/bsp/system.mss
TRACE::2026-01-15.14:21:16::SCWPlatform::Trying to open the hw design at U:/hlocal/design_1_wrapper_1/hw/design_1_wrapper.xsa
TRACE::2026-01-15.14:21:16::SCWPlatform::DSA given U:/hlocal/design_1_wrapper_1/hw/design_1_wrapper.xsa
TRACE::2026-01-15.14:21:16::SCWPlatform::DSA absoulate path U:/hlocal/design_1_wrapper_1/hw/design_1_wrapper.xsa
TRACE::2026-01-15.14:21:16::SCWPlatform::DSA directory U:/hlocal/design_1_wrapper_1/hw
TRACE::2026-01-15.14:21:16::SCWPlatform:: Platform Path U:/hlocal/design_1_wrapper_1/hw/design_1_wrapper.xsa
TRACE::2026-01-15.14:21:16::SCWPlatform:: Unique name xilinx:basys3::0.0
TRACE::2026-01-15.14:21:16::SCWPlatform::Trying to set the existing hwdb with name design_1_wrapper_0
TRACE::2026-01-15.14:21:16::SCWPlatform::Opened existing hwdb design_1_wrapper_0
TRACE::2026-01-15.14:21:16::SCWPlatform::Found the Hw Db part of the input DSA
TRACE::2026-01-15.14:21:16::SCWMssOS::Checking the sw design at  U:/hlocal/design_1_wrapper_1/microblaze_0/standalone_microblaze_0/bsp/system.mss
TRACE::2026-01-15.14:21:16::SCWMssOS::DEBUG:  swdes dump  U:/hlocal/design_1_wrapper_1/microblaze_0/standalone_microblaze_0/bsp/system.mss|system||

TRACE::2026-01-15.14:21:16::SCWMssOS::Sw design exists and opened at  U:/hlocal/design_1_wrapper_1/microblaze_0/standalone_microblaze_0/bsp/system.mss
TRACE::2026-01-15.14:21:16::SCWPlatform::Trying to open the hw design at U:/hlocal/design_1_wrapper_1/hw/design_1_wrapper.xsa
TRACE::2026-01-15.14:21:16::SCWPlatform::DSA given U:/hlocal/design_1_wrapper_1/hw/design_1_wrapper.xsa
TRACE::2026-01-15.14:21:16::SCWPlatform::DSA absoulate path U:/hlocal/design_1_wrapper_1/hw/design_1_wrapper.xsa
TRACE::2026-01-15.14:21:16::SCWPlatform::DSA directory U:/hlocal/design_1_wrapper_1/hw
TRACE::2026-01-15.14:21:16::SCWPlatform:: Platform Path U:/hlocal/design_1_wrapper_1/hw/design_1_wrapper.xsa
TRACE::2026-01-15.14:21:16::SCWPlatform:: Unique name xilinx:basys3::0.0
TRACE::2026-01-15.14:21:16::SCWPlatform::Trying to set the existing hwdb with name design_1_wrapper_0
TRACE::2026-01-15.14:21:16::SCWPlatform::Opened existing hwdb design_1_wrapper_0
TRACE::2026-01-15.14:21:16::SCWPlatform::Found the Hw Db part of the input DSA
TRACE::2026-01-15.14:21:16::SCWMssOS::Checking the sw design at  U:/hlocal/design_1_wrapper_1/microblaze_0/standalone_microblaze_0/bsp/system.mss
TRACE::2026-01-15.14:21:16::SCWMssOS::DEBUG:  swdes dump  U:/hlocal/design_1_wrapper_1/microblaze_0/standalone_microblaze_0/bsp/system.mss|system||

TRACE::2026-01-15.14:21:16::SCWMssOS::Sw design exists and opened at  U:/hlocal/design_1_wrapper_1/microblaze_0/standalone_microblaze_0/bsp/system.mss
TRACE::2026-01-15.14:21:16::SCWWriter::formatted JSON is {
	"platformName":	"design_1_wrapper_1",
	"sprVersion":	"2.0",
	"mode":	"gui",
	"dsaType":	"Fixed",
	"platformDesc":	"design_1_wrapper_1",
	"platHandOff":	"U:/hlocal/estaSI/design_1_wrapper.xsa",
	"platIntHandOff":	"<platformDir>/hw/design_1_wrapper.xsa",
	"deviceType":	"FPGA",
	"platIsPrebuiltAutogen":	"false",
	"platIsNoBootBsp":	"false",
	"hasFsblMakeHasChanges":	"false",
	"hasPmufwMakeHasChanges":	"false",
	"platPreBuiltFlag":	false,
	"platformSamplesDir":	"",
	"platActiveSys":	"design_1_wrapper_1",
	"systems":	[{
			"systemName":	"design_1_wrapper_1",
			"systemDesc":	"design_1_wrapper_1",
			"sysIsBootAutoGen":	"true",
			"systemDispName":	"design_1_wrapper_1",
			"sysActiveDom":	"standalone_microblaze_0",
			"sysDefaultDom":	"standalone_microblaze_0",
			"domains":	[{
					"domainName":	"standalone_microblaze_0",
					"domainDispName":	"standalone_microblaze_0",
					"domainDesc":	"standalone_microblaze_0",
					"processors":	"microblaze_0",
					"os":	"standalone",
					"sdxOs":	"standalone",
					"debugEnable":	"False",
					"domRuntimes":	["cpp"],
					"swRepo":	"",
					"mssOsVer":	"8.1",
					"mssFile":	"",
					"md5Digest":	"d078148c9b1a8d2219ab3dc1d6a17638",
					"compatibleApp":	"peripheral_tests",
					"domType":	"mssDomain",
					"arch":	"32-bit",
					"appSettings":	{
						"appCompilerFlags":	"",
						"appLinkerFlags":	""
					},
					"addedLibs":	[],
					"libOptions":	{
						"libsContainingOptions":	[]
					},
					"prebuiltLibs":	{
						"prebuiltIncPath":	[],
						"prebuiltLibPath":	[]
					},
					"isolation":	{
					}
				}]
		}]
}
KEYINFO::2026-01-15.14:21:16::SCWPlatform::updated the xpfm file.
TRACE::2026-01-15.14:21:17::SCWPlatform::Trying to open the hw design at U:/hlocal/design_1_wrapper_1/hw/design_1_wrapper.xsa
TRACE::2026-01-15.14:21:17::SCWPlatform::DSA given U:/hlocal/design_1_wrapper_1/hw/design_1_wrapper.xsa
TRACE::2026-01-15.14:21:17::SCWPlatform::DSA absoulate path U:/hlocal/design_1_wrapper_1/hw/design_1_wrapper.xsa
TRACE::2026-01-15.14:21:17::SCWPlatform::DSA directory U:/hlocal/design_1_wrapper_1/hw
TRACE::2026-01-15.14:21:17::SCWPlatform:: Platform Path U:/hlocal/design_1_wrapper_1/hw/design_1_wrapper.xsa
TRACE::2026-01-15.14:21:17::SCWPlatform:: Unique name xilinx:basys3::0.0
TRACE::2026-01-15.14:21:17::SCWPlatform::Trying to set the existing hwdb with name design_1_wrapper_0
TRACE::2026-01-15.14:21:17::SCWPlatform::Opened existing hwdb design_1_wrapper_0
TRACE::2026-01-15.14:21:17::SCWPlatform::Found the Hw Db part of the input DSA
TRACE::2026-01-15.14:21:17::SCWMssOS::Checking the sw design at  U:/hlocal/design_1_wrapper_1/microblaze_0/standalone_microblaze_0/bsp/system.mss
TRACE::2026-01-15.14:21:17::SCWMssOS::DEBUG:  swdes dump  U:/hlocal/design_1_wrapper_1/microblaze_0/standalone_microblaze_0/bsp/system.mss|system||

TRACE::2026-01-15.14:21:17::SCWMssOS::Sw design exists and opened at  U:/hlocal/design_1_wrapper_1/microblaze_0/standalone_microblaze_0/bsp/system.mss
